console:/ # logcat
[  216.106660][  T282] logd: logdr: UID=0 GID=0 PID=2706 b tail=0 logMask=99 pid=0 start=0ns deadline=0ns
--------- beginning of main
12-12 00:37:52.733   649   649 I WifiHAL : Creating message to get link statistics; iface = 17
12-12 00:37:52.739   649   649 I WifiHAL : In GetLinkStatsCommand::handleResponse
12-12 00:37:52.749   813   991 D InstantWifi: Receive Wifi is connected, freq =  2462 and currentNetworkId : 0, wifiinfo = SSID: <unknown ssid>, BSSID: 02:00:00:00:00:00, MAC: 02:00:00:00:00:00, IP: /192.168.60.105, Security type: 2, Supplicant state: COMPLETED, Wi-Fi standard: 6, RSSI: -54, Link speed: 146Mbps, Tx Link speed: 146Mbps, Max Supported Tx Link speed: 286Mbps, Rx Link speed: 154Mbps, Max Supported Rx Link speed: 286Mbps, Frequency: 2462MHz, Net ID: -1, Metered hint: false, score: 60, isUsable: true, CarrierMerged: false, SubscriptionId: -1, IsPrimary: 1, Trusted: true, Restricted: false, Ephemeral: false, OEM paid: false, OEM private: false, OSU AP: false, FQDN: <none>, Provider friendly name: <none>, Requesting package name: <none><none>MLO Information: , Is TID-To-Link negotiation supported by the AP: false, AP MLD Address: <none>, AP MLO Link Id: <none>, AP MLO Affiliated links: <none>
--------- beginning of kernel
01-01 00:03:36.106   282   282 I logd    : logdr: UID=0 GID=0 PID=2706 b tail=0 logMask=99 pid=0 start=0ns deadline=0ns
--------- beginning of system
12-12 00:37:55.432   813   904 D ActivityManager: freezing 2315 acr.browser.lightning
12-12 00:37:55.433   813   904 D ActivityManager: freezing 2377 com.android.webview:sandboxed_process0:org.chromium.content.app.SandboxedProcessService0:0
12-12 00:37:55.434   813   904 D ActivityManager: freezing 2356 com.android.webview:webview_service
12-12 00:37:55.747   649   649 I WifiHAL : Creating message to get link statistics; iface = 17
12-12 00:37:55.754   649   649 I WifiHAL : In GetLinkStatsCommand::handleResponse
12-12 00:37:55.973  1160  1160 W Choreographer: Frame time is 0.159315 ms in the future!  Check that graphics HAL is generating vsync timestamps using the correct timebase.
12-12 00:37:57.058   813   917 D InputDispatcher: Conflicting pointer actions: Down received while already down or hovering.
12-12 00:37:57.058  1031  1031 D VRI[NavigationBar0]: updatePointerIcon called with position out of bounds
12-12 00:37:57.163  1160  1160 W ElapsedTimeUtils: getElapsedTime: sSuwFinishedTimeStamp is null
12-12 00:37:57.164  1160  1160 W ElapsedTimeUtils: getElapsedTime: sSuwFinishedTimeStamp is null
12-12 00:37:57.166   813  1014 D BluetoothManagerService: enable(com.android.settings):  mBluetooth=null mBinding=false mState=OFF
12-12 00:37:57.166   813  1014 D BluetoothManagerService: enable returning
12-12 00:37:57.166   813   921 D BluetoothManagerService: MESSAGE_ENABLE(0): mBluetooth =null
12-12 00:37:57.166   813   921 D BluetoothManagerService: Persisting Bluetooth Setting: 1
12-12 00:37:57.166   813   921 D BluetoothManagerService: binding Bluetooth service
12-12 00:37:57.167   813   921 D CompatibilityChangeReporter: Compat change id reported: 135634846; UID 1002; state: DISABLED
12-12 00:37:57.170   656   689 D audioserver: logFgsApiBegin: FGS Logger Transaction failed, -129
12-12 00:37:57.171   628  1826 D modules.primary.audio_hal: card0 id:rockchiphdmi0
12-12 00:37:57.171   628  1826 D modules.primary.audio_hal: dump out device info
12-12 00:37:57.171   628  1826 D modules.primary.audio_hal: dev_info HDMI  card=0, device:0
[  218.309102][  T269] servicemanager: VINTF HALs require names in the format type/instance (e.g. some.package.foo.IFoo/default) but got: suspend_control
12-12 00:37:57.171   628  1826 D modules.primary.audio_hal: start_output_stream: i = 0, device = 0x2
[  218.309355][  T269] servicemanager: Could not find android.hardware.bluetooth.IBluetoothHci/default in the VINTF manifest.
12-12 00:37:57.171   628  1826 E alsa_route: route_pcm_card_open() card -1 error!
[  218.312286][  T291] type=1400 audit(1733963877.255:388): avc:  denied  { search } for  comm="HwBinder:638_2" name="bluetooth" dev="dm-40" ino=44 scontext=u:r:hal_bluetooth_default:s0 tcontext=u:object_r:bluetooth_data_file:s0 tclass=dir permissive=0
12-12 00:37:57.171   628  1826 E modules.primary.audio_hal: invalid card num.
[  218.312336][  T291] type=1400 audit(1733963877.255:389): avc:  denied  { read } for  comm="HwBinder:638_2" name="u:object_r:default_prop:s0" dev="tmpfs" ino=143 scontext=u:r:hal_bluetooth_default:s0 tcontext=u:object_r:default_prop:s0 tclass=file permissive=0
12-12 00:37:57.175   628  1826 D modules.primary.audio_hal: card0 id:rockchiphdmi0
[  218.312408][  T291] type=1400 audit(1733963877.255:390): avc:  denied  { read } for  comm="HwBinder:638_2" name="u:object_r:default_prop:s0" dev="tmpfs" ino=143 scontext=u:r:hal_bluetooth_default:s0 tcontext=u:object_r:default_prop:s0 tclass=file permissive=0
12-12 00:37:57.175   628  1826 D modules.primary.audio_hal: dump out device info
[  218.312471][  T660] [BT_RFKILL]: bt shut off power
12-12 00:37:57.175   628  1826 D modules.primary.audio_hal: dev_info HDMI  card=0, device:0
[  218.312489][  T660] ------------[ cut here ]------------
12-12 00:37:57.175   628  1826 D modules.primary.audio_hal: start_output_stream: i = 0, device = 0x2
[  218.312492][  T660] WARNING: CPU: 4 PID: 660 at drivers/gpio/gpiolib.c:2804 gpiod_get_raw_value+0x84/0xc8
12-12 00:37:57.175   628  1826 E alsa_route: route_pcm_card_open() card -1 error!
[  218.312504][  T660] Modules linked in: bcmdhd(OE) rockchip_disable_unused(E) zram(E) chipone_ts(E) tp_elan_5515(E) gslx680_pad(E) otp_eeprom(E) gsl3673_800x1280(E) gsl3673_ts(E) gt1x_ts(E) pcie_dw_rockchip(E) pwrseq_simple(E) cfg80211(E) rfkill_rk(E) nfc mac802154 ieee802154_6lowpan ieee802154_socket ieee802154 nhc_udp nhc_routing nhc_mobility nhc_ipv6 nhc_hop nhc_fragment nhc_dest 6lowpan diag tipc l2tp_ppp l2tp_core hidp rfcomm can_gw can_bcm can_raw can 8021q btsdio hci_uart btqca btbcm bluetooth rfkill ftdi_sio usbserial cdc_acm r8153_ecm aqc111 cdc_ncm cdc_eem cdc_ether ax88179_178a asix r8152 rtl8150 usbnet wwan pptp pppox ppp_mppe ppp_deflate bsd_comp ppp_generic slhc slcan vcan can_dev mii libarc4 zsmalloc kheaders gzvm snd_soc_rockchip_multicodecs(E) snd_soc_rockchip_sai(E) snd_soc_rockchip_i2s_tdm(E) snd_soc_rockchip_trcm(E) snd_soc_es8323(E) snd_soc_bt_sco(E) snd_soc_spdif_tx(E) snd_soc_spdif_rx(E) snd_soc_simple_card(E) snd_soc_simple_card_utils(E)
12-12 00:37:57.175   628  1826 E modules.primary.audio_hal: invalid card num.
[  218.312582][  T660]  snd_soc_rockchip_spdifrx(E) snd_soc_rockchip_spdif(E) snd_soc_rockchip_pdm_v2(E) snd_soc_rockchip_pdm(E) snd_soc_rockchip_i2s(E) snd_soc_rockchip(E) snd_soc_rockchip_hdmi(E) snd_soc_rk817(E) snd_soc_rk_codec_digital(E) snd_soc_hdmi_codec(E) snd_soc_dummy_codec(E) rockchip_headset_core(E) rk_headset_irq_hook_adc(E) rk_headset(E) rk_vcodec(E) rknpu(E) rga3(E) sc7a20(E) mh248(E) icm4260x_gyro(E) icm4260x_acc(E) mxc6655xa(E) mpu6500_gyro(E) mpu6500_acc(E) st_lsm6dsx(E) sgm3784(E) ak8963(E) ak8975(E) mma7660(E) sensor_dev(E) rockchip_hdmirx(E) phy_rockchip_mipi_rx(E) phy_rockchip_csi2_dphy(E) rk628_bt1120(E) rk628_csi(E) video_rk628(E) rockchip_hdmirx_class(E) ov16880(E) s5k3l8xx(E) sc4336(E) ov8865(E) gc05a2(E) ces6301(E) aw8601(E) ov8858(E) gc2385(E) gc2145(E) ov5695(E) ov50c40(E) imx415(E) gc8034(E) dw9763(E) vm149c(E) ov13850(E) ov13855(E) dw9714(E) leds_rgb13h(E) rk_ircut(E) video_rkisp1(E) video_rkisp(E) video_rkcif(E) videobuf2_cma_sg(E)
12-12 00:37:57.176   628  1826 D modules.primary.audio_hal: card0 id:rockchiphdmi0
[  218.312642][  T660]  phy_rockchip_csi2_dphy_hw(E) rockchip_charger_manager(E) bifrost_kbase(E) rk628_misc(E) rockchip(E) rockchip_dmc(E) rockchip_dfi(E) cpufreq_userspace(E) cpufreq_ondemand(E) rockchip_ipa(E) timer_rockchip(E) sg(E) industrialio_buffer_cb(E) sha1_ce(E) ofb(E) aes_ce_ccm(E) rockchip_pm_config(E) rockchip_nocp(E) rockchip_bus(E) rk_crypto(E) cryptodev(E) ledtrig_default_on(E) ledtrig_backlight(E) ledtrig_heartbeat(E) leds_gpio(E) cpufreq_dt(E) rockchip_cpufreq(E) dw_wdt(E) syscon_reboot_mode(E) reboot_mode(E) rtc_rk808(E) rtc_hym8563(E) usb_f_rndis(E) tcpci_husb311(E) fusb302(E) sgm41542_charger(E) cw221x_battery(E) cw2015_battery(E) test_power(E) bq25700_charger(E) rk818_charger(E) rk818_battery(E) rk817_charger(E) rk817_battery(E) rk805_pwrkey(E) adc_keys(E) trancevibrator(E) cdc_wdm(E) usblp(E) ohci_platform(E) ohci_hcd(E) dwc2(E) phy_rockchip_inno_usb3(E) phy_rockchip_inno_usb2(E) dwmac_rockchip(E) stmmac_platform(E) stmmac(E) pcs_xpcs(E) rkvtunnel(E)
12-12 00:37:57.176   628  1826 D modules.primary.audio_hal: dump out device info
[  218.312699][  T660]  phy_rockchip_samsung_hdptx_hdmi(E) dw_hdmi_qp_cec(E) dw_hdmi_cec(E) dw_hdmi_qp_i2s_audio(E) dw_hdmi_i2s_audio(E) dw_hdmi_qp_hdcp(E) dw_hdmi_hdcp(E) display_connector(E) rockchipdrm(E) dw_mipi_dsi(E) dw_hdmi_qp(E) panel_simple(E) rockchip_panel_notifier(E) analogix_dp(E) drm_dma_helper(E) dw_hdmi(E) rockchip_aux_client(E) dw_hdcp2(E) drm_display_helper(E) rockchip_csu(E) ram_vendor_storage(E) rk_vendor_storage(E) rockchip_system_monitor(E) rockchip_opp_select(E) rockchip_pvtm(E) iep(E) pwm_bl(E) pwm_rockchip(E) phy_rockchip_usbdp(E) phy_rockchip_usb(E) phy_rockchip_typec(E) phy_rockchip_snps_pcie3(E) phy_rockchip_samsung_hdptx(E) phy_rockchip_pcie(E) phy_rockchip_naneng_combphy(E) pcierockchiphost(E) phy_rockchip_naneng_edp(E) phy_rockchip_inno_hdmi_phy(E) phy_rockchip_inno_dsidphy(E) phy_rockchip_samsung_dcphy(E) phy_rockchip_emmc(E) phy_rockchip_dp(E) rockchip_thermal(E) optee_rng(E) optee(E) rockchip_saradc(E) industrialio_triggered_buffer(E) kfifo_buf(E)
12-12 00:37:57.176   628  1826 D modules.primary.audio_hal: dev_info HDMI  card=0, device:0
[  218.312746][  T660]  tee(E) dw_mmc_rockchip(E) dw_mmc_pltfm(E) dw_mmc(E) sdhci_of_dwcmshc(E) mmc_hsq(E) sdhci_of_arasan(E) cqhci(E) rk_fiq_debugger(E) fiq_debugger(E) rockchip_debug(E) ufs_rockchip(E) pm_domains(E) pwm_regulator(E) fan53555(E) rk808(E) rk860x_regulator(E) rk808_regulator(E) rk806_regulator(E) rk806_spi(E) rk806_i2c(E) rk806_core(E) spi_rockchip(E) spidev(E) pinctrl_rk806(E) pinctrl_rk805(E) pl330(E) rockchip_rng(E) i2c_mux(E) i2c_hid(E) i2c_gpio(E) i2c_rk3x(E) i2c_dev(E) sw_sync(E) rk_cma_heap(E) rk_system_heap(E) io_domain(E) nvmem_rockchip_otp(E) nvmem_rockchip_efuse(E) gpio_regulator(E) clk_rk3576(E) clk_rk3399(E) clk_px30(E) clk_rk3588(E) clk_rk3568(E) clk_rk3562(E) clk_out(E) clk_rockchip(E) clk_scmi(E) rockchip_dmc_common(E) clk_rk808(E) clk_pwm(E) clk_rockchip_regmap(E) rockchip_sip(E) clk_link(E) grf(E) gpio_pca953x(E) gpio_rockchip(E) pinctrl_rockchip(E) rockchip_cpuinfo(E) rockchip_iommu(E)
12-12 00:37:57.176   628  1826 D modules.primary.audio_hal: start_output_stream: i = 0, device = 0x2
[  218.312807][  T660] CPU: 4 PID: 660 Comm: HwBinder:638_2 Tainted: G        W  OE      6.1.75-android14-11-g8942136b2744-ab11900366 #1
12-12 00:37:57.176   628  1826 E alsa_route: route_pcm_card_open() card -1 error!
[  218.312812][  T660] Hardware name: ROM-6881 AKS0000000000 V14000 A1 (DT)
12-12 00:37:57.176   628  1826 E modules.primary.audio_hal: invalid card num.
[  218.312815][  T660] pstate: 80400005 (Nzcv daif +PAN -UAO -TCO -DIT -SSBS BTYPE=--)
12-12 00:37:57.176   628  1826 D modules.primary.audio_hal: card0 id:rockchiphdmi0
[  218.312820][  T660] pc : gpiod_get_raw_value+0x84/0xc8
12-12 00:37:57.176   628  1826 D modules.primary.audio_hal: dump out device info
[  218.312825][  T660] lr : rfkill_rk_set_power+0xa0/0x38c [rfkill_rk]
12-12 00:37:57.176   628  1826 D modules.primary.audio_hal: dev_info HDMI  card=0, device:0
[  218.312841][  T660] sp : ffffffc00ebebbe0
12-12 00:37:57.176   628  1826 D modules.primary.audio_hal: start_output_stream: i = 0, device = 0x2
[  218.312845][  T660] x29: ffffffc00ebebbe0 x28: ffffff80038c3840 x27: 0000000000000000
12-12 00:37:57.176   628  1826 E alsa_route: route_pcm_card_open() card -1 error!
[  218.312851][  T660] x26: 0000000000000000 x25: 0000000000000000 x24: 0000000000000000
12-12 00:37:57.176   628  1826 E modules.primary.audio_hal: invalid card num.
[  218.312855][  T660] x23: ffffff80a9b8eda0 x22: ffffff800303d040 x21: 0000000000000000
12-12 00:37:57.176   628  1826 D modules.primary.audio_hal: card0 id:rockchiphdmi0
[  218.312860][  T660] x20: 0000000000000000 x19: ffffff81f030a600 x18: ffffffc00daa3078
12-12 00:37:57.176   628  1826 D modules.primary.audio_hal: dump out device info
[  218.312865][  T660] x17: 0000000022b7e063 x16: ffffffffffffffff x15: 0000000000000004
12-12 00:37:57.176   628  1826 D modules.primary.audio_hal: dev_info HDMI  card=0, device:0
[  218.312870][  T660] x14: ffffffc009fa13d8 x13: 000000000000023c x12: 0000000000000003
12-12 00:37:57.176   628  1826 D modules.primary.audio_hal: start_output_stream: i = 0, device = 0x2
[  218.312875][  T660] x11: 00000000fffff23c x10: 0000000000000030 x9 : ffffff81f5628090
12-12 00:37:57.176   628  1826 E alsa_route: route_pcm_card_open() card -1 error!
[  218.312880][  T660] x8 : 0000000000000001 x7 : 205b5d3137343231 x6 : 332e38313220205b
12-12 00:37:57.176   628  1826 E modules.primary.audio_hal: invalid card num.
[  218.312885][  T660] x5 : ffffffc00a16a86f x4 : ffffffc00ebeb86f x3 : 0000000000000000
12-12 00:37:57.176   628  1826 D modules.primary.audio_hal: card0 id:rockchiphdmi0
[  218.312890][  T660] x2 : 0000000000000001 x1 : 0000000000000000 x0 : ffffff81f030a600
12-12 00:37:57.177   628  1826 D modules.primary.audio_hal: dump out device info
[  218.312894][  T660] Call trace:
12-12 00:37:57.177   628  1826 D modules.primary.audio_hal: dev_info HDMI  card=0, device:0
[  218.312897][  T660]  gpiod_get_raw_value+0x84/0xc8
12-12 00:37:57.177   628  1826 D modules.primary.audio_hal: start_output_stream: i = 0, device = 0x2
[  218.312903][  T660]  rfkill_rk_set_power+0xa0/0x38c [rfkill_rk]
12-12 00:37:57.177   628  1826 E alsa_route: route_pcm_card_open() card -1 error!
[  218.312914][  T660]  rfkill_set_block+0xc8/0x188 [rfkill]
12-12 00:37:57.177   628  1826 E modules.primary.audio_hal: invalid card num.
[  218.312928][  T660]  state_store+0xcc/0xdc [rfkill]
12-12 00:37:57.177   628  1826 D modules.primary.audio_hal: card0 id:rockchiphdmi0
[  218.312940][  T660]  dev_attr_store+0x30/0x48
12-12 00:37:57.177   628  1826 D modules.primary.audio_hal: dump out device info
[  218.312947][  T660]  sysfs_kf_write+0x54/0x6c
12-12 00:37:57.177   628  1826 D modules.primary.audio_hal: dev_info HDMI  card=0, device:0
[  218.312953][  T660]  kernfs_fop_write_iter+0x104/0x1a4
12-12 00:37:57.177   628  1826 D modules.primary.audio_hal: start_output_stream: i = 0, device = 0x2
[  218.312957][  T660]  vfs_write+0x1e0/0x2c8
12-12 00:37:57.177   628  1826 E alsa_route: route_pcm_card_open() card -1 error!
[  218.312962][  T660]  ksys_write+0x78/0xe8
12-12 00:37:57.177   628  1826 E modules.primary.audio_hal: invalid card num.
[  218.312966][  T660]  __arm64_sys_write+0x1c/0x2c
12-12 00:37:57.177   628  1826 D modules.primary.audio_hal: card0 id:rockchiphdmi0
[  218.312971][  T660]  invoke_syscall+0x58/0x11c
12-12 00:37:57.177   628  1826 D modules.primary.audio_hal: dump out device info
[  218.312977][  T660]  el0_svc_common+0xb4/0xf4
12-12 00:37:57.177   628  1826 D modules.primary.audio_hal: dev_info HDMI  card=0, device:0
[  218.312982][  T660]  do_el0_svc+0x2c/0xb0
12-12 00:37:57.177   628  1826 D modules.primary.audio_hal: start_output_stream: i = 0, device = 0x2
[  218.312988][  T660]  el0_svc+0x2c/0xa4
12-12 00:37:57.177   628  1826 E alsa_route: route_pcm_card_open() card -1 error!
[  218.312993][  T660]  el0t_64_sync_handler+0x68/0xb4
12-12 00:37:57.177   628  1826 E modules.primary.audio_hal: invalid card num.
[  218.312998][  T660]  el0t_64_sync+0x1a4/0x1a8
12-12 00:37:57.177   628  1826 D modules.primary.audio_hal: card0 id:rockchiphdmi0
[  218.313002][  T660] ---[ end trace 0000000000000000 ]---
12-12 00:37:57.177   628  1826 D modules.primary.audio_hal: dump out device info
[  218.313515][    T1] init: processing action (bootreceiver.enable=1 && dmesgd.start=1 && ro.product.cpu.abilist64=*) from (/system/etc/init/dmesgd.rc:12)
12-12 00:37:57.177   628  1826 D modules.primary.audio_hal: dev_info HDMI  card=0, device:0
[  218.313548][  T291] type=1400 audit(1733963877.259:391): avc:  denied  { read } for  comm="HwBinder:638_2" name="u:object_r:default_prop:s0" dev="tmpfs" ino=143 scontext=u:r:hal_bluetooth_default:s0 tcontext=u:object_r:default_prop:s0 tclass=file permissive=0
12-12 00:37:57.177   628  1826 D modules.primary.audio_hal: start_output_stream: i = 0, device = 0x2
[  218.313553][  T660] ------------[ cut here ]------------
12-12 00:37:57.177   628  1826 E alsa_route: route_pcm_card_open() card -1 error!
[  218.313559][  T660] WARNING: CPU: 4 PID: 660 at drivers/gpio/gpiolib.c:2804 gpiod_get_raw_value+0x84/0xc8
12-12 00:37:57.178   628  1826 E modules.primary.audio_hal: invalid card num.
[  218.313567][  T660] Modules linked in: bcmdhd(OE) rockchip_disable_unused(E) zram(E) chipone_ts(E) tp_elan_5515(E) gslx680_pad(E) otp_eeprom(E) gsl3673_800x1280(E) gsl3673_ts(E) gt1x_ts(E) pcie_dw_rockchip(E) pwrseq_simple(E) cfg80211(E) rfkill_rk(E) nfc mac802154 ieee802154_6lowpan ieee802154_socket ieee802154 nhc_udp nhc_routing nhc_mobility nhc_ipv6 nhc_hop nhc_fragment nhc_dest 6lowpan diag tipc l2tp_ppp l2tp_core hidp rfcomm can_gw can_bcm can_raw can 8021q btsdio hci_uart btqca btbcm bluetooth rfkill ftdi_sio usbserial cdc_acm r8153_ecm aqc111 cdc_ncm cdc_eem cdc_ether ax88179_178a asix r8152 rtl8150 usbnet wwan pptp pppox ppp_mppe ppp_deflate bsd_comp ppp_generic slhc slcan vcan can_dev mii libarc4 zsmalloc kheaders gzvm snd_soc_rockchip_multicodecs(E) snd_soc_rockchip_sai(E) snd_soc_rockchip_i2s_tdm(E) snd_soc_rockchip_trcm(E) snd_soc_es8323(E) snd_soc_bt_sco(E) snd_soc_spdif_tx(E) snd_soc_spdif_rx(E) snd_soc_simple_card(E) snd_soc_simple_card_utils(E)
12-12 00:37:57.178   628  1826 D modules.primary.audio_hal: card0 id:rockchiphdmi0
[  218.313630][  T660]  snd_soc_rockchip_spdifrx(E) snd_soc_rockchip_spdif(E) snd_soc_rockchip_pdm_v2(E) snd_soc_rockchip_pdm(E) snd_soc_rockchip_i2s(E) snd_soc_rockchip(E) snd_soc_rockchip_hdmi(E) snd_soc_rk817(E) snd_soc_rk_codec_digital(E) snd_soc_hdmi_codec(E) snd_soc_dummy_codec(E) rockchip_headset_core(E) rk_headset_irq_hook_adc(E) rk_headset(E) rk_vcodec(E) rknpu(E) rga3(E) sc7a20(E) mh248(E) icm4260x_gyro(E) icm4260x_acc(E) mxc6655xa(E) mpu6500_gyro(E) mpu6500_acc(E) st_lsm6dsx(E) sgm3784(E) ak8963(E) ak8975(E) mma7660(E) sensor_dev(E) rockchip_hdmirx(E) phy_rockchip_mipi_rx(E) phy_rockchip_csi2_dphy(E) rk628_bt1120(E) rk628_csi(E) video_rk628(E) rockchip_hdmirx_class(E) ov16880(E) s5k3l8xx(E) sc4336(E) ov8865(E) gc05a2(E) ces6301(E) aw8601(E) ov8858(E) gc2385(E) gc2145(E) ov5695(E) ov50c40(E) imx415(E) gc8034(E) dw9763(E) vm149c(E) ov13850(E) ov13855(E) dw9714(E) leds_rgb13h(E) rk_ircut(E) video_rkisp1(E) video_rkisp(E) video_rkcif(E) videobuf2_cma_sg(E)
12-12 00:37:57.178   628  1826 D modules.primary.audio_hal: dump out device info
[  218.313682][  T660]  phy_rockchip_csi2_dphy_hw(E) rockchip_charger_manager(E) bifrost_kbase(E) rk628_misc(E) rockchip(E) rockchip_dmc(E) rockchip_dfi(E) cpufreq_userspace(E) cpufreq_ondemand(E) rockchip_ipa(E) timer_rockchip(E) sg(E) industrialio_buffer_cb(E) sha1_ce(E) ofb(E) aes_ce_ccm(E) rockchip_pm_config(E) rockchip_nocp(E) rockchip_bus(E) rk_crypto(E) cryptodev(E) ledtrig_default_on(E) ledtrig_backlight(E) ledtrig_heartbeat(E) leds_gpio(E) cpufreq_dt(E) rockchip_cpufreq(E) dw_wdt(E) syscon_reboot_mode(E) reboot_mode(E) rtc_rk808(E) rtc_hym8563(E) usb_f_rndis(E) tcpci_husb311(E) fusb302(E) sgm41542_charger(E) cw221x_battery(E) cw2015_battery(E)
12-12 00:37:57.178   628  1826 D modules.primary.audio_hal: dev_info HDMI  card=0, device:0
[  218.313714][    T1] init: starting service 'dmesgd'...
12-12 00:37:57.178   628  1826 D modules.primary.audio_hal: start_output_stream: i = 0, device = 0x2
[  218.313714][  T660]  test_power(E) bq25700_charger(E) rk818_charger(E) rk818_battery(E) rk817_charger(E) rk817_battery(E) rk805_pwrkey(E) adc_keys(E) trancevibrator(E) cdc_wdm(E) usblp(E) ohci_platform(E) ohci_hcd(E) dwc2(E) phy_rockchip_inno_usb3(E) phy_rockchip_inno_usb2(E) dwmac_rockchip(E) stmmac_platform(E) stmmac(E) pcs_xpcs(E) rkvtunnel(E) phy_rockchip_samsung_hdptx_hdmi(E) dw_hdmi_qp_cec(E) dw_hdmi_cec(E) dw_hdmi_qp_i2s_audio(E) dw_hdmi_i2s_audio(E) dw_hdmi_qp_hdcp(E) dw_hdmi_hdcp(E) display_connector(E) rockchipdrm(E) dw_mipi_dsi(E) dw_hdmi_qp(E) panel_simple(E) rockchip_panel_notifier(E) analogix_dp(E) drm_dma_helper(E) dw_hdmi(E) rockchip_aux_client(E) dw_hdcp2(E) drm_display_helper(E) rockchip_csu(E) ram_vendor_storage(E) rk_vendor_storage(E) rockchip_system_monitor(E) rockchip_opp_select(E) rockchip_pvtm(E) iep(E) pwm_bl(E) pwm_rockchip(E) phy_rockchip_usbdp(E) phy_rockchip_usb(E) phy_rockchip_typec(E) phy_rockchip_snps_pcie3(E) phy_rockchip_samsung_hdptx(E)
12-12 00:37:57.178   628  1826 E alsa_route: route_pcm_card_open() card -1 error!
[  218.313761][  T660]  phy_rockchip_pcie(E) phy_rockchip_naneng_combphy(E) pcierockchiphost(E) phy_rockchip_naneng_edp(E) phy_rockchip_inno_hdmi_phy(E) phy_rockchip_inno_dsidphy(E) phy_rockchip_samsung_dcphy(E) phy_rockchip_emmc(E) phy_rockchip_dp(E) rockchip_thermal(E) optee_rng(E) optee(E) rockchip_saradc(E) industrialio_triggered_buffer(E) kfifo_buf(E) tee(E) dw_mmc_rockchip(E) dw_mmc_pltfm(E) dw_mmc(E) sdhci_of_dwcmshc(E) mmc_hsq(E) sdhci_of_arasan(E) cqhci(E) rk_fiq_debugger(E) fiq_debugger(E) rockchip_debug(E) ufs_rockchip(E) pm_domains(E) pwm_regulator(E) fan53555(E) rk808(E) rk860x_regulator(E) rk808_regulator(E) rk806_regulator(E) rk806_spi(E) rk806_i2c(E) rk806_core(E) spi_rockchip(E) spidev(E) pinctrl_rk806(E) pinctrl_rk805(E) pl330(E) rockchip_rng(E) i2c_mux(E) i2c_hid(E) i2c_gpio(E) i2c_rk3x(E) i2c_dev(E) sw_sync(E) rk_cma_heap(E) rk_system_heap(E) io_domain(E) nvmem_rockchip_otp(E) nvmem_rockchip_efuse(E) gpio_regulator(E) clk_rk3576(E) clk_rk3399(E) clk_px30(E)
12-12 00:37:57.178   628  1826 E modules.primary.audio_hal: invalid card num.
[  218.313811][  T660]  clk_rk3588(E) clk_rk3568(E) clk_rk3562(E) clk_out(E) clk_rockchip(E) clk_scmi(E) rockchip_dmc_common(E) clk_rk808(E) clk_pwm(E) clk_rockchip_regmap(E) rockchip_sip(E) clk_link(E) grf(E) gpio_pca953x(E) gpio_rockchip(E) pinctrl_rockchip(E) rockchip_cpuinfo(E) rockchip_iommu(E)
12-12 00:37:57.178   628  1826 D modules.primary.audio_hal: card0 id:rockchiphdmi0
[  218.313830][  T660] CPU: 4 PID: 660 Comm: HwBinder:638_2 Tainted: G        W  OE      6.1.75-android14-11-g8942136b2744-ab11900366 #1
12-12 00:37:57.178   628  1826 D modules.primary.audio_hal: dump out device info
[  218.313835][  T660] Hardware name: ROM-6881 AKS0000000000 V14000 A1 (DT)
12-12 00:37:57.178   628  1826 D modules.primary.audio_hal: dev_info HDMI  card=0, device:0
[  218.313838][  T660] pstate: 80400005 (Nzcv daif +PAN -UAO -TCO -DIT -SSBS BTYPE=--)
12-12 00:37:57.178   628  1826 D modules.primary.audio_hal: start_output_stream: i = 0, device = 0x2
[  218.313842][  T660] pc : gpiod_get_raw_value+0x84/0xc8
12-12 00:37:57.178   628  1826 E alsa_route: route_pcm_card_open() card -1 error!
[  218.313847][  T660] lr : rfkill_rk_set_power+0x214/0x38c [rfkill_rk]
12-12 00:37:57.178   628  1826 E modules.primary.audio_hal: invalid card num.
[  218.313860][  T660] sp : ffffffc00ebebbe0
12-12 00:37:57.184   656   780 D AudioFlinger: mixer(0xb400007f2340f940) throttle end: throttle time(21)
[  218.313863][  T660] x29: ffffffc00ebebbe0 x28: ffffff80038c3840 x27: 0000000000000000
12-12 00:37:57.186   622   622 D Zygote  : Forked child process 2709
[  218.313868][  T660] x26: 0000000000000000 x25: 0000000000000000 x24: 0000000000000000
12-12 00:37:57.187   813   852 I ActivityManager: Start proc 2709:com.android.bluetooth/1002 for service {com.android.bluetooth/com.android.bluetooth.btservice.AdapterService}
[  218.313873][  T660] x23: ffffff80a9b8eda0 x22: ffffff800303d040 x21: ffffff800533c640
12-12 00:37:57.187   628  1826 D modules.primary.audio_hal: card0 id:rockchiphdmi0
[  218.313877][  T660] x20: 0000000000000000 x19: ffffff81f030a600 x18: ffffffc00daa3078
12-12 00:37:57.188   628  1826 D modules.primary.audio_hal: dump out device info
[  218.313882][  T660] x17: 00000000851588c7 x16: 00000000851588c7 x15: 0000007b92dc7f1c
12-12 00:37:57.188   628  1826 D modules.primary.audio_hal: dev_info HDMI  card=0, device:0
[  218.313887][  T660] x14: 0000000000000000 x13: 00000001f0000000 x12: 00000000ffffffbf
12-12 00:37:57.188   628  1826 D modules.primary.audio_hal: start_output_stream: i = 0, device = 0x2
[  218.313891][  T660] x11: 0000000000000020 x10: 0000000000000030 x9 : ffffff81f5628090
12-12 00:37:57.188   628  1826 E alsa_route: route_pcm_card_open() card -1 error!
[  218.313897][  T660] x8 : 0000000000000001 x7 : 0000000000000000 x6 : 0000000000001000
12-12 00:37:57.188   628  1826 E modules.primary.audio_hal: invalid card num.
[  218.313901][  T660] x5 : 0000000000000000 x4 : 0000000000001000 x3 : 000000007ffffffe
12-12 00:37:57.188   628  1826 W StreamHAL: Error from HAL stream in function get_presentation_position: Operation not permitted
[  218.313906][  T660] x2 : 0000000000000001 x1 : 0000000000000000 x0 : ffffff81f030a600
12-12 00:37:57.188   628  1826 D modules.primary.audio_hal: card0 id:rockchiphdmi0
[  218.313911][  T660] Call trace:
12-12 00:37:57.188   628  1826 D modules.primary.audio_hal: dump out device info
[  218.313914][  T660]  gpiod_get_raw_value+0x84/0xc8
12-12 00:37:57.188   628  1826 D modules.primary.audio_hal: dev_info HDMI  card=0, device:0
[  218.313920][  T660]  rfkill_rk_set_power+0x214/0x38c [rfkill_rk]
12-12 00:37:57.188   628  1826 D modules.primary.audio_hal: start_output_stream: i = 0, device = 0x2
[  218.313931][  T660]  rfkill_set_block+0xc8/0x188 [rfkill]
12-12 00:37:57.188   628  1826 E alsa_route: route_pcm_card_open() card -1 error!
[  218.313944][  T660]  state_store+0xcc/0xdc [rfkill]
12-12 00:37:57.188   628  1826 E modules.primary.audio_hal: invalid card num.
[  218.313955][  T660]  dev_attr_store+0x30/0x48
12-12 00:37:57.188   628  1826 W StreamHAL: Error from HAL stream in function get_presentation_position: Operation not permitted
[  218.313961][  T660]  sysfs_kf_write+0x54/0x6c
12-12 00:37:57.191  2709  2709 I droid.bluetooth: Using CollectorTypeCMC GC.
[  218.313965][  T660]  kernfs_fop_write_iter+0x104/0x1a4
12-12 00:37:57.194  2709  2709 E droid.bluetooth: Not starting debugger since process cannot load the jdwp agent.
[  218.313969][  T660]  vfs_write+0x1e0/0x2c8
12-12 00:37:57.198   628  1826 D modules.primary.audio_hal: card0 id:rockchiphdmi0
[  218.313973][  T660]  ksys_write+0x78/0xe8
12-12 00:37:57.198   628  1826 D modules.primary.audio_hal: dump out device info
[  218.313978][  T660]  __arm64_sys_write+0x1c/0x2c
12-12 00:37:57.198   628  1826 D modules.primary.audio_hal: dev_info HDMI  card=0, device:0
[  218.313982][  T660]  invoke_syscall+0x58/0x11c
12-12 00:37:57.198   628  1826 D modules.primary.audio_hal: start_output_stream: i = 0, device = 0x2
[  218.313987][  T660]  el0_svc_common+0xb4/0xf4
12-12 00:37:57.198   628  1826 E alsa_route: route_pcm_card_open() card -1 error!
[  218.313992][  T660]  do_el0_svc+0x2c/0xb0
12-12 00:37:57.198   628  1826 E modules.primary.audio_hal: invalid card num.
[  218.313997][  T660]  el0_svc+0x2c/0xa4
12-12 00:37:57.198   628  1826 W StreamHAL: Error from HAL stream in function get_presentation_position: Operation not permitted
[  218.314003][  T660]  el0t_64_sync_handler+0x68/0xb4
12-12 00:37:57.198   628  1826 D modules.primary.audio_hal: card0 id:rockchiphdmi0
[  218.314007][  T660]  el0t_64_sync+0x1a4/0x1a8
12-12 00:37:57.198   628  1826 D modules.primary.audio_hal: dump out device info
[  218.314011][  T660] ---[ end trace 0000000000000000 ]---
12-12 00:37:57.198   628  1826 D modules.primary.audio_hal: dev_info HDMI  card=0, device:0
[  218.315830][    T1] init: ... started service 'dmesgd' has pid 2747
12-12 00:37:57.198   628  1826 D modules.primary.audio_hal: start_output_stream: i = 0, device = 0x2
[  218.316109][    T1] init: processing action (bootreceiver.enable=1 && dmesgd.start=1 && ro.product.cpu.abilist64=*) from (/system/etc/init/dmesgd.rc:12)
12-12 00:37:57.198   628  1826 E alsa_route: route_pcm_card_open() card -1 error!
[  218.316122][    T1] init: service 'dmesgd' requested start, but it is already running (flags: 134)
12-12 00:37:57.198   628  1826 E modules.primary.audio_hal: invalid card num.
[  218.341935][  T660] [BT_RFKILL]: bt turn on power
12-12 00:37:57.198   628  1826 W StreamHAL: Error from HAL stream in function get_presentation_position: Operation not permitted
[  218.416586][    T1] init: Service 'dmesgd' (pid 2747) exited with status 0 oneshot service took 0.101000 seconds in background
12-12 00:37:57.199   813   887 D CompatibilityChangeReporter: Compat change id reported: 168419799; UID 1002; state: DISABLED
[  218.416632][    T1] init: Sending signal 9 to service 'dmesgd' (pid 2747) process group...
12-12 00:37:57.199   813   887 D CompatibilityChangeReporter: Compat change id reported: 273564678; UID 1002; state: DISABLED
[  218.416807][    T1] libprocessgroup: Successfully killed process cgroup uid 1086 pid 2747 in 0ms
12-12 00:37:57.200   813   895 D CompatibilityChangeReporter: Compat change id reported: 265195908; UID 1002; state: ENABLED
12-12 00:37:57.201  2709  2709 D CompatibilityChangeReporter: Compat change id reported: 171979766; UID 1002; state: ENABLED
12-12 00:37:57.201  2709  2709 D CompatibilityChangeReporter: Compat change id reported: 242716250; UID 1002; state: ENABLED
12-12 00:37:57.203  2709  2709 D CompatibilityChangeReporter: Compat change id reported: 3400644; UID 1002; state: ENABLED
12-12 00:37:57.204  2709  2709 D nativeloader: Configuring clns-shared-6 for other apk /apex/com.android.btservices/app/Bluetooth@UQ1A.240205.004.B1/Bluetooth.apk. target_sdk_version=34, uses_libraries=, library_path=/apex/com.android.btservices/app/Bluetooth@UQ1A.240205.004.B1/lib/arm64:/system/lib64:/system_ext/lib64, permitted_path=/data:/mnt/expand:/data/user_de/0/com.android.bluetooth:/apex/com.android.btservices/app/Bluetooth@UQ1A.240205.004.B1:/system/lib64:/system_ext/lib64
12-12 00:37:57.205  2709  2709 D nativeloader: InitApexLibraries:
12-12 00:37:57.205  2709  2709 D nativeloader:   com_android_adservices: libhpke_jni.so:libtflite_support_classifiers_native.so
12-12 00:37:57.205  2709  2709 D nativeloader:   com_android_appsearch: libicing.so
12-12 00:37:57.205  2709  2709 D nativeloader:   com_android_art: libartservice.so
12-12 00:37:57.205  2709  2709 D nativeloader:   com_android_btservices: libbluetooth_jni.so
12-12 00:37:57.205  2709  2709 D nativeloader:   com_android_conscrypt: libjavacrypto.so
12-12 00:37:57.205  2709  2709 D nativeloader:   com_android_extservices: libhpke_jni.so:libtflite_support_classifiers_native.so
12-12 00:37:57.205  2709  2709 D nativeloader:   com_android_os_statsd: libstats_jni.so
12-12 00:37:57.205  2709  2709 D nativeloader:   com_android_tethering: libcronet.114.0.5735.84.so:libframework-connectivity-jni.so:libframework-connectivity-tiramisu-jni.so:libandroid_net_connectivity_com_android_net_module_util_jni.so:libservice-connectivity.so
12-12 00:37:57.205  2709  2709 D nativeloader:   com_android_uwb: libuwb_uci_jni_rust.so
12-12 00:37:57.205  2709  2709 D nativeloader:   com_android_virt: libvirtualizationservice_jni.so:libvirtualmachine_jni.so
12-12 00:37:57.208   628  1826 D modules.primary.audio_hal: card0 id:rockchiphdmi0
12-12 00:37:57.208   628  1826 D modules.primary.audio_hal: dump out device info
12-12 00:37:57.208   628  1826 D modules.primary.audio_hal: dev_info HDMI  card=0, device:0
12-12 00:37:57.208   628  1826 D modules.primary.audio_hal: start_output_stream: i = 0, device = 0x2
12-12 00:37:57.208   628  1826 E alsa_route: route_pcm_card_open() card -1 error!
12-12 00:37:57.208   628  1826 E modules.primary.audio_hal: invalid card num.
12-12 00:37:57.208   628  1826 W StreamHAL: Error from HAL stream in function get_presentation_position: Operation not permitted
12-12 00:37:57.208   628  1826 D modules.primary.audio_hal: card0 id:rockchiphdmi0
12-12 00:37:57.208   628  1826 D modules.primary.audio_hal: dump out device info
12-12 00:37:57.208   628  1826 D modules.primary.audio_hal: dev_info HDMI  card=0, device:0
12-12 00:37:57.208   628  1826 D modules.primary.audio_hal: start_output_stream: i = 0, device = 0x2
12-12 00:37:57.208   628  1826 E alsa_route: route_pcm_card_open() card -1 error!
12-12 00:37:57.208   628  1826 E modules.primary.audio_hal: invalid card num.
12-12 00:37:57.208   628  1826 W StreamHAL: Error from HAL stream in function get_presentation_position: Operation not permitted
12-12 00:37:57.209  2709  2709 V GraphicsEnvironment: Currently set values for:
12-12 00:37:57.209  2709  2709 V GraphicsEnvironment:   angle_gl_driver_selection_pkgs=[]
12-12 00:37:57.210  2709  2709 V GraphicsEnvironment:   angle_gl_driver_selection_values=[]
12-12 00:37:57.210  2709  2709 V GraphicsEnvironment: ANGLE GameManagerService for com.android.bluetooth: false
12-12 00:37:57.210  2709  2709 V GraphicsEnvironment: com.android.bluetooth is not listed in per-application setting
12-12 00:37:57.210  2709  2709 V GraphicsEnvironment: Neither updatable production driver nor prerelease driver is supported.
12-12 00:37:57.218   628  1826 D modules.primary.audio_hal: card0 id:rockchiphdmi0
12-12 00:37:57.218   628  1826 D modules.primary.audio_hal: dump out device info
12-12 00:37:57.218   628  1826 D modules.primary.audio_hal: dev_info HDMI  card=0, device:0
12-12 00:37:57.218   628  1826 D modules.primary.audio_hal: start_output_stream: i = 0, device = 0x2
12-12 00:37:57.218   628  1826 E alsa_route: route_pcm_card_open() card -1 error!
12-12 00:37:57.218   628  1826 E modules.primary.audio_hal: invalid card num.
12-12 00:37:57.218   628  1826 W StreamHAL: Error from HAL stream in function get_presentation_position: Operation not permitted
12-12 00:37:57.218   628  1826 D modules.primary.audio_hal: card0 id:rockchiphdmi0
12-12 00:37:57.218   628  1826 D modules.primary.audio_hal: dump out device info
12-12 00:37:57.218   628  1826 D modules.primary.audio_hal: dev_info HDMI  card=0, device:0
12-12 00:37:57.218   628  1826 D modules.primary.audio_hal: start_output_stream: i = 0, device = 0x2
12-12 00:37:57.218   628  1826 E alsa_route: route_pcm_card_open() card -1 error!
12-12 00:37:57.218   628  1826 E modules.primary.audio_hal: invalid card num.
12-12 00:37:57.218   628  1826 W StreamHAL: Error from HAL stream in function get_presentation_position: Operation not permitted
12-12 00:37:57.223  2709  2709 I bt_stack_config: packages/modules/Bluetooth/system/main/stack_config.cc:199 get_pts_broadcast_audio_config_options: Config isn't ready, use default option
12-12 00:37:57.225  2709  2709 I droid.bluetooth: [1212/003757.224948:INFO:btif_config_cache.cc(67)] BtifConfigCache, capacity: 10000
12-12 00:37:57.228   628  1826 D modules.primary.audio_hal: card0 id:rockchiphdmi0
12-12 00:37:57.228   628  1826 D modules.primary.audio_hal: dump out device info
12-12 00:37:57.228   628  1826 D modules.primary.audio_hal: dev_info HDMI  card=0, device:0
12-12 00:37:57.228   628  1826 D modules.primary.audio_hal: start_output_stream: i = 0, device = 0x2
12-12 00:37:57.228   628  1826 E alsa_route: route_pcm_card_open() card -1 error!
12-12 00:37:57.228   628  1826 E modules.primary.audio_hal: invalid card num.
12-12 00:37:57.228   628  1826 W StreamHAL: Error from HAL stream in function get_presentation_position: Operation not permitted
12-12 00:37:57.228   628  1826 D modules.primary.audio_hal: card0 id:rockchiphdmi0
12-12 00:37:57.228   628  1826 D modules.primary.audio_hal: dump out device info
12-12 00:37:57.228   628  1826 D modules.primary.audio_hal: dev_info HDMI  card=0, device:0
12-12 00:37:57.228   628  1826 D modules.primary.audio_hal: start_output_stream: i = 0, device = 0x2
12-12 00:37:57.228   628  1826 E alsa_route: route_pcm_card_open() card -1 error!
12-12 00:37:57.228   628  1826 E modules.primary.audio_hal: invalid card num.
12-12 00:37:57.228   628  1826 W StreamHAL: Error from HAL stream in function get_presentation_position: Operation not permitted
12-12 00:37:57.231  2709  2709 E ActivityThread: Failed to find provider info for bluetooth_legacy.provider
12-12 00:37:57.231  2709  2709 D DataMigration: Legacy migration skiped: no migration app installed
12-12 00:37:57.233  2709  2709 I BluetoothAvrcpControllerJni: classInitNative: succeeds
12-12 00:37:57.233  2709  2709 D CompatibilityChangeReporter: Compat change id reported: 263076149; UID 1002; state: ENABLED
12-12 00:37:57.234  2709  2709 I BluetoothHidHostServiceJni: classInitNative: succeeds
12-12 00:37:57.235  2709  2709 I BluetoothPanServiceJni: classInitNative(L108): succeeds
12-12 00:37:57.236  2709  2709 I AdapterServiceConfig: init: profile=A2dpService, enabled=true
12-12 00:37:57.236  2709  2709 I AdapterServiceConfig: init: profile=A2dpSinkService, enabled=false
12-12 00:37:57.236  2709  2709 I AdapterServiceConfig: init: profile=AvrcpTargetService, enabled=true
12-12 00:37:57.236  2709  2709 I AdapterServiceConfig: init: profile=AvrcpControllerService, enabled=false
12-12 00:37:57.236  2709  2709 I AdapterServiceConfig: init: profile=BassClientService, enabled=false
12-12 00:37:57.236  2709  2709 I AdapterServiceConfig: init: profile=BatteryService, enabled=true
12-12 00:37:57.236  2709  2709 I AdapterServiceConfig: init: profile=CsipSetCoordinatorService, enabled=false
12-12 00:37:57.236  2709  2709 I AdapterServiceConfig: init: profile=HapClientService, enabled=false
12-12 00:37:57.236  2709  2709 I AdapterServiceConfig: init: profile=HeadsetService, enabled=true
12-12 00:37:57.236  2709  2709 I AdapterServiceConfig: init: profile=HeadsetClientService, enabled=false
12-12 00:37:57.236  2709  2709 I AdapterServiceConfig: init: profile=HearingAidService, enabled=true
12-12 00:37:57.236  2709  2709 I AdapterServiceConfig: init: profile=HidDeviceService, enabled=true
12-12 00:37:57.236  2709  2709 I AdapterServiceConfig: init: profile=HidHostService, enabled=true
12-12 00:37:57.236  2709  2709 I AdapterServiceConfig: init: profile=GattService, enabled=true
12-12 00:37:57.236  2709  2709 I AdapterServiceConfig: init: profile=LeAudioService, enabled=false
12-12 00:37:57.236  2709  2709 I AdapterServiceConfig: init: profile=TbsService, enabled=false
12-12 00:37:57.236  2709  2709 I AdapterServiceConfig: init: profile=BluetoothMapService, enabled=true
12-12 00:37:57.236  2709  2709 I AdapterServiceConfig: init: profile=MapClientService, enabled=false
12-12 00:37:57.236  2709  2709 I AdapterServiceConfig: init: profile=McpService, enabled=false
12-12 00:37:57.236  2709  2709 I AdapterServiceConfig: init: profile=BluetoothOppService, enabled=true
12-12 00:37:57.236  2709  2709 I AdapterServiceConfig: init: profile=PanService, enabled=true
12-12 00:37:57.236  2709  2709 I AdapterServiceConfig: init: profile=BluetoothPbapService, enabled=true
12-12 00:37:57.236  2709  2709 I AdapterServiceConfig: init: profile=PbapClientService, enabled=false
12-12 00:37:57.237  2709  2709 I AdapterServiceConfig: init: profile=SapService, enabled=true
12-12 00:37:57.237  2709  2709 I AdapterServiceConfig: init: profile=VolumeControlService, enabled=false
12-12 00:37:57.238   628  1826 D modules.primary.audio_hal: card0 id:rockchiphdmi0
12-12 00:37:57.238   628  1826 D modules.primary.audio_hal: dump out device info
12-12 00:37:57.238   628  1826 D modules.primary.audio_hal: dev_info HDMI  card=0, device:0
12-12 00:37:57.238   628  1826 D modules.primary.audio_hal: start_output_stream: i = 0, device = 0x2
12-12 00:37:57.238   628  1826 E alsa_route: route_pcm_card_open() card -1 error!
12-12 00:37:57.238   628  1826 E modules.primary.audio_hal: invalid card num.
12-12 00:37:57.238   628  1826 W StreamHAL: Error from HAL stream in function get_presentation_position: Operation not permitted
[  221.510777][  T282] logd: logdr: UID=1002 GID=1002 PID=2752 n tail=500 logMask=8 pid=2709 start=0ns deadline=0ns
12-12 00:37:57.238   628  1826 D modules.primary.audio_hal: card0 id:rockchiphdmi0
[  221.511312][  T282] logd: logdr: UID=1002 GID=1002 PID=2752 n tail=500 logMask=1 pid=2709 start=0ns deadline=0ns
12-12 00:37:57.238   628  1826 D modules.primary.audio_hal: dump out device info
[  221.541922][    T1] init: Untracked pid 2752 exited with status 0
12-12 00:37:57.238   628  1826 D modules.primary.audio_hal: dev_info HDMI  card=0, device:0
[  221.541964][    T1] init: Untracked pid 2752 did not have an associated service entry and will not be reaped
12-12 00:37:57.238   628  1826 D modules.primary.audio_hal: start_output_stream: i = 0, device = 0x2
[  221.547795][    T1] init: Untracked pid 2754 exited with status 0
12-12 00:37:57.238   628  1826 E alsa_route: route_pcm_card_open() card -1 error!
[  221.547843][    T1] init: Untracked pid 2754 did not have an associated service entry and will not be reaped
12-12 00:37:57.238   628  1826 E modules.primary.audio_hal: invalid card num.
12-12 00:37:57.238   628  1826 W StreamHAL: Error from HAL stream in function get_presentation_position: Operation not permitted
12-12 00:37:57.239  2709  2709 I BluetoothMetricsLogger: setCounterMetricsAlarm()
12-12 00:37:57.239   813   887 D AlarmManager: setImplLocked() callingPackage=com.android.bluetooth
12-12 00:37:57.242  2709  2709 D BluetoothAdapterService: onCreate()
12-12 00:37:57.246   813   887 D CompatibilityChangeReporter: Compat change id reported: 161145287; UID 1002; state: ENABLED
12-12 00:37:57.248   628  1826 D modules.primary.audio_hal: card0 id:rockchiphdmi0
12-12 00:37:57.248   628  1826 D modules.primary.audio_hal: dump out device info
12-12 00:37:57.248   628  1826 D modules.primary.audio_hal: dev_info HDMI  card=0, device:0
12-12 00:37:57.248   628  1826 D modules.primary.audio_hal: start_output_stream: i = 0, device = 0x2
12-12 00:37:57.248   628  1826 E alsa_route: route_pcm_card_open() card -1 error!
12-12 00:37:57.248   628  1826 E modules.primary.audio_hal: invalid card num.
12-12 00:37:57.248   628  1826 W StreamHAL: Error from HAL stream in function get_presentation_position: Operation not permitted
12-12 00:37:57.248   628  1826 D modules.primary.audio_hal: card0 id:rockchiphdmi0
12-12 00:37:57.248   628  1826 D modules.primary.audio_hal: dump out device info
12-12 00:37:57.248   628  1826 D modules.primary.audio_hal: dev_info HDMI  card=0, device:0
12-12 00:37:57.248   628  1826 D modules.primary.audio_hal: start_output_stream: i = 0, device = 0x2
12-12 00:37:57.248   628  1826 E alsa_route: route_pcm_card_open() card -1 error!
12-12 00:37:57.248   628  1826 E modules.primary.audio_hal: invalid card num.
12-12 00:37:57.248   628  1826 W StreamHAL: Error from HAL stream in function get_presentation_position: Operation not permitted
12-12 00:37:57.248  2709  2709 D AdapterState: make() - Creating AdapterState
12-12 00:37:57.249  2709  2731 I AdapterState: OFF : entered
12-12 00:37:57.249  2709  2731 D AdapterProperties: Setting state to OFF
12-12 00:37:57.250  2709  2709 D BluetoothKeystoreService: new BluetoothKeystoreService isCommonCriteriaMode: false
12-12 00:37:57.250  2709  2709 D BluetoothKeystoreService: start
12-12 00:37:57.250  2709  2709 I droid.bluetooth: [1212/003757.250539:INFO:com_android_bluetooth_btservice_BluetoothKeystore.cpp(97)] classInitNative: succeeds
12-12 00:37:57.250  2709  2709 D BluetoothKeystoreService: setBluetoothKeystoreService(): set to: com.android.bluetooth.btservice.bluetoothkeystore.BluetoothKeystoreService@67f53e3
12-12 00:37:57.251  2709  2709 D BluetoothKeystoreService: loadConfigData
12-12 00:37:57.252  2709  2709 D BluetoothKeystoreService: getCompareResult: 0
12-12 00:37:57.253  2709  2709 D CompatibilityChangeReporter: Compat change id reported: 183155436; UID 1002; state: ENABLED
12-12 00:37:57.253  2709  2709 I bt_btif : packages/modules/Bluetooth/system/btif/src/bluetooth.cc:386 init: init: start restricted = 0 ; common criteria mode = 0, config compare result = 0
12-12 00:37:57.253  2709  2709 I bt      : bt_common::init_flags: Flags loaded: asha_packet_drop_frequency_threshold=60asha_phy_update_retry_limit=5always_send_services_if_gatt_disc_done=truealways_use_private_gatt_for_debugging=falseasynchronously_start_l2cap_coc=truebtaa_hci=truebta_dm_clear_conn_id_on_client_close=truebtm_dm_flush_discovery_queue_on_search_cancel=falseclassic_discovery_only=falseclear_hidd_interrupt_cid_on_disconnect=truedelay_hidh_cleanup_until_hidh_ready_start=truedevice_iot_config_logging=falsedynamic_avrcp_version_enhancement=truefinite_att_timeout=truegatt_robust_caching_client=truegatt_robust_caching_server=falsegd_core=falsegd_hal_snoop_logger_socket=truegd_hal_snoop_logger_filtering=truegd_l2cap=falsegd_link_policy=falsegd_remote_name_request=falsegd_rust=falsehci_adapter=0hfp_dynamic_version=trueirk_rotation=falseleaudio_targeted_announcement_reconnection_mode=truepass_phy_update_callback=truepbap_pse_dynamic_version_upgrade=falseperiodic_advertising_adi=trueprivate_gatt=truequeue_l2cap_coc_while_encrypting=trueread_encryption_key_size=trueredact_log=truerust_event_loop=truesco_codec_select_lc3=falsesco_codec_timeout_clear=falsesdp_serialization=truesdp_skip_rnr_if_known=truebluetooth_quality_report_callback=trueset_min_encryption=truesubrating=truetrigger_advertising_callbacks_on_first_resume_after_pause=trueuse_unified_connection_manager=falsesdp_return_classic_services_when_le_discovery_fails=truedefault_log_level=4logging_explicit_tag_settings={}
12-12 00:37:57.253  2709  2709 I bt_osi_allocation_tracker: packages/modules/Bluetooth/system/osi/src/allocation_tracker.cc:60 allocation_tracker_init: canary initialized
12-12 00:37:57.253  2709  2736 I droid.bluetooth: [1212/003757.253865:INFO:message_loop_thread.cc(184)] Run: message loop starting for thread bt_stack_manager_thread
12-12 00:37:57.253  2709  2736 I bt_stack_manager: packages/modules/Bluetooth/system/btif/src/stack_manager.cc:277 event_init_stack: is initializing the stack
12-12 00:37:57.254  2709  2737 I droid.bluetooth: [1212/003757.254202:INFO:message_loop_thread.cc(184)] Run: message loop starting for thread bt_main_thread
12-12 00:37:57.254  2709  2736 I device_iot_config: packages/modules/Bluetooth/system/device/src/device_iot_config_int.cc:68 device_iot_config_module_init:
12-12 00:37:57.254  2709  2736 E droid.bluetooth: [1212/003757.254360:ERROR:config.cc(106)] config_new: unable to open file '/data/misc/bluedroid/bt_remote_dev_info.conf': No such file or directory
12-12 00:37:57.254  2709  2736 W device_iot_config: packages/modules/Bluetooth/system/device/src/device_iot_config_int.cc:83 device_iot_config_module_init: Unable to load config file: /data/misc/bluedroid/bt_remote_dev_info.conf; using backup.
12-12 00:37:57.254  2709  2736 E droid.bluetooth: [1212/003757.254403:ERROR:config.cc(106)] config_new: unable to open file '/data/misc/bluedroid/bt_remote_dev_info.bak': No such file or directory
12-12 00:37:57.254  2709  2736 E device_iot_config: packages/modules/Bluetooth/system/device/src/device_iot_config_int.cc:89 device_iot_config_module_init: Unable to load bak file; creating empty config.
12-12 00:37:57.254  2709  2736 I device_iot_config: packages/modules/Bluetooth/system/device/src/device_iot_config_int.cc:130 device_iot_config_module_init: Devices loaded 0
12-12 00:37:57.254  2709  2736 E bt_osi_alarm: packages/modules/Bluetooth/system/osi/src/alarm.cc:683 timer_create_internal: timer_create_internal unable to create timer with clock 9: Operation not supported on transport endpoint
12-12 00:37:57.254  2709  2736 E bt_osi_alarm: packages/modules/Bluetooth/system/osi/src/alarm.cc:688 timer_create_internal: The kernel might not have support for timer_create(CLOCK_BOOTTIME_ALARM): https://lwn.net/Articles/429925/
12-12 00:37:57.254  2709  2736 E bt_osi_alarm: packages/modules/Bluetooth/system/osi/src/alarm.cc:692 timer_create_internal: See following patches: https://git.kernel.org/cgit/linux/kernel/git/torvalds/linux.git/log/?qt=grep&q=CLOCK_BOOTTIME_ALARM
12-12 00:37:57.255  2709  2741 I bt_osi_thread: packages/modules/Bluetooth/system/osi/src/thread.cc:210 run_thread: run_thread: thread id 2741, thread name alarm_default_ca started
12-12 00:37:57.255  2709  2742 I bt_osi_thread: packages/modules/Bluetooth/system/osi/src/thread.cc:210 run_thread: run_thread: thread id 2742, thread name alarm_dispatcher started
12-12 00:37:57.255  2709  2736 I bt_core_module: packages/modules/Bluetooth/system/btcore/src/module.cc:86 module_start_up: module_start_up Starting module "gd_shim_module"
12-12 00:37:57.255  2709  2736 I bt_gd_shim: packages/modules/Bluetooth/system/main/shim/stack.cc:81 StartEverything: StartEverything Starting Gd stack
12-12 00:37:57.255  2709  2736 I bt_gd_shim: packages/modules/Bluetooth/system/main/shim/stack.cc:160 Start: Start Starting Gd stack
12-12 00:37:57.255  2709  2736 I BtGdWakelockNative: packages/modules/Bluetooth/system/gd/os/android/wakelock_native.cc:79 Initialize: Initializing native wake locks
12-12 00:37:57.255  2709  2744 I BtGdModule: packages/modules/Bluetooth/system/gd/module.cc:85 Start: Constructing next module
12-12 00:37:57.256  2709  2744 I BtGdModule: packages/modules/Bluetooth/system/gd/module.cc:89 Start: Starting dependencies of BluetoothCounterMetrics
12-12 00:37:57.256  2709  2744 I BtGdModule: packages/modules/Bluetooth/system/gd/module.cc:93 Start: Finished starting dependencies and calling Start() of BluetoothCounterMetrics
12-12 00:37:57.256  2709  2744 I BluetoothCounterMetrics: packages/modules/Bluetooth/system/gd/metrics/counter_metrics.cc:40 Start: Counter metrics initialized
12-12 00:37:57.256  2709  2744 I BtGdModule: packages/modules/Bluetooth/system/gd/module.cc:99 Start: Started BluetoothCounterMetrics
