12-12 00:37:57.256  2709  2744 I BtGdModule: packages/modules/Bluetooth/system/gd/module.cc:85 Start: Constructing next module
12-12 00:37:57.256  2709  2744 I BtGdModule: packages/modules/Bluetooth/system/gd/module.cc:89 Start: Starting dependencies of HciHalHidl
12-12 00:37:57.256  2709  2744 I BtGdModule: packages/modules/Bluetooth/system/gd/module.cc:85 Start: Constructing next module
12-12 00:37:57.256  2709  2744 I bluetooth: packages/modules/Bluetooth/system/gd/hal/snoop_logger.cc:1432 GetBtSnoopMode: btsnoop_mode_empty: 1
12-12 00:37:57.256  2709  2744 I bluetooth: packages/modules/Bluetooth/system/gd/hal/snoop_logger.cc:505 SnoopLogger: Snoop Logs filtered mode enabled
12-12 00:37:57.256  2709  2744 I bluetooth: packages/modules/Bluetooth/system/gd/hal/snoop_logger.cc:588 EnableFilters: persist.bluetooth.snooplogfilter.profiles.rfcomm.enabled: 0
12-12 00:37:57.256  2709  2744 I bluetooth: packages/modules/Bluetooth/system/gd/hal/snoop_logger.cc:588 EnableFilters: persist.bluetooth.snooplogfilter.profiles.a2dp.enabled: 0
12-12 00:37:57.256  2709  2744 I bluetooth: packages/modules/Bluetooth/system/gd/hal/snoop_logger.cc:588 EnableFilters: persist.bluetooth.snooplogfilter.headers.enabled: 0
12-12 00:37:57.256  2709  2744 I bluetooth: packages/modules/Bluetooth/system/gd/hal/snoop_logger.cc:597 EnableFilters: persist.bluetooth.snooplogfilter.profiles.map: disabled
12-12 00:37:57.256  2709  2744 I bluetooth: packages/modules/Bluetooth/system/gd/hal/snoop_logger.cc:597 EnableFilters: persist.bluetooth.snooplogfilter.profiles.pbap: disabled
12-12 00:37:57.256  2709  2744 I bluetooth: packages/modules/Bluetooth/system/gd/hal/snoop_logger.cc:334 delete_btsnoop_files: Deleting logs if they exist
12-12 00:37:57.256  2709  2744 I bluetooth: packages/modules/Bluetooth/system/gd/hal/snoop_logger.cc:340 delete_btsnoop_files: Main log file does not exist at "/data/misc/bluetooth/logs/btsnoop_hci.log"
12-12 00:37:57.256  2709  2744 I bluetooth: packages/modules/Bluetooth/system/gd/hal/snoop_logger.cc:348 delete_btsnoop_files: Last log file does not exist at "/data/misc/bluetooth/logs/btsnoop_hci.log"
12-12 00:37:57.256  2709  2744 I bluetooth: packages/modules/Bluetooth/system/gd/hal/snoop_logger.cc:334 delete_btsnoop_files: Deleting logs if they exist
12-12 00:37:57.256  2709  2744 I bluetooth: packages/modules/Bluetooth/system/gd/hal/snoop_logger.cc:340 delete_btsnoop_files: Main log file does not exist at "/data/misc/bluetooth/logs/btsnooz_hci.log"
12-12 00:37:57.256  2709  2744 I bluetooth: packages/modules/Bluetooth/system/gd/hal/snoop_logger.cc:348 delete_btsnoop_files: Last log file does not exist at "/data/misc/bluetooth/logs/btsnooz_hci.log"
12-12 00:37:57.256  2709  2744 I BtGdModule: packages/modules/Bluetooth/system/gd/module.cc:89 Start: Starting dependencies of SnoopLogger
12-12 00:37:57.256  2709  2744 I BtGdModule: packages/modules/Bluetooth/system/gd/module.cc:93 Start: Finished starting dependencies and calling Start() of SnoopLogger
12-12 00:37:57.257  2709  2744 I bluetooth: packages/modules/Bluetooth/system/gd/hal/snoop_logger.cc:588 EnableFilters: persist.bluetooth.snooplogfilter.profiles.rfcomm.enabled: 0
[  222.655106][  T269] servicemanager: VINTF HALs require names in the format type/instance (e.g. some.package.foo.IFoo/default) but got: suspend_control
12-12 00:37:57.257  2709  2744 I bluetooth: packages/modules/Bluetooth/system/gd/hal/snoop_logger.cc:588 EnableFilters: persist.bluetooth.snooplogfilter.profiles.a2dp.enabled: 0
[  222.655410][  T269] servicemanager: Could not find android.hardware.bluetooth.IBluetoothHci/default in the VINTF manifest.
12-12 00:37:57.257  2709  2744 I bluetooth: packages/modules/Bluetooth/system/gd/hal/snoop_logger.cc:588 EnableFilters: persist.bluetooth.snooplogfilter.headers.enabled: 0
12-12 00:37:57.257  2709  2744 I bluetooth: packages/modules/Bluetooth/system/gd/hal/snoop_logger.cc:597 EnableFilters: persist.bluetooth.snooplogfilter.profiles.map: disabled
12-12 00:37:57.257  2709  2744 I bluetooth: packages/modules/Bluetooth/system/gd/hal/snoop_logger.cc:597 EnableFilters: persist.bluetooth.snooplogfilter.profiles.pbap: disabled
12-12 00:37:57.257  2709  2744 I bluetooth: packages/modules/Bluetooth/system/gd/hal/snoop_logger_socket.cc:63 SnoopLoggerSocket: address 2130706433 port 8872
12-12 00:37:57.257  2709  2744 I BtGdModule: packages/modules/Bluetooth/system/gd/module.cc:99 Start: Started SnoopLogger
12-12 00:37:57.257  2709  2744 I BtGdModule: packages/modules/Bluetooth/system/gd/module.cc:85 Start: Constructing next module
12-12 00:37:57.257  2709  2744 I BtGdModule: packages/modules/Bluetooth/system/gd/module.cc:89 Start: Starting dependencies of Btaa Module
12-12 00:37:57.257  2709  2744 I BtGdModule: packages/modules/Bluetooth/system/gd/module.cc:93 Start: Finished starting dependencies and calling Start() of Btaa Module
12-12 00:37:57.257  2709  2744 E btaa    : packages/modules/Bluetooth/system/gd/btaa/android/activity_attribution.cc:107 impl: No suspend control service available.
01-01 00:03:38.309   269   269 E servicemanager: VINTF HALs require names in the format type/instance (e.g. some.package.foo.IFoo/default) but got: suspend_control
12-12 00:37:57.257  2709  2744 I BtGdModule: packages/modules/Bluetooth/system/gd/module.cc:99 Start: Started Btaa Module
12-12 00:37:57.257  2709  2744 I BtGdModule: packages/modules/Bluetooth/system/gd/module.cc:93 Start: Finished starting dependencies and calling Start() of HciHalHidl
12-12 00:37:57.258   628  1826 D modules.primary.audio_hal: card0 id:rockchiphdmi0
01-01 00:03:38.309   269   269 I servicemanager: Could not find android.hardware.bluetooth.IBluetoothHci/default in the VINTF manifest.
12-12 00:37:57.258  2709  2744 I bluetooth: packages/modules/Bluetooth/system/gd/hal/hci_hal_android_hidl.cc:439 start_hidl: Trying to find a HIDL interface
12-12 00:37:57.258   628  1826 D modules.primary.audio_hal: dump out device info
12-12 00:37:57.258   628  1826 D modules.primary.audio_hal: dev_info HDMI  card=0, device:0
12-12 00:37:57.258   628  1826 D modules.primary.audio_hal: start_output_stream: i = 0, device = 0x2
12-12 00:37:57.258   628  1826 E alsa_route: route_pcm_card_open() card -1 error!
12-12 00:37:57.258   628  1826 E modules.primary.audio_hal: invalid card num.
12-12 00:37:57.258   628  1826 W StreamHAL: Error from HAL stream in function get_presentation_position: Operation not permitted
12-12 00:37:57.258   628  1826 D modules.primary.audio_hal: card0 id:rockchiphdmi0
12-12 00:37:57.258   628  1826 D modules.primary.audio_hal: dump out device info
12-12 00:37:57.258   628  1826 D modules.primary.audio_hal: dev_info HDMI  card=0, device:0
12-12 00:37:57.258   628  1826 D modules.primary.audio_hal: start_output_stream: i = 0, device = 0x2
12-12 00:37:57.258   628  1826 E alsa_route: route_pcm_card_open() card -1 error!
[  222.973903][  T747] [dhd] [wlan0] wl_run_escan : LEGACY_SCAN sync ID: 9, bssidx: 0
12-12 00:37:57.258   628  1826 E modules.primary.audio_hal: invalid card num.
12-12 00:37:57.258   628  1826 W StreamHAL: Error from HAL stream in function get_presentation_position: Operation not permitted
12-12 00:37:57.259   270   270 I hwservicemanager: getTransport: Cannot find entry android.hardware.bluetooth@1.1::IBluetoothHci/default in either framework or device VINTF manifest.
12-12 00:37:57.260   638   660 I android.hardware.bluetooth@1.0-impl: BluetoothHci::initialize()
12-12 00:37:57.260   638   660 I android.hardware.bluetooth@1.0-impl: Initialize: VendorInterface::Initialize
12-12 00:37:57.260   638   660 I android.hardware.bluetooth@1.0-impl: Open: VendorInterface::Open
12-12 00:37:57.260   638   660 D android.hardware.bluetooth@1.0-impl: Open: libbt-vendor.so
12-12 00:37:57.260   638   660 E android.hardware.bluetooth@1.0-service: vendor storage read error
12-12 00:37:57.260   638   660 D android.hardware.bluetooth@1.0-service: get_local_address: Trying /data/misc/bluetooth/bdaddr
12-12 00:37:57.261   638   660 I bt_vendor: init
12-12 00:37:57.261   638   660 I bt_vnd_conf: Attempt to load conf from /vendor/etc/bluetooth/bt_vendor.conf
12-12 00:37:57.261   638   660 D android.hardware.bluetooth@1.0-impl: Open vendor library loaded
12-12 00:37:57.255   638   638 W HwBinder:638_2: type=1400 audit(0.0:388): avc:  denied  { search } for  name="bluetooth" dev="dm-40" ino=44 scontext=u:r:hal_bluetooth_default:s0 tcontext=u:object_r:bluetooth_data_file:s0 tclass=dir permissive=0
12-12 00:37:57.255   638   638 W HwBinder:638_2: type=1400 audit(0.0:389): avc:  denied  { read } for  name="u:object_r:default_prop:s0" dev="tmpfs" ino=143 scontext=u:r:hal_bluetooth_default:s0 tcontext=u:object_r:default_prop:s0 tclass=file permissive=0
12-12 00:37:57.261   638   660 W libc    : Access denied finding property "ro.rfkilldisabled"
12-12 00:37:57.261   638   660 W libc    : Access denied finding property "ro.rfkilldisabled"
12-12 00:37:57.255   638   638 W HwBinder:638_2: type=1400 audit(0.0:390): avc:  denied  { read } for  name="u:object_r:default_prop:s0" dev="tmpfs" ino=143 scontext=u:r:hal_bluetooth_default:s0 tcontext=u:object_r:default_prop:s0 tclass=file permissive=0
01-01 00:03:38.312   660   660 I [BT_RFKILL]: bt shut off power
01-01 00:03:38.312   660   660 W         : ------------[ cut here ]------------
01-01 00:03:38.312   660   660 W         : WARNING: CPU: 4 PID: 660 at drivers/gpio/gpiolib.c:2804 gpiod_get_raw_value+0x84/0xc8
01-01 00:03:38.312   660   660 W         : Modules linked in: bcmdhd(OE) rockchip_disable_unused(E) zram(E) chipone_ts(E) tp_elan_5515(E) gslx680_pad(E) otp_eeprom(E) gsl3673_800x1280(E) gsl3673_ts(E) gt1x_ts(E) pcie_dw_rockchip(E) pwrseq_simple(E) cfg80211(E) rfkill_rk(E) nfc mac802154 ieee802154_6lowpan ieee802154_socket ieee802154 nhc_udp nhc_routing nhc_mobility nhc_ipv6 nhc_hop nhc_fragment nhc_dest 6lowpan diag tipc l2tp_ppp l2tp_core hidp rfcomm can_gw can_bcm can_raw can 8021q btsdio hci_uart btqca btbcm bluetooth rfkill ftdi_sio usbserial cdc_acm r8153_ecm aqc111 cdc_ncm cdc_eem cdc_ether ax88179_178a asix r8152 rtl8150 usbnet wwan pptp pppox ppp_mppe ppp_deflate bsd_comp ppp_generic slhc slcan vcan can_dev mii libarc4 zsmalloc kheaders gzvm snd_soc_rockchip_multicodecs(E) snd_soc_rockchip_sai(E) snd_soc_rockchip_i2s_tdm(E) snd_soc_rockchip_trcm(E) snd_soc_es8323(E) snd_soc_bt_sco(E) snd_soc_spdif_tx(E) snd_soc_spdif_rx(E) snd_soc_simple_card(E) snd_soc_simple_card_utils(E)
01-01 00:03:38.312   660   660 W         : snd_soc_rockchip_spdifrx(E) snd_soc_rockchip_spdif(E) snd_soc_rockchip_pdm_v2(E) snd_soc_rockchip_pdm(E) snd_soc_rockchip_i2s(E) snd_soc_rockchip(E) snd_soc_rockchip_hdmi(E) snd_soc_rk817(E) snd_soc_rk_codec_digital(E) snd_soc_hdmi_codec(E) snd_soc_dummy_codec(E) rockchip_headset_core(E) rk_headset_irq_hook_adc(E) rk_headset(E) rk_vcodec(E) rknpu(E) rga3(E) sc7a20(E) mh248(E) icm4260x_gyro(E) icm4260x_acc(E) mxc6655xa(E) mpu6500_gyro(E) mpu6500_acc(E) st_lsm6dsx(E) sgm3784(E) ak8963(E) ak8975(E) mma7660(E) sensor_dev(E) rockchip_hdmirx(E) phy_rockchip_mipi_rx(E) phy_rockchip_csi2_dphy(E) rk628_bt1120(E) rk628_csi(E) video_rk628(E) rockchip_hdmirx_class(E) ov16880(E) s5k3l8xx(E) sc4336(E) ov8865(E) gc05a2(E) ces6301(E) aw8601(E) ov8858(E) gc2385(E) gc2145(E) ov5695(E) ov50c40(E) imx415(E) gc8034(E) dw9763(E) vm149c(E) ov13850(E) ov13855(E) dw9714(E) leds_rgb13h(E) rk_ircut(E) video_rkisp1(E) video_rkisp(E) video_rkcif(E) videobuf2_cma_sg(E)
01-01 00:03:38.312   660   660 W         : phy_rockchip_csi2_dphy_hw(E) rockchip_charger_manager(E) bifrost_kbase(E) rk628_misc(E) rockchip(E) rockchip_dmc(E) rockchip_dfi(E) cpufreq_userspace(E) cpufreq_ondemand(E) rockchip_ipa(E) timer_rockchip(E) sg(E) industrialio_buffer_cb(E) sha1_ce(E) ofb(E) aes_ce_ccm(E) rockchip_pm_config(E) rockchip_nocp(E) rockchip_bus(E) rk_crypto(E) cryptodev(E) ledtrig_default_on(E) ledtrig_backlight(E) ledtrig_heartbeat(E) leds_gpio(E) cpufreq_dt(E) rockchip_cpufreq(E) dw_wdt(E) syscon_reboot_mode(E) reboot_mode(E) rtc_rk808(E) rtc_hym8563(E) usb_f_rndis(E) tcpci_husb311(E) fusb302(E) sgm41542_charger(E) cw221x_battery(E) cw2015_battery(E) test_power(E) bq25700_charger(E) rk818_charger(E) rk818_battery(E) rk817_charger(E) rk817_battery(E) rk805_pwrkey(E) adc_keys(E) trancevibrator(E) cdc_wdm(E) usblp(E) ohci_platform(E) ohci_hcd(E) dwc2(E) phy_rockchip_inno_usb3(E) phy_rockchip_inno_usb2(E) dwmac_rockchip(E) stmmac_platform(E) stmmac(E) pcs_xpcs(E) rkvtunnel(E)
01-01 00:03:38.312   660   660 W         : phy_rockchip_samsung_hdptx_hdmi(E) dw_hdmi_qp_cec(E) dw_hdmi_cec(E) dw_hdmi_qp_i2s_audio(E) dw_hdmi_i2s_audio(E) dw_hdmi_qp_hdcp(E) dw_hdmi_hdcp(E) display_connector(E) rockchipdrm(E) dw_mipi_dsi(E) dw_hdmi_qp(E) panel_simple(E) rockchip_panel_notifier(E) analogix_dp(E) drm_dma_helper(E) dw_hdmi(E) rockchip_aux_client(E) dw_hdcp2(E) drm_display_helper(E) rockchip_csu(E) ram_vendor_storage(E) rk_vendor_storage(E) rockchip_system_monitor(E) rockchip_opp_select(E) rockchip_pvtm(E) iep(E) pwm_bl(E) pwm_rockchip(E) phy_rockchip_usbdp(E) phy_rockchip_usb(E) phy_rockchip_typec(E) phy_rockchip_snps_pcie3(E) phy_rockchip_samsung_hdptx(E) phy_rockchip_pcie(E) phy_rockchip_naneng_combphy(E) pcierockchiphost(E) phy_rockchip_naneng_edp(E) phy_rockchip_inno_hdmi_phy(E) phy_rockchip_inno_dsidphy(E) phy_rockchip_samsung_dcphy(E) phy_rockchip_emmc(E) phy_rockchip_dp(E) rockchip_thermal(E) optee_rng(E) optee(E) rockchip_saradc(E) industrialio_triggered_buffer(E) kfifo_buf(E)
01-01 00:03:38.312   660   660 W         : tee(E) dw_mmc_rockchip(E) dw_mmc_pltfm(E) dw_mmc(E) sdhci_of_dwcmshc(E) mmc_hsq(E) sdhci_of_arasan(E) cqhci(E) rk_fiq_debugger(E) fiq_debugger(E) rockchip_debug(E) ufs_rockchip(E) pm_domains(E) pwm_regulator(E) fan53555(E) rk808(E) rk860x_regulator(E) rk808_regulator(E) rk806_regulator(E) rk806_spi(E) rk806_i2c(E) rk806_core(E) spi_rockchip(E) spidev(E) pinctrl_rk806(E) pinctrl_rk805(E) pl330(E) rockchip_rng(E) i2c_mux(E) i2c_hid(E) i2c_gpio(E) i2c_rk3x(E) i2c_dev(E) sw_sync(E) rk_cma_heap(E) rk_system_heap(E) io_domain(E) nvmem_rockchip_otp(E) nvmem_rockchip_efuse(E) gpio_regulator(E) clk_rk3576(E) clk_rk3399(E) clk_px30(E) clk_rk3588(E) clk_rk3568(E) clk_rk3562(E) clk_out(E) clk_rockchip(E) clk_scmi(E) rockchip_dmc_common(E) clk_rk808(E) clk_pwm(E) clk_rockchip_regmap(E) rockchip_sip(E) clk_link(E) grf(E) gpio_pca953x(E) gpio_rockchip(E) pinctrl_rockchip(E) rockchip_cpuinfo(E) rockchip_iommu(E)
01-01 00:03:38.312   660   660 W         : CPU: 4 PID: 660 Comm: HwBinder:638_2 Tainted: G        W  OE      6.1.75-android14-11-g8942136b2744-ab11900366 #1
01-01 00:03:38.312   660   660 W Hardware name: ROM-6881 AKS0000000000 V14000 A1 (DT)
01-01 00:03:38.312   660   660 W pstate  : 80400005 (Nzcv daif +PAN -UAO -TCO -DIT -SSBS BTYPE=--)
01-01 00:03:38.312   660   660 W pc      : gpiod_get_raw_value+0x84/0xc8
01-01 00:03:38.312   660   660 W lr      : rfkill_rk_set_power+0xa0/0x38c [rfkill_rk]
01-01 00:03:38.312   660   660 W sp      : ffffffc00ebebbe0
01-01 00:03:38.312   660   660 W         : x29: ffffffc00ebebbe0 x28: ffffff80038c3840 x27: 0000000000000000
01-01 00:03:38.312   660   660 W         : x26: 0000000000000000 x25: 0000000000000000 x24: 0000000000000000
01-01 00:03:38.312   660   660 W         : x23: ffffff80a9b8eda0 x22: ffffff800303d040 x21: 0000000000000000
01-01 00:03:38.312   660   660 W         : x20: 0000000000000000 x19: ffffff81f030a600 x18: ffffffc00daa3078
01-01 00:03:38.312   660   660 W         : x17: 0000000022b7e063 x16: ffffffffffffffff x15: 0000000000000004
01-01 00:03:38.312   660   660 W         : x14: ffffffc009fa13d8 x13: 000000000000023c x12: 0000000000000003
01-01 00:03:38.312   660   660 W         : x11: 00000000fffff23c x10: 0000000000000030 x9 : ffffff81f5628090
01-01 00:03:38.312   660   660 W         : x8 : 0000000000000001 x7 : 205b5d3137343231 x6 : 332e38313220205b
01-01 00:03:38.312   660   660 W         : x5 : ffffffc00a16a86f x4 : ffffffc00ebeb86f x3 : 0000000000000000
01-01 00:03:38.312   660   660 W         : x2 : 0000000000000001 x1 : 0000000000000000 x0 : ffffff81f030a600
01-01 00:03:38.312   660   660 W Call trace:
01-01 00:03:38.312   660   660 W         : gpiod_get_raw_value+0x84/0xc8
01-01 00:03:38.312   660   660 W         : rfkill_rk_set_power+0xa0/0x38c [rfkill_rk]
01-01 00:03:38.312   660   660 W         : rfkill_set_block+0xc8/0x188 [rfkill]
01-01 00:03:38.312   660   660 W         : state_store+0xcc/0xdc [rfkill]
01-01 00:03:38.312   660   660 W         : dev_attr_store+0x30/0x48
01-01 00:03:38.312   660   660 W         : sysfs_kf_write+0x54/0x6c
01-01 00:03:38.312   660   660 W         : kernfs_fop_write_iter+0x104/0x1a4
12-12 00:37:57.262   638   660 W bt_vendor: NOTE: BT_VND_PWR_ON now forces power-off first
01-01 00:03:38.312   660   660 W         : vfs_write+0x1e0/0x2c8
01-01 00:03:38.312   660   660 W         : ksys_write+0x78/0xe8
01-01 00:03:38.312   660   660 W         : __arm64_sys_write+0x1c/0x2c
01-01 00:03:38.312   660   660 W         : invoke_syscall+0x58/0x11c
01-01 00:03:38.312   660   660 W         : el0_svc_common+0xb4/0xf4
12-12 00:37:57.259   638   638 W HwBinder:638_2: type=1400 audit(0.0:391): avc:  denied  { read } for  name="u:object_r:default_prop:s0" dev="tmpfs" ino=143 scontext=u:r:hal_bluetooth_default:s0 tcontext=u:object_r:default_prop:s0 tclass=file permissive=0
01-01 00:03:38.312   660   660 W         : do_el0_svc+0x2c/0xb0
12-12 00:37:57.262   638   660 W libc    : Access denied finding property "ro.rfkilldisabled"
01-01 00:03:38.312   660   660 W         : el0_svc+0x2c/0xa4
01-01 00:03:38.312   660   660 W         : el0t_64_sync_handler+0x68/0xb4
01-01 00:03:38.312   660   660 W         : el0t_64_sync+0x1a4/0x1a8
01-01 00:03:38.313   660   660 W         : ---[ end trace 0000000000000000 ]---
01-01 00:03:38.313     1     1 I init    : processing action (bootreceiver.enable=1 && dmesgd.start=1 && ro.product.cpu.abilist64=*) from (/system/etc/init/dmesgd.rc:12)
01-01 00:03:38.313   660   660 W         : ------------[ cut here ]------------
01-01 00:03:38.313   660   660 W         : WARNING: CPU: 4 PID: 660 at drivers/gpio/gpiolib.c:2804 gpiod_get_raw_value+0x84/0xc8
01-01 00:03:38.313   660   660 W         : Modules linked in: bcmdhd(OE) rockchip_disable_unused(E) zram(E) chipone_ts(E) tp_elan_5515(E) gslx680_pad(E) otp_eeprom(E) gsl3673_800x1280(E) gsl3673_ts(E) gt1x_ts(E) pcie_dw_rockchip(E) pwrseq_simple(E) cfg80211(E) rfkill_rk(E) nfc mac802154 ieee802154_6lowpan ieee802154_socket ieee802154 nhc_udp nhc_routing nhc_mobility nhc_ipv6 nhc_hop nhc_fragment nhc_dest 6lowpan diag tipc l2tp_ppp l2tp_core hidp rfcomm can_gw can_bcm can_raw can 8021q btsdio hci_uart btqca btbcm bluetooth rfkill ftdi_sio usbserial cdc_acm r8153_ecm aqc111 cdc_ncm cdc_eem cdc_ether ax88179_178a asix r8152 rtl8150 usbnet wwan pptp pppox ppp_mppe ppp_deflate bsd_comp ppp_generic slhc slcan vcan can_dev mii libarc4 zsmalloc kheaders gzvm snd_soc_rockchip_multicodecs(E) snd_soc_rockchip_sai(E) snd_soc_rockchip_i2s_tdm(E) snd_soc_rockchip_trcm(E) snd_soc_es8323(E) snd_soc_bt_sco(E) snd_soc_spdif_tx(E) snd_soc_spdif_rx(E) snd_soc_simple_card(E) snd_soc_simple_card_utils(E)
01-01 00:03:38.313   660   660 W         : snd_soc_rockchip_spdifrx(E) snd_soc_rockchip_spdif(E) snd_soc_rockchip_pdm_v2(E) snd_soc_rockchip_pdm(E) snd_soc_rockchip_i2s(E) snd_soc_rockchip(E) snd_soc_rockchip_hdmi(E) snd_soc_rk817(E) snd_soc_rk_codec_digital(E) snd_soc_hdmi_codec(E) snd_soc_dummy_codec(E) rockchip_headset_core(E) rk_headset_irq_hook_adc(E) rk_headset(E) rk_vcodec(E) rknpu(E) rga3(E) sc7a20(E) mh248(E) icm4260x_gyro(E) icm4260x_acc(E) mxc6655xa(E) mpu6500_gyro(E) mpu6500_acc(E) st_lsm6dsx(E) sgm3784(E) ak8963(E) ak8975(E) mma7660(E) sensor_dev(E) rockchip_hdmirx(E) phy_rockchip_mipi_rx(E) phy_rockchip_csi2_dphy(E) rk628_bt1120(E) rk628_csi(E) video_rk628(E) rockchip_hdmirx_class(E) ov16880(E) s5k3l8xx(E) sc4336(E) ov8865(E) gc05a2(E) ces6301(E) aw8601(E) ov8858(E) gc2385(E) gc2145(E) ov5695(E) ov50c40(E) imx415(E) gc8034(E) dw9763(E) vm149c(E) ov13850(E) ov13855(E) dw9714(E) leds_rgb13h(E) rk_ircut(E) video_rkisp1(E) video_rkisp(E) video_rkcif(E) videobuf2_cma_sg(E)
01-01 00:03:38.313   660   660 W         : phy_rockchip_csi2_dphy_hw(E) rockchip_charger_manager(E) bifrost_kbase(E) rk628_misc(E) rockchip(E) rockchip_dmc(E) rockchip_dfi(E) cpufreq_userspace(E) cpufreq_ondemand(E) rockchip_ipa(E) timer_rockchip(E) sg(E) industrialio_buffer_cb(E) sha1_ce(E) ofb(E) aes_ce_ccm(E) rockchip_pm_config(E) rockchip_nocp(E) rockchip_bus(E) rk_crypto(E) cryptodev(E) ledtrig_default_on(E) ledtrig_backlight(E) ledtrig_heartbeat(E) leds_gpio(E) cpufreq_dt(E) rockchip_cpufreq(E) dw_wdt(E) syscon_reboot_mode(E) reboot_mode(E) rtc_rk808(E) rtc_hym8563(E) usb_f_rndis(E) tcpci_husb311(E) fusb302(E) sgm41542_charger(E) cw221x_battery(E) cw2015_battery(E)
01-01 00:03:38.313     1     1 I init    : starting service 'dmesgd'...
01-01 00:03:38.313   660   660 W         : test_power(E) bq25700_charger(E) rk818_charger(E) rk818_battery(E) rk817_charger(E) rk817_battery(E) rk805_pwrkey(E) adc_keys(E) trancevibrator(E) cdc_wdm(E) usblp(E) ohci_platform(E) ohci_hcd(E) dwc2(E) phy_rockchip_inno_usb3(E) phy_rockchip_inno_usb2(E) dwmac_rockchip(E) stmmac_platform(E) stmmac(E) pcs_xpcs(E) rkvtunnel(E) phy_rockchip_samsung_hdptx_hdmi(E) dw_hdmi_qp_cec(E) dw_hdmi_cec(E) dw_hdmi_qp_i2s_audio(E) dw_hdmi_i2s_audio(E) dw_hdmi_qp_hdcp(E) dw_hdmi_hdcp(E) display_connector(E) rockchipdrm(E) dw_mipi_dsi(E) dw_hdmi_qp(E) panel_simple(E) rockchip_panel_notifier(E) analogix_dp(E) drm_dma_helper(E) dw_hdmi(E) rockchip_aux_client(E) dw_hdcp2(E) drm_display_helper(E) rockchip_csu(E) ram_vendor_storage(E) rk_vendor_storage(E) rockchip_system_monitor(E) rockchip_opp_select(E) rockchip_pvtm(E) iep(E) pwm_bl(E) pwm_rockchip(E) phy_rockchip_usbdp(E) phy_rockchip_usb(E) phy_rockchip_typec(E) phy_rockchip_snps_pcie3(E) phy_rockchip_samsung_hdptx(E)
01-01 00:03:38.313   660   660 W         : phy_rockchip_pcie(E) phy_rockchip_naneng_combphy(E) pcierockchiphost(E) phy_rockchip_naneng_edp(E) phy_rockchip_inno_hdmi_phy(E) phy_rockchip_inno_dsidphy(E) phy_rockchip_samsung_dcphy(E) phy_rockchip_emmc(E) phy_rockchip_dp(E) rockchip_thermal(E) optee_rng(E) optee(E) rockchip_saradc(E) industrialio_triggered_buffer(E) kfifo_buf(E) tee(E) dw_mmc_rockchip(E) dw_mmc_pltfm(E) dw_mmc(E) sdhci_of_dwcmshc(E) mmc_hsq(E) sdhci_of_arasan(E) cqhci(E) rk_fiq_debugger(E) fiq_debugger(E) rockchip_debug(E) ufs_rockchip(E) pm_domains(E) pwm_regulator(E) fan53555(E) rk808(E) rk860x_regulator(E) rk808_regulator(E) rk806_regulator(E) rk806_spi(E) rk806_i2c(E) rk806_core(E) spi_rockchip(E) spidev(E) pinctrl_rk806(E) pinctrl_rk805(E) pl330(E) rockchip_rng(E) i2c_mux(E) i2c_hid(E) i2c_gpio(E) i2c_rk3x(E) i2c_dev(E) sw_sync(E) rk_cma_heap(E) rk_system_heap(E) io_domain(E) nvmem_rockchip_otp(E) nvmem_rockchip_efuse(E) gpio_regulator(E) clk_rk3576(E) clk_rk3399(E) clk_px30(E)
01-01 00:03:38.313   660   660 W         : clk_rk3588(E) clk_rk3568(E) clk_rk3562(E) clk_out(E) clk_rockchip(E) clk_scmi(E) rockchip_dmc_common(E) clk_rk808(E) clk_pwm(E) clk_rockchip_regmap(E) rockchip_sip(E) clk_link(E) grf(E) gpio_pca953x(E) gpio_rockchip(E) pinctrl_rockchip(E) rockchip_cpuinfo(E) rockchip_iommu(E)
01-01 00:03:38.313   660   660 W         : CPU: 4 PID: 660 Comm: HwBinder:638_2 Tainted: G        W  OE      6.1.75-android14-11-g8942136b2744-ab11900366 #1
01-01 00:03:38.313   660   660 W Hardware name: ROM-6881 AKS0000000000 V14000 A1 (DT)
01-01 00:03:38.313   660   660 W pstate  : 80400005 (Nzcv daif +PAN -UAO -TCO -DIT -SSBS BTYPE=--)
01-01 00:03:38.313   660   660 W pc      : gpiod_get_raw_value+0x84/0xc8
01-01 00:03:38.313   660   660 W lr      : rfkill_rk_set_power+0x214/0x38c [rfkill_rk]
01-01 00:03:38.313   660   660 W sp      : ffffffc00ebebbe0
01-01 00:03:38.313   660   660 W         : x29: ffffffc00ebebbe0 x28: ffffff80038c3840 x27: 0000000000000000
01-01 00:03:38.313   660   660 W         : x26: 0000000000000000 x25: 0000000000000000 x24: 0000000000000000
01-01 00:03:38.313   660   660 W         : x23: ffffff80a9b8eda0 x22: ffffff800303d040 x21: ffffff800533c640
01-01 00:03:38.313   660   660 W         : x20: 0000000000000000 x19: ffffff81f030a600 x18: ffffffc00daa3078
01-01 00:03:38.313   660   660 W         : x17: 00000000851588c7 x16: 00000000851588c7 x15: 0000007b92dc7f1c
01-01 00:03:38.313   660   660 W         : x14: 0000000000000000 x13: 00000001f0000000 x12: 00000000ffffffbf
01-01 00:03:38.313   660   660 W         : x11: 0000000000000020 x10: 0000000000000030 x9 : ffffff81f5628090
01-01 00:03:38.313   660   660 W         : x8 : 0000000000000001 x7 : 0000000000000000 x6 : 0000000000001000
01-01 00:03:38.313   660   660 W         : x5 : 0000000000000000 x4 : 0000000000001000 x3 : 000000007ffffffe
01-01 00:03:38.313   660   660 W         : x2 : 0000000000000001 x1 : 0000000000000000 x0 : ffffff81f030a600
01-01 00:03:38.313   660   660 W Call trace:
01-01 00:03:38.313   660   660 W         : gpiod_get_raw_value+0x84/0xc8
01-01 00:03:38.313   660   660 W         : rfkill_rk_set_power+0x214/0x38c [rfkill_rk]
01-01 00:03:38.313   660   660 W         : rfkill_set_block+0xc8/0x188 [rfkill]
01-01 00:03:38.313   660   660 W         : state_store+0xcc/0xdc [rfkill]
01-01 00:03:38.313   660   660 W         : dev_attr_store+0x30/0x48
01-01 00:03:38.313   660   660 W         : sysfs_kf_write+0x54/0x6c
01-01 00:03:38.313   660   660 W         : kernfs_fop_write_iter+0x104/0x1a4
01-01 00:03:38.313   660   660 W         : vfs_write+0x1e0/0x2c8
01-01 00:03:38.313   660   660 W         : ksys_write+0x78/0xe8
01-01 00:03:38.313   660   660 W         : __arm64_sys_write+0x1c/0x2c
01-01 00:03:38.313   660   660 W         : invoke_syscall+0x58/0x11c
01-01 00:03:38.313   660   660 W         : el0_svc_common+0xb4/0xf4
01-01 00:03:38.313   660   660 W         : do_el0_svc+0x2c/0xb0
01-01 00:03:38.313   660   660 W         : el0_svc+0x2c/0xa4
01-01 00:03:38.314   660   660 W         : el0t_64_sync_handler+0x68/0xb4
01-01 00:03:38.314   660   660 W         : el0t_64_sync+0x1a4/0x1a8
01-01 00:03:38.314   660   660 W         : ---[ end trace 0000000000000000 ]---
01-01 00:03:38.315     1     1 I init    : ... started service 'dmesgd' has pid 2747
01-01 00:03:38.316     1     1 I init    : processing action (bootreceiver.enable=1 && dmesgd.start=1 && ro.product.cpu.abilist64=*) from (/system/etc/init/dmesgd.rc:12)
01-01 00:03:38.316     1     1 I init    : service 'dmesgd' requested start, but it is already running (flags: 134)
12-12 00:37:57.268   628  1826 D modules.primary.audio_hal: card0 id:rockchiphdmi0
12-12 00:37:57.268   628  1826 D modules.primary.audio_hal: dump out device info
12-12 00:37:57.268   628  1826 D modules.primary.audio_hal: dev_info HDMI  card=0, device:0
12-12 00:37:57.268   628  1826 D modules.primary.audio_hal: start_output_stream: i = 0, device = 0x2
12-12 00:37:57.268   628  1826 E alsa_route: route_pcm_card_open() card -1 error!
12-12 00:37:57.268   628  1826 E modules.primary.audio_hal: invalid card num.
12-12 00:37:57.268   628  1826 W StreamHAL: Error from HAL stream in function get_presentation_position: Operation not permitted
12-12 00:37:57.268   628  1826 D modules.primary.audio_hal: card0 id:rockchiphdmi0
12-12 00:37:57.268   628  1826 D modules.primary.audio_hal: dump out device info
12-12 00:37:57.268   628  1826 D modules.primary.audio_hal: dev_info HDMI  card=0, device:0
12-12 00:37:57.268   628  1826 D modules.primary.audio_hal: start_output_stream: i = 0, device = 0x2
12-12 00:37:57.268   628  1826 E alsa_route: route_pcm_card_open() card -1 error!
12-12 00:37:57.268   628  1826 E modules.primary.audio_hal: invalid card num.
12-12 00:37:57.268   628  1826 W StreamHAL: Error from HAL stream in function get_presentation_position: Operation not permitted
12-12 00:37:57.271   656   780 D audioserver: logFgsApiEnd: FGS Logger Transaction failed, -129
12-12 00:37:57.272   656   761 I APM::AudioPolicyEngine: getDevicesForStrategyInt no device found for strategy 9
12-12 00:37:57.278   628  1826 D modules.primary.audio_hal: card0 id:rockchiphdmi0
12-12 00:37:57.278   628  1826 D modules.primary.audio_hal: dump out device info
12-12 00:37:57.278   628  1826 D modules.primary.audio_hal: dev_info HDMI  card=0, device:0
12-12 00:37:57.278   628  1826 D modules.primary.audio_hal: start_output_stream: i = 0, device = 0x2
12-12 00:37:57.278   628  1826 E alsa_route: route_pcm_card_open() card -1 error!
12-12 00:37:57.278   628  1826 E modules.primary.audio_hal: invalid card num.
12-12 00:37:57.278   628  1826 W StreamHAL: Error from HAL stream in function get_presentation_position: Operation not permitted
12-12 00:37:57.278   628  1826 D modules.primary.audio_hal: card0 id:rockchiphdmi0
12-12 00:37:57.278   628  1826 D modules.primary.audio_hal: dump out device info
12-12 00:37:57.278   628  1826 D modules.primary.audio_hal: dev_info HDMI  card=0, device:0
12-12 00:37:57.278   628  1826 D modules.primary.audio_hal: start_output_stream: i = 0, device = 0x2
12-12 00:37:57.278   628  1826 E alsa_route: route_pcm_card_open() card -1 error!
12-12 00:37:57.278   628  1826 E modules.primary.audio_hal: invalid card num.
12-12 00:37:57.278   628  1826 W StreamHAL: Error from HAL stream in function get_presentation_position: Operation not permitted
12-12 00:37:57.285  2747  2747 E dmesgd  : Read 1 records from /data/misc/dmesgd/sent_reports.txt
12-12 00:37:57.288   628  1826 D modules.primary.audio_hal: card0 id:rockchiphdmi0
12-12 00:37:57.288   628  1826 D modules.primary.audio_hal: dump out device info
12-12 00:37:57.288   628  1826 D modules.primary.audio_hal: dev_info HDMI  card=0, device:0
12-12 00:37:57.288   628  1826 D modules.primary.audio_hal: start_output_stream: i = 0, device = 0x2
12-12 00:37:57.288   628  1826 E alsa_route: route_pcm_card_open() card -1 error!
12-12 00:37:57.288   628  1826 E modules.primary.audio_hal: invalid card num.
12-12 00:37:57.288   628  1826 W StreamHAL: Error from HAL stream in function get_presentation_position: Operation not permitted
12-12 00:37:57.288   628  1826 D modules.primary.audio_hal: card0 id:rockchiphdmi0
12-12 00:37:57.288   628  1826 D modules.primary.audio_hal: dump out device info
12-12 00:37:57.288   628  1826 D modules.primary.audio_hal: dev_info HDMI  card=0, device:0
12-12 00:37:57.288   628  1826 D modules.primary.audio_hal: start_output_stream: i = 0, device = 0x2
12-12 00:37:57.288   628  1826 E alsa_route: route_pcm_card_open() card -1 error!
12-12 00:37:57.288   628  1826 E modules.primary.audio_hal: invalid card num.
12-12 00:37:57.288   628  1826 W StreamHAL: Error from HAL stream in function get_presentation_position: Operation not permitted
12-12 00:37:57.291   638   660 I bt_userial_vendor: userial vendor open: opening /dev/ttyS9
12-12 00:37:57.291   638   660 I bt_userial_vendor: device fd = 7 open
12-12 00:37:57.291   638   660 I android.hardware.bluetooth@1.0-impl: Open: VendorInterface::Open done!!!
01-01 00:03:38.341   660   660 I [BT_RFKILL]: bt turn on power
12-12 00:37:57.297   628  1826 D modules.primary.audio_hal: card0 id:rockchiphdmi0
12-12 00:37:57.298   628  1826 D modules.primary.audio_hal: dump out device info
12-12 00:37:57.298   628  1826 D modules.primary.audio_hal: dev_info HDMI  card=0, device:0
12-12 00:37:57.298   628  1826 D modules.primary.audio_hal: start_output_stream: i = 0, device = 0x2
12-12 00:37:57.298   628  1826 E alsa_route: route_pcm_card_open() card -1 error!
12-12 00:37:57.298   628  1826 E modules.primary.audio_hal: invalid card num.
12-12 00:37:57.298   628  1826 W StreamHAL: Error from HAL stream in function get_presentation_position: Operation not permitted
12-12 00:37:57.298   628  1826 D modules.primary.audio_hal: card0 id:rockchiphdmi0
12-12 00:37:57.298   628  1826 D modules.primary.audio_hal: dump out device info
12-12 00:37:57.298   628  1826 D modules.primary.audio_hal: dev_info HDMI  card=0, device:0
12-12 00:37:57.298   628  1826 D modules.primary.audio_hal: start_output_stream: i = 0, device = 0x2
12-12 00:37:57.298   628  1826 E alsa_route: route_pcm_card_open() card -1 error!
12-12 00:37:57.298   628  1826 E modules.primary.audio_hal: invalid card num.
12-12 00:37:57.298   628  1826 W StreamHAL: Error from HAL stream in function get_presentation_position: Operation not permitted
12-12 00:37:57.307   628  1826 D modules.primary.audio_hal: card0 id:rockchiphdmi0
12-12 00:37:57.308   628  1826 D modules.primary.audio_hal: dump out device info
12-12 00:37:57.308   628  1826 D modules.primary.audio_hal: dev_info HDMI  card=0, device:0
12-12 00:37:57.308   628  1826 D modules.primary.audio_hal: start_output_stream: i = 0, device = 0x2
12-12 00:37:57.308   628  1826 E alsa_route: route_pcm_card_open() card -1 error!
12-12 00:37:57.308   628  1826 E modules.primary.audio_hal: invalid card num.
12-12 00:37:57.308   628  1826 W StreamHAL: Error from HAL stream in function get_presentation_position: Operation not permitted
12-12 00:37:57.308   628  1826 D modules.primary.audio_hal: card0 id:rockchiphdmi0
12-12 00:37:57.308   628  1826 D modules.primary.audio_hal: dump out device info
12-12 00:37:57.308   628  1826 D modules.primary.audio_hal: dev_info HDMI  card=0, device:0
12-12 00:37:57.308   628  1826 D modules.primary.audio_hal: start_output_stream: i = 0, device = 0x2
12-12 00:37:57.308   628  1826 E alsa_route: route_pcm_card_open() card -1 error!
12-12 00:37:57.308   628  1826 E modules.primary.audio_hal: invalid card num.
12-12 00:37:57.308   628  1826 W StreamHAL: Error from HAL stream in function get_presentation_position: Operation not permitted
12-12 00:37:57.317   628  1826 D modules.primary.audio_hal: card0 id:rockchiphdmi0
12-12 00:37:57.317   628  1826 D modules.primary.audio_hal: dump out device info
12-12 00:37:57.317   628  1826 D modules.primary.audio_hal: dev_info HDMI  card=0, device:0
12-12 00:37:57.317   628  1826 D modules.primary.audio_hal: start_output_stream: i = 0, device = 0x2
12-12 00:37:57.318   628  1826 E alsa_route: route_pcm_card_open() card -1 error!
12-12 00:37:57.318   628  1826 E modules.primary.audio_hal: invalid card num.
12-12 00:37:57.318   628  1826 W StreamHAL: Error from HAL stream in function get_presentation_position: Operation not permitted
12-12 00:37:57.318   628  1826 D modules.primary.audio_hal: card0 id:rockchiphdmi0
12-12 00:37:57.318   628  1826 D modules.primary.audio_hal: dump out device info
12-12 00:37:57.318   628  1826 D modules.primary.audio_hal: dev_info HDMI  card=0, device:0
12-12 00:37:57.318   628  1826 D modules.primary.audio_hal: start_output_stream: i = 0, device = 0x2
12-12 00:37:57.318   628  1826 E alsa_route: route_pcm_card_open() card -1 error!
12-12 00:37:57.318   628  1826 E modules.primary.audio_hal: invalid card num.
12-12 00:37:57.318   628  1826 W StreamHAL: Error from HAL stream in function get_presentation_position: Operation not permitted
12-12 00:37:57.327   628  1826 D modules.primary.audio_hal: card0 id:rockchiphdmi0
12-12 00:37:57.327   628  1826 D modules.primary.audio_hal: dump out device info
12-12 00:37:57.327   628  1826 D modules.primary.audio_hal: dev_info HDMI  card=0, device:0
12-12 00:37:57.327   628  1826 D modules.primary.audio_hal: start_output_stream: i = 0, device = 0x2
12-12 00:37:57.327   628  1826 E alsa_route: route_pcm_card_open() card -1 error!
12-12 00:37:57.327   628  1826 E modules.primary.audio_hal: invalid card num.
12-12 00:37:57.328   628  1826 W StreamHAL: Error from HAL stream in function get_presentation_position: Operation not permitted
12-12 00:37:57.328   628  1826 D modules.primary.audio_hal: card0 id:rockchiphdmi0
12-12 00:37:57.328   628  1826 D modules.primary.audio_hal: dump out device info
12-12 00:37:57.328   628  1826 D modules.primary.audio_hal: dev_info HDMI  card=0, device:0
12-12 00:37:57.328   628  1826 D modules.primary.audio_hal: start_output_stream: i = 0, device = 0x2
12-12 00:37:57.328   628  1826 E alsa_route: route_pcm_card_open() card -1 error!
12-12 00:37:57.328   628  1826 E modules.primary.audio_hal: invalid card num.
12-12 00:37:57.328   628  1826 W StreamHAL: Error from HAL stream in function get_presentation_position: Operation not permitted
12-12 00:37:57.337   628  1826 D modules.primary.audio_hal: card0 id:rockchiphdmi0
12-12 00:37:57.337   628  1826 D modules.primary.audio_hal: dump out device info
12-12 00:37:57.337   628  1826 D modules.primary.audio_hal: dev_info HDMI  card=0, device:0
12-12 00:37:57.337   628  1826 D modules.primary.audio_hal: start_output_stream: i = 0, device = 0x2
12-12 00:37:57.337   628  1826 E alsa_route: route_pcm_card_open() card -1 error!
12-12 00:37:57.337   628  1826 E modules.primary.audio_hal: invalid card num.
12-12 00:37:57.337   628  1826 W StreamHAL: Error from HAL stream in function get_presentation_position: Operation not permitted
12-12 00:37:57.338   628  1826 D modules.primary.audio_hal: card0 id:rockchiphdmi0
12-12 00:37:57.338   628  1826 D modules.primary.audio_hal: dump out device info
12-12 00:37:57.338   628  1826 D modules.primary.audio_hal: dev_info HDMI  card=0, device:0
12-12 00:37:57.338   628  1826 D modules.primary.audio_hal: start_output_stream: i = 0, device = 0x2
12-12 00:37:57.338   628  1826 E alsa_route: route_pcm_card_open() card -1 error!
12-12 00:37:57.338   628  1826 E modules.primary.audio_hal: invalid card num.
12-12 00:37:57.338   628  1826 W StreamHAL: Error from HAL stream in function get_presentation_position: Operation not permitted
12-12 00:37:57.347   628  1826 D modules.primary.audio_hal: card0 id:rockchiphdmi0
12-12 00:37:57.347   628  1826 D modules.primary.audio_hal: dump out device info
12-12 00:37:57.347   628  1826 D modules.primary.audio_hal: dev_info HDMI  card=0, device:0
12-12 00:37:57.347   628  1826 D modules.primary.audio_hal: start_output_stream: i = 0, device = 0x2
12-12 00:37:57.347   628  1826 E alsa_route: route_pcm_card_open() card -1 error!
12-12 00:37:57.347   628  1826 E modules.primary.audio_hal: invalid card num.
12-12 00:37:57.347   628  1826 W StreamHAL: Error from HAL stream in function get_presentation_position: Operation not permitted
12-12 00:37:57.348   628  1826 D modules.primary.audio_hal: card0 id:rockchiphdmi0
12-12 00:37:57.348   628  1826 D modules.primary.audio_hal: dump out device info
12-12 00:37:57.348   628  1826 D modules.primary.audio_hal: dev_info HDMI  card=0, device:0
12-12 00:37:57.348   628  1826 D modules.primary.audio_hal: start_output_stream: i = 0, device = 0x2
12-12 00:37:57.348   628  1826 E alsa_route: route_pcm_card_open() card -1 error!
12-12 00:37:57.348   628  1826 E modules.primary.audio_hal: invalid card num.
12-12 00:37:57.348   628  1826 W StreamHAL: Error from HAL stream in function get_presentation_position: Operation not permitted
12-12 00:37:57.357   628  1826 D modules.primary.audio_hal: card0 id:rockchiphdmi0
12-12 00:37:57.357   628  1826 D modules.primary.audio_hal: dump out device info
12-12 00:37:57.357   628  1826 D modules.primary.audio_hal: dev_info HDMI  card=0, device:0
12-12 00:37:57.357   628  1826 D modules.primary.audio_hal: start_output_stream: i = 0, device = 0x2
12-12 00:37:57.357   628  1826 E alsa_route: route_pcm_card_open() card -1 error!
12-12 00:37:57.357   628  1826 E modules.primary.audio_hal: invalid card num.
12-12 00:37:57.357   628  1826 W StreamHAL: Error from HAL stream in function get_presentation_position: Operation not permitted
12-12 00:37:57.357   628  1826 D modules.primary.audio_hal: card0 id:rockchiphdmi0
12-12 00:37:57.358   628  1826 D modules.primary.audio_hal: dump out device info
12-12 00:37:57.358   628  1826 D modules.primary.audio_hal: dev_info HDMI  card=0, device:0
[  225.847098][  T282] logd: logdr: UID=1002 GID=1002 PID=2797 n tail=500 logMask=8 pid=2760 start=0ns deadline=0ns
12-12 00:37:57.358   628  1826 D modules.primary.audio_hal: start_output_stream: i = 0, device = 0x2
[  225.847583][  T282] logd: logdr: UID=1002 GID=1002 PID=2797 n tail=500 logMask=1 pid=2760 start=0ns deadline=0ns
12-12 00:37:57.358   628  1826 E alsa_route: route_pcm_card_open() card -1 error!
[  225.873799][    T1] init: Untracked pid 2797 exited with status 0
12-12 00:37:57.358   628  1826 E modules.primary.audio_hal: invalid card num.
[  225.873845][    T1] init: Untracked pid 2797 did not have an associated service entry and will not be reaped
12-12 00:37:57.358   628  1826 W StreamHAL: Error from HAL stream in function get_presentation_position: Operation not permitted
[  225.879403][    T1] init: Untracked pid 2799 exited with status 0
01-01 00:03:38.416     1     1 I init    : Service 'dmesgd' (pid 2747) exited with status 0 oneshot service took 0.101000 seconds in background
[  225.879438][    T1] init: Untracked pid 2799 did not have an associated service entry and will not be reaped
01-01 00:03:38.416     1     1 I init    : Sending signal 9 to service 'dmesgd' (pid 2747) process group...
01-01 00:03:38.416     1     1 I libprocessgroup: Successfully killed process cgroup uid 1086 pid 2747 in 0ms
12-12 00:37:57.367   628  1826 D modules.primary.audio_hal: card0 id:rockchiphdmi0
12-12 00:37:57.367   628  1826 D modules.primary.audio_hal: dump out device info
12-12 00:37:57.367   628  1826 D modules.primary.audio_hal: dev_info HDMI  card=0, device:0
12-12 00:37:57.367   628  1826 D modules.primary.audio_hal: start_output_stream: i = 0, device = 0x2
12-12 00:37:57.367   628  1826 E alsa_route: route_pcm_card_open() card -1 error!
12-12 00:37:57.367   628  1826 E modules.primary.audio_hal: invalid card num.
12-12 00:37:57.367   628  1826 W StreamHAL: Error from HAL stream in function get_presentation_position: Operation not permitted
12-12 00:37:57.367   628  1826 D modules.primary.audio_hal: card0 id:rockchiphdmi0
12-12 00:37:57.367   628  1826 D modules.primary.audio_hal: dump out device info
12-12 00:37:57.367   628  1826 D modules.primary.audio_hal: dev_info HDMI  card=0, device:0
12-12 00:37:57.367   628  1826 D modules.primary.audio_hal: start_output_stream: i = 0, device = 0x2
12-12 00:37:57.367   628  1826 E alsa_route: route_pcm_card_open() card -1 error!
12-12 00:37:57.367   628  1826 E modules.primary.audio_hal: invalid card num.
12-12 00:37:57.368   628  1826 W StreamHAL: Error from HAL stream in function get_presentation_position: Operation not permitted
12-12 00:37:57.377   628  1826 D modules.primary.audio_hal: card0 id:rockchiphdmi0
12-12 00:37:57.377   628  1826 D modules.primary.audio_hal: dump out device info
12-12 00:37:57.377   628  1826 D modules.primary.audio_hal: dev_info HDMI  card=0, device:0
12-12 00:37:57.377   628  1826 D modules.primary.audio_hal: start_output_stream: i = 0, device = 0x2
12-12 00:37:57.377   628  1826 E alsa_route: route_pcm_card_open() card -1 error!
12-12 00:37:57.377   628  1826 E modules.primary.audio_hal: invalid card num.
12-12 00:37:57.377   628  1826 W StreamHAL: Error from HAL stream in function get_presentation_position: Operation not permitted
12-12 00:37:57.377   628  1826 D modules.primary.audio_hal: card0 id:rockchiphdmi0
12-12 00:37:57.377   628  1826 D modules.primary.audio_hal: dump out device info
12-12 00:37:57.377   628  1826 D modules.primary.audio_hal: dev_info HDMI  card=0, device:0
12-12 00:37:57.377   628  1826 D modules.primary.audio_hal: start_output_stream: i = 0, device = 0x2
12-12 00:37:57.377   628  1826 E alsa_route: route_pcm_card_open() card -1 error!
12-12 00:37:57.377   628  1826 E modules.primary.audio_hal: invalid card num.
12-12 00:37:57.378   628  1826 W StreamHAL: Error from HAL stream in function get_presentation_position: Operation not permitted
12-12 00:37:57.387   628  1826 D modules.primary.audio_hal: card0 id:rockchiphdmi0
12-12 00:37:57.387   628  1826 D modules.primary.audio_hal: dump out device info
12-12 00:37:57.387   628  1826 D modules.primary.audio_hal: dev_info HDMI  card=0, device:0
12-12 00:37:57.387   628  1826 D modules.primary.audio_hal: start_output_stream: i = 0, device = 0x2
12-12 00:37:57.387   628  1826 E alsa_route: route_pcm_card_open() card -1 error!
12-12 00:37:57.387   628  1826 E modules.primary.audio_hal: invalid card num.
12-12 00:37:57.387   628  1826 W StreamHAL: Error from HAL stream in function get_presentation_position: Operation not permitted
12-12 00:37:57.387   628  1826 D modules.primary.audio_hal: card0 id:rockchiphdmi0
12-12 00:37:57.387   628  1826 D modules.primary.audio_hal: dump out device info
12-12 00:37:57.387   628  1826 D modules.primary.audio_hal: dev_info HDMI  card=0, device:0
12-12 00:37:57.387   628  1826 D modules.primary.audio_hal: start_output_stream: i = 0, device = 0x2
12-12 00:37:57.387   628  1826 E alsa_route: route_pcm_card_open() card -1 error!
12-12 00:37:57.387   628  1826 E modules.primary.audio_hal: invalid card num.
12-12 00:37:57.387   628  1826 W StreamHAL: Error from HAL stream in function get_presentation_position: Operation not permitted
12-12 00:37:57.397   628  1826 D modules.primary.audio_hal: card0 id:rockchiphdmi0
12-12 00:37:57.397   628  1826 D modules.primary.audio_hal: dump out device info
12-12 00:37:57.397   628  1826 D modules.primary.audio_hal: dev_info HDMI  card=0, device:0
12-12 00:37:57.397   628  1826 D modules.primary.audio_hal: start_output_stream: i = 0, device = 0x2
12-12 00:37:57.397   628  1826 E alsa_route: route_pcm_card_open() card -1 error!
12-12 00:37:57.397   628  1826 E modules.primary.audio_hal: invalid card num.
12-12 00:37:57.397   628  1826 W StreamHAL: Error from HAL stream in function get_presentation_position: Operation not permitted
12-12 00:37:57.397   628  1826 D modules.primary.audio_hal: card0 id:rockchiphdmi0
12-12 00:37:57.397   628  1826 D modules.primary.audio_hal: dump out device info
12-12 00:37:57.397   628  1826 D modules.primary.audio_hal: dev_info HDMI  card=0, device:0
12-12 00:37:57.397   628  1826 D modules.primary.audio_hal: start_output_stream: i = 0, device = 0x2
12-12 00:37:57.397   628  1826 E alsa_route: route_pcm_card_open() card -1 error!
12-12 00:37:57.397   628  1826 E modules.primary.audio_hal: invalid card num.
12-12 00:37:57.397   628  1826 W StreamHAL: Error from HAL stream in function get_presentation_position: Operation not permitted
12-12 00:37:57.407   628  1826 D modules.primary.audio_hal: card0 id:rockchiphdmi0
12-12 00:37:57.407   628  1826 D modules.primary.audio_hal: dump out device info
12-12 00:37:57.407   628  1826 D modules.primary.audio_hal: dev_info HDMI  card=0, device:0
12-12 00:37:57.407   628  1826 D modules.primary.audio_hal: start_output_stream: i = 0, device = 0x2
12-12 00:37:57.407   628  1826 E alsa_route: route_pcm_card_open() card -1 error!
12-12 00:37:57.407   628  1826 E modules.primary.audio_hal: invalid card num.
12-12 00:37:57.407   628  1826 W StreamHAL: Error from HAL stream in function get_presentation_position: Operation not permitted
12-12 00:37:57.407   628  1826 D modules.primary.audio_hal: card0 id:rockchiphdmi0
12-12 00:37:57.407   628  1826 D modules.primary.audio_hal: dump out device info
12-12 00:37:57.407   628  1826 D modules.primary.audio_hal: dev_info HDMI  card=0, device:0
12-12 00:37:57.407   628  1826 D modules.primary.audio_hal: start_output_stream: i = 0, device = 0x2
12-12 00:37:57.407   628  1826 E alsa_route: route_pcm_card_open() card -1 error!
12-12 00:37:57.407   628  1826 E modules.primary.audio_hal: invalid card num.
12-12 00:37:57.407   628  1826 W StreamHAL: Error from HAL stream in function get_presentation_position: Operation not permitted
12-12 00:37:57.417   628  1826 D modules.primary.audio_hal: card0 id:rockchiphdmi0
12-12 00:37:57.417   628  1826 D modules.primary.audio_hal: dump out device info
12-12 00:37:57.417   628  1826 D modules.primary.audio_hal: dev_info HDMI  card=0, device:0
12-12 00:37:57.417   628  1826 D modules.primary.audio_hal: start_output_stream: i = 0, device = 0x2
12-12 00:37:57.417   628  1826 E alsa_route: route_pcm_card_open() card -1 error!
12-12 00:37:57.417   628  1826 E modules.primary.audio_hal: invalid card num.
12-12 00:37:57.417   628  1826 W StreamHAL: Error from HAL stream in function get_presentation_position: Operation not permitted
12-12 00:37:57.417   628  1826 D modules.primary.audio_hal: card0 id:rockchiphdmi0
12-12 00:37:57.417   628  1826 D modules.primary.audio_hal: dump out device info
12-12 00:37:57.417   628  1826 D modules.primary.audio_hal: dev_info HDMI  card=0, device:0
12-12 00:37:57.417   628  1826 D modules.primary.audio_hal: start_output_stream: i = 0, device = 0x2
12-12 00:37:57.417   628  1826 E alsa_route: route_pcm_card_open() card -1 error!
12-12 00:37:57.417   628  1826 E modules.primary.audio_hal: invalid card num.
12-12 00:37:57.417   628  1826 W StreamHAL: Error from HAL stream in function get_presentation_position: Operation not permitted
12-12 00:37:57.427   628  1826 D modules.primary.audio_hal: card0 id:rockchiphdmi0
12-12 00:37:57.427   628  1826 D modules.primary.audio_hal: dump out device info
12-12 00:37:57.427   628  1826 D modules.primary.audio_hal: dev_info HDMI  card=0, device:0
12-12 00:37:57.427   628  1826 D modules.primary.audio_hal: start_output_stream: i = 0, device = 0x2
12-12 00:37:57.427   628  1826 E alsa_route: route_pcm_card_open() card -1 error!
12-12 00:37:57.427   628  1826 E modules.primary.audio_hal: invalid card num.
12-12 00:37:57.427   628  1826 W StreamHAL: Error from HAL stream in function get_presentation_position: Operation not permitted
12-12 00:37:57.427   628  1826 D modules.primary.audio_hal: card0 id:rockchiphdmi0
12-12 00:37:57.427   628  1826 D modules.primary.audio_hal: dump out device info
12-12 00:37:57.427   628  1826 D modules.primary.audio_hal: dev_info HDMI  card=0, device:0
12-12 00:37:57.427   628  1826 D modules.primary.audio_hal: start_output_stream: i = 0, device = 0x2
12-12 00:37:57.427   628  1826 E alsa_route: route_pcm_card_open() card -1 error!
12-12 00:37:57.427   628  1826 E modules.primary.audio_hal: invalid card num.
