I/EventHub( 2631): New device: id=1, fd=100, path='/dev/input/event1', name='PixArt USB Optical Mouse', classes=0x80000008, configuration='', keyLayout='', keyCharacterMap='', builtinKeyboard=false, usingSuspendBlockIoctl=true, usingClockIoctl=false
E/EventHub( 2631): could not get driver version for /dev/input/mouse0, Not a typewriter
W/PackageManager( 2631): Not granting permission android.permission.GLOBAL_SEARCH to package com.android.quicksearchbox (protectionLevel=18 flags=0x8be45)
W/PackageManager( 2631): Unknown permission com.android.smspush.WAPPUSH_MANAGER_BIND in package com.android.phone
W/PackageManager( 2631): Unknown permission com.google.android.gallery3d.permission.GALLERY_PROVIDER in package com.android.bluetooth
I/SystemServer( 2631): NetworkStats Service
W/PackageManager( 2631): Unknown permission com.google.android.googleapps.permission.GOOGLE_AUTH in package com.android.providers.calendar
W/PackageManager( 2631): Unknown permission com.google.android.googleapps.permission.GOOGLE_AUTH.cl in package com.android.providers.calendar
W/PackageManager( 2631): Unknown permission com.google.android.googleapps.permission.GOOGLE_AUTH.mail in package com.android.calendar
W/PackageManager( 2631): Not granting permission android.permission.ACCESS_DOWNLOAD_MANAGER to package com.android.browser (protectionLevel=18 flags=0x9be45)
W/PackageManager( 2631): Not granting permission android.permission.SEND_DOWNLOAD_COMPLETED_INTENTS to package com.android.browser (protectionLevel=2 flags=0x9be45)
W/PackageManager( 2631): Not granting permission android.permission.BIND_WALLPAPER to package com.android.camera2 (protectionLevel=18 flags=0x58bc45)
W/PackageManager( 2631): Unknown permission android.permission.INSTALL_DRM in package com.android.mms
W/PackageManager( 2631): Unknown permission com.google.android.googleapps.permission.GOOGLE_AUTH in package com.android.settings
W/PackageManager( 2631): Not granting permission android.permission.WRITE_MEDIA_STORAGE to package com.android.gallery3d (protectionLevel=18 flags=0x58bc45)
I/SystemServer( 2631): NetworkPolicy Service
W/PackageManager( 2631): Unknown permission com.google.android.googleapps.permission.ACCESS_GOOGLE_PASSWORD in package com.android.development
W/PackageManager( 2631): Unknown permission com.google.android.googleapps.permission.GOOGLE_AUTH in package com.android.development
W/PackageManager( 2631): Unknown permission com.google.android.googleapps.permission.GOOGLE_AUTH.ALL_SERVICES in package com.android.development
W/PackageManager( 2631): Unknown permission com.google.android.googleapps.permission.GOOGLE_AUTH.YouTubeUser in package com.android.development
W/PackageManager( 2631): Not granting permission android.permission.DELETE_PACKAGES to package com.svox.pico (protectionLevel=18 flags=0x8be45)
I/SystemServer( 2631): Wi-Fi P2pService
W/PackageManager( 2631): Not granting permission android.permission.DEVICE_POWER to package com.android.deskclock (protectionLevel=2 flags=0x48be45)
D/dalvikvm( 2631): GC_CONCURRENT freed 308K, 9% free 4248K/4624K, paused 3ms+4ms, total 52ms
D/EventHub( 2631): No input device configuration file found for device 'gpio-keys'.
W/EventHub( 2631): Unable to disable kernel key repeat for /dev/input/event0: Function not implemented
I/EventHub( 2631): New device: id=2, fd=93, path='/dev/input/event0', name='gpio-keys', classes=0x1, configuration='', keyLayout='/system/usr/keylayout/Generic.kl', keyCharacterMap='/system/usr/keychars/Generic.kcm', builtinKeyboard=false, usingSuspendBlockIoctl=true, usingClockIoctl=false
I/InputReader( 2631): Device added: id=-1, name='Virtual', sources=0x00000301
I/InputReader( 2631): Device added: id=2, name='gpio-keys', sources=0x00000101
I/InputReader( 2631): Device added: id=1, name='PixArt USB Optical Mouse', sources=0x00002002
I/InputReader( 2631): Reconfiguring input devices.  changes=0x00000004
D/TouchD  ( 2320): Entering CheckVIDinlsusb()
D/TouchD  ( 2320): Command busybox lsusb | grep 0eef output to /dev/null failed.
D/TouchD  ( 2320): Entering CheckIniDevPID
I/SystemServer( 2631): Wi-Fi Service
I/SystemServer( 2631): Connectivity Service
D/ConnectivityService( 2631): ConnectivityService starting up
D/ConnectivityService( 2631): wifiOnly=false
E/ConnectivityService( 2631): Ignoring protectedNetwork 14
I/ethernet( 2631): ==>android_net_ethernet_initEthernetNative
I/ethernet( 2631): interface can0:2 found
I/ethernet( 2631): interface eth0:3 found
E/ethernet( 2631): android_net_ethernet_initEthernetNative exited with success
E/ethernet( 2631): User ask for device name on 0, list:6854E760, total:2
E/ethernet( 2631): Found: eth0
E/ethernet( 2631): User ask for device name on 1, list:6854E760, total:2
E/ethernet( 2631): Found: can0
E/ethernet( 2631): Poll events from ethernet devices
D/NetUtils( 2631): android_net_utils_resetConnections in env=0x41de7e50 clazz=0xea600019 iface=eth0 mask=0x3
D/ConnectivityService( 2631): Starting Ethernet Service.
V/EthernetStateTracker( 2631): Starts...
V/EthernetStateTracker( 2631): Successed
I/EthernetService( 2631): Ethernet dev enabled 2
V/EthernetService( 2631): device 0 name eth0
V/EthernetService( 2631): device 1 name can0
V/EthernetStateTracker( 2631): start to monitor the ethernet devices
I/EthernetManager( 2631): Init Ethernet Manager, service: com.android.server.EthernetService@42245458
I/EthernetStateTracker( 2631): reset device eth0
D/WifiHW  ( 2631): Unable to unload driver module "ath9k": No such file or directory
D/NetUtils( 2631): android_net_utils_resetConnections in env=0x41de7e50 clazz=0xec900019 iface=eth0 mask=0x3
I/EthernetStateTracker( 2631): trigger dhcp for device eth0
I/EthernetStateTracker( 2631): reset device eth0
D/EthernetStateTracker( 2631): DhcpHandler: DHCP request started
E/ethernet( 2631): recvmsg get data
E/ethernet( 2631):  event :16  found
E/ethernet( 2631): the device flag :1043
E/ethernet( 2631): Done parsing
E/ethernet( 2631): poll state :eth0:17:, left:4088
I/EthernetStateTracker( 2631): report new state DISCONNECTED on dev eth0
V/EthernetStateTracker( 2631): update network state tracker
D/TouchD  ( 2320): Entering CheckVIDinlsusb()
D/TouchD  ( 2320): Command busybox lsusb | grep 0eef output to /dev/null failed.
D/TouchD  ( 2320): Entering CheckIniDevPID
W/EthernetStateTracker( 2631): Could not stop DHCP
I/EthernetStateTracker( 2631): trigger dhcp for device eth0
D/BluetoothTethering( 2631): startMonitoring: target: Handler (com.android.server.ConnectivityService$NetworkStateTrackerHandler) {4224dea0}
D/BluetoothTethering( 2631): startMonitoring: mCsHandler: Handler (com.android.server.ConnectivityService$NetworkStateTrackerHandler) {4224dea0}
E/BluetoothAdapter( 2631): Bluetooth binder is null
E/MobileDataStateTracker( 2631): default: Ignoring feature request because could not acquire PhoneService
E/MobileDataStateTracker( 2631): default: Could not enable APN type "default"
I/WifiService( 2631): WifiService starting up with Wi-Fi disabled
I/SystemServer( 2631): Network Service Discovery Service
D/NsdService( 2631): Network service discovery enabled true
I/SystemServer( 2631): UpdateLock Service
D/TouchD  ( 2320): Entering CheckVIDinlsusb()
D/TouchD  ( 2320): Command busybox lsusb | grep 0eef output to /dev/null failed.
D/TouchD  ( 2320): Entering CheckIniDevPID
D/dalvikvm( 2631): GC_CONCURRENT freed 291K, 8% free 4416K/4776K, paused 3ms+3ms, total 61ms
I/SystemServer( 2631): Notification Manager
I/SystemServer( 2631): Device Storage Monitor
I/SystemServer( 2631): Location Manager
I/SystemServer( 2631): Country Detector
I/SystemServer( 2631): Search Service
I/SystemServer( 2631): DropBox Service
I/SystemServer( 2631): Wallpaper Service
I/SystemServer( 2631): Audio Service
I/MediaFocusControl( 2631):   Remote Control   registerMediaButtonIntent() for PendingIntent{4210ef90: PendingIntentRecord{4228b2a8 android broadcastIntent}}
I/Flexcan JNI( 2631): Flexcan JNI: initializing......
E/Flexcan JNI( 2631): Flexcan JNI: failed to get flexcan stub module!
I/SystemServer( 2631): Flexcan Service
W/FlexcanService( 2631): ---FlexcanService struct func
I/SystemServer( 2631): Dock Observer
W/DockObserver( 2631): This kernel does not have dock station support
I/SystemServer( 2631): Wired Accessory Manager
W/WiredAccessoryManager( 2631): This kernel does not have wired headset support
I/SystemServer( 2631): USB Service
I/SystemServer( 2631): Serial Service
I/SystemServer( 2631): Twilight Service
I/SystemServer( 2631): UI Mode Manager Service
I/SystemServer( 2631): Backup Service
V/BackupManagerService( 2631): Initializing package tracking
V/BackupManagerService( 2631): No ancestral data
V/BackupManagerService( 2631): addPackageParticipantsLocked: all
I/BackupManagerService( 2631): Scheduling backup for new app com.android.calendar
D/BackupManagerService( 2631): Now staging backup of com.android.calendar
I/BackupManagerService( 2631): Scheduling backup for new app com.android.browser
D/BackupManagerService( 2631): Now staging backup of com.android.browser
I/BackupManagerService( 2631): Scheduling backup for new app com.android.providers.userdictionary
D/BackupManagerService( 2631): Now staging backup of com.android.providers.userdictionary
I/BackupManagerService( 2631): Scheduling backup for new app com.android.sharedstoragebackup
D/BackupManagerService( 2631): Now staging backup of com.android.sharedstoragebackup
I/BackupManagerService( 2631): Scheduling backup for new app android
D/BackupManagerService( 2631): Now staging backup of android
I/BackupManagerService( 2631): Scheduling backup for new app com.android.dialer
D/BackupManagerService( 2631): Now staging backup of com.android.dialer
I/BackupManagerService( 2631): Scheduling backup for new app com.android.providers.settings
D/BackupManagerService( 2631): Now staging backup of com.android.providers.settings
E/ethernet( 2631): Poll events from ethernet devices
V/BackupManagerService( 2631): Starting with transport android/com.android.internal.backup.LocalTransport
V/BackupManagerService( 2631): Found transports: 1
I/BackupManagerService( 2631): Binding to transport host ComponentInfo{android/com.android.internal.backup.LocalTransportService}
D/dalvikvm( 2631): GC_CONCURRENT freed 256K, 7% free 4558K/4884K, paused 4ms+3ms, total 45ms
I/BackupManagerService( 2631): Found stale backup journal, scheduling
I/BackupManagerService( 2631):   com.android.calendar
I/BackupManagerService( 2631):   com.android.browser
I/BackupManagerService( 2631):   com.android.providers.userdictionary
I/BackupManagerService( 2631):   com.android.sharedstoragebackup
I/BackupManagerService( 2631):   android
I/BackupManagerService( 2631):   com.android.dialer
I/BackupManagerService( 2631):   com.android.providers.settings
D/Atlas   ( 2631): Loaded configuration: SliceMinArea (768x768) flags=0x2 count=24
I/BackupManagerService( 2631): Backup enabled => false
I/BackupManagerService( 2631): Opting out of backup
I/SystemServer( 2631): AppWidget Service
I/SystemServer( 2631): Recognition Service
I/SystemServer( 2631): DiskStats Service
I/SystemServer( 2631): SamplingProfiler Service
I/SystemServer( 2631): NetworkTimeUpdateService
I/SystemServer( 2631): CommonTimeManagementService
I/SystemServer( 2631): CertBlacklister
I/SystemServer( 2631): Assets Atlas Service
I/SystemServer( 2631): IdleMaintenanceService
I/SystemServer( 2631): Print Service
I/SystemServer( 2631): Media Router Service
I/WindowManager( 2631): SAFE MODE not enabled
D/dalvikvm( 2631): JIT started for system_server
D/libEGL  ( 2631): loaded /system/lib/egl/libEGL_VIVANTE.so
I/Zygote  ( 2631): Process: zygote socket opened
D/libEGL  ( 2631): loaded /system/lib/egl/libGLESv1_CM_VIVANTE.so
V/KeyguardServiceDelegate( 2631): *** Keyguard started
V/KeyguardServiceDelegate( 2631): onSystemReady() called before keyguard service was ready
I/ActivityManager( 2631): Start proc com.android.systemui for service com.android.keyguard/.KeyguardService: pid=2702 uid=10007 gids={50007, 1028, 1015, 1035, 3002, 3001}
I/SWITCHPROFILE( 2631): Switchprofile thread received GOV_INTERACTIVE from Power HAL
E/SWITCHPROFILE( 2631): setprop: sys.interactive = active 
I/ActivityManager( 2631): System now ready
I/SystemServer( 2631): Making services ready
D/NetworkManagementService( 2631): enabling bandwidth control
W/MountService( 2631): Duplicate state transition (mounted -> mounted) for /storage/emulated/0
V/KeyguardService( 2702): onCreate()
D/libEGL  ( 2631): loaded /system/lib/egl/libGLESv2_VIVANTE.so
E/OMXMaster( 2257): A component of name 'OMX.Freescale.std.parser.fsl.sw-based' already exists, ignoring this one.
E/OMXMaster( 2257): A component of name 'OMX.Freescale.std.parser.fsl.sw-based' already exists, ignoring this one.
E/OMXMaster( 2257): A component of name 'OMX.Freescale.std.parser.fsl.sw-based' already exists, ignoring this one.
E/OMXMaster( 2257): A component of name 'OMX.Freescale.std.parser.fsl.sw-based' already exists, ignoring this one.
E/OMXMaster( 2257): A component of name 'OMX.Freescale.std.parser.fsl.sw-based' already exists, ignoring this one.
E/OMXMaster( 2257): A component of name 'OMX.Freescale.std.parser.fsl.sw-based' already exists, ignoring this one.
E/OMXMaster( 2257): A component of name 'OMX.Freescale.std.parser.fsl.sw-based' already exists, ignoring this one.
E/OMXMaster( 2257): A component of name 'OMX.Freescale.std.parser.fsl.sw-based' already exists, ignoring this one.
E/OMXMaster( 2257): A component of name 'OMX.Freescale.std.parser.fsl.sw-based' already exists, ignoring this one.
E/OMXMaster( 2257): A component of name 'OMX.Freescale.std.parser.fsl.sw-based' already exists, ignoring this one.
E/OMXMaster( 2257): A component of name 'OMX.Freescale.std.parser.fsl.sw-based' already exists, ignoring this one.
E/OMXMaster( 2257): A component of name 'OMX.Freescale.std.parser.streaming.sw-based' already exists, ignoring this one.
E/OMXMaster( 2257): A component of name 'OMX.Freescale.std.parser.fsl.sw-based' already exists, ignoring this one.
D/SystemUIService( 2702): loading: class com.android.systemui.recent.Recents
D/SystemUIService( 2702): running: com.android.systemui.recent.Recents@420c9598
D/SystemUIService( 2702): loading: class com.android.systemui.statusbar.SystemBars
D/SystemUIService( 2702): running: com.android.systemui.statusbar.SystemBars@420c9b80
D/SystemUIService( 2702): loading: class com.android.systemui.usb.StorageNotification
D/SystemUIService( 2702): running: com.android.systemui.usb.StorageNotification@420cb940
D/SystemUIService( 2702): loading: class com.android.systemui.power.PowerUI
D/SystemUIService( 2702): running: com.android.systemui.power.PowerUI@420cd0b0
D/SystemUIService( 2702): loading: class com.android.systemui.media.RingtonePlayer
D/SystemUIService( 2702): running: com.android.systemui.media.RingtonePlayer@420ce088
D/SystemUIService( 2702): loading: class com.android.systemui.settings.SettingsUI
D/SystemUIService( 2702): running: com.android.systemui.settings.SettingsUI@420cf650
I/StatusBarManagerService( 2631): registerStatusBar bar=com.android.internal.statusbar.IStatusBar$Stub$Proxy@422c1da8
D/PhoneStatusBar( 2702): mSettingsPanelGravity = 8388661
D/Atlas   ( 2631): Rendered atlas in 526.05ms (5.57+520.48ms)
D/dalvikvm( 2702): GC_CONCURRENT freed 182K, 8% free 2935K/3180K, paused 8ms+3ms, total 34ms
D/dalvikvm( 2702): GC_FOR_ALLOC freed 26K, 7% free 3274K/3484K, paused 17ms, total 18ms
V/PhoneStatusBar/NavigationBarView( 2702): touchEnabled:false
E/BluetoothAdapter( 2702): Bluetooth binder is null
E/BluetoothAdapter( 2702): Bluetooth binder is null
E/BluetoothAdapter( 2702): Bluetooth binder is null
E/NetdConnector( 2631): NDC Command {1 bandwidth enable} took too long (655ms)
D/dalvikvm( 2702): GC_CONCURRENT freed 113K, 5% free 3655K/3828K, paused 2ms+4ms, total 52ms
E/BluetoothAdapter( 2702): Bluetooth binder is null
I/ActivityManager( 2631): Start proc android.process.acore for content provider com.android.providers.contacts/.ContactsProvider2: pid=2762 uid=10002 gids={50002, 3003, 1028, 1015}
D/PhoneStatusBar( 2702): disable: < expand icons alerts ticker system_info back home recent clock search >
D/dalvikvm( 2631): GC_CONCURRENT freed 224K, 6% free 4731K/5024K, paused 3ms+6ms, total 47ms
E/BluetoothAdapter( 2702): Bluetooth binder is null
D/PhoneStatusBar( 2702): heads up is disabled
D/dalvikvm( 2702): GC_CONCURRENT freed 103K, 4% free 4011K/4176K, paused 3ms+41ms, total 95ms
D/dalvikvm( 2762): GC_CONCURRENT freed 246K, 10% free 2971K/3276K, paused 5ms+10ms, total 56ms
D/dalvikvm( 2762): WAIT_FOR_CONCURRENT_GC blocked 5ms
I/ActivityManager( 2631): Start proc android.process.media for broadcast com.android.providers.media/.MtpReceiver: pid=2796 uid=10005 gids={50005, 1028, 1015, 1023, 1024, 2001, 3003, 3007}
I/ActivityManager( 2631): Config changes=200 {1.0 ?mcc?mnc en_US ldltr sw1080dp w1920dp h1007dp 160dpi xlrg long land -touch -keyb/v/h -nav/h s.4}
W/RecognitionManagerService( 2631): no available voice recognition services found for user 0
D/libEGL  ( 2702): loaded /system/lib/egl/libEGL_VIVANTE.so
W/ContextImpl( 2631): Calling a method in the system process without a qualified user: android.app.ContextImpl.sendBroadcast:1145 com.android.server.usb.UsbSettingsManager.deviceAttached:621 com.android.server.usb.UsbHostManager.usbDeviceAdded:156 com.android.server.usb.UsbHostManager.monitorUsbHostBus:-2 com.android.server.usb.UsbHostManager.access$000:38 
D/libEGL  ( 2702): loaded /system/lib/egl/libGLESv1_CM_VIVANTE.so
W/InputMethodManagerService( 2631): Ignoring setImeWindowStatus of uid 1000 token: null
W/ResourceType( 2631): Failure getting entry for 0x7f060000 (t=5 e=0) in package 0 (error -75)
I/ActivityManager( 2631): Start proc com.android.inputmethod.latin for service com.android.inputmethod.latin/.LatinIME: pid=2811 uid=10030 gids={50030, 1028, 1015}
V/InputMethodManagerService( 2631): Adding window token: android.os.Binder@422d8d68
W/GpsLocationProvider( 2631): Could not open GPS configuration file /etc/gps.conf
W/LocationManagerService( 2631): no network location provider found
E/FlpHardwareProvider( 2631): Error hw_get_module 'flp': -2
E/FlpHardwareProvider( 2631): Error hw_get_module 'flp': -2
E/LocationManagerService( 2631): no geocoder provider found
E/LocationManagerService( 2631): No FusedProvider found.
E/LocationManagerService( 2631): no geofence provider found
I/CommonTimeManagementService( 2631): No common time service detected on this platform.  Common time services will be unavailable.
I/InputReader( 2631): Reconfiguring input devices.  changes=0x00000020
I/InputReader( 2631): Reconfiguring input devices.  changes=0x00000010
D/libEGL  ( 2702): loaded /system/lib/egl/libGLESv2_VIVANTE.so
I/ActivityManager( 2631): Start proc com.android.phone for added application com.android.phone: pid=2826 uid=1001 gids={41001, 3002, 3001, 3003, 1028, 1015}
I/ActivityManager( 2631): START u0 {act=android.intent.action.MAIN cat=[android.intent.category.HOME] flg=0x10000000 cmp=com.android.launcher/com.android.launcher2.Launcher} from pid 0
I/ActivityManager( 2631): Start proc com.android.launcher for activity com.android.launcher/com.android.launcher2.Launcher: pid=2838 uid=10008 gids={50008}
I/SystemServer( 2631): Enabled StrictMode for system server main thread.
E/BufferQueue( 2254): [StatusBar] dequeueBuffer: can't dequeue multiple buffers without setting the buffer count
D/OpenGLRenderer( 2702): Enabling debug mode 0
I/ActivityManager( 2631): Start proc com.android.printspooler for service com.android.printspooler/.PrintSpoolerService: pid=2853 uid=10039 gids={50039}
D/dalvikvm( 2631): GC_CONCURRENT freed 255K, 7% free 4904K/5228K, paused 12ms+29ms, total 195ms
I/EthernetStateTracker( 2631): received disconnected events, stack=false HW=false
E/BufferQueue( 2254): [NavigationBar] dequeueBuffer: can't dequeue multiple buffers without setting the buffer count
I/PrintSpoolerService( 2853): No existing print spooler state.
I/Choreographer( 2631): Skipped 119 frames!  The application may be doing too much work on its main thread.
D/StatusBar.NetworkController( 2702): onServiceStateChanged voiceState=1 dataState=1
D/StatusBar.NetworkController( 2702): updateTelephonySignalStrength: !hasService()
D/StatusBar.NetworkController( 2702): refreshViews connected={ } level=?? combinedSignalIconId=0x7f0200a2/com.android.systemui:drawable/stat_sys_signal_null mobileLabel=No Internet connection wifiLabel= emergencyOnly=false combinedLabel=No Internet connection mAirplaneMode=false mDataActivity=0 mPhoneSignalIconId=0x7f0200a2 mQSPhoneSignalIconId=0x7f020057 mDataDirectionIconId=0x0 mDataSignalIconId=0x7f0200a2 mDataTypeIconId=0x0 mQSDataTypeIconId=0x0 mWifiIconId=0x0 mQSWifiIconId=0x0 mEthernetIconId=0x7f020096 mBluetoothTetherIconId=0x10805cc
V/KeyguardServiceDelegate( 2631): *** Keyguard connected (yay!)
W/InputMethodManagerService( 2631): Focus gain on non-focused client android.view.inputmethod.InputMethodManager$1@4226d4b8 (uid=1000 pid=2631)
D/StatusBar.NetworkController( 2702): onCallStateChanged state=0
D/StatusBar.NetworkController( 2702): onDataConnectionStateChanged: state=-1 type=0
D/StatusBar.NetworkController( 2702): refreshViews connected={ } level=?? combinedSignalIconId=0x7f0200a2/com.android.systemui:drawable/stat_sys_signal_null mobileLabel=No Internet connection wifiLabel= emergencyOnly=false combinedLabel=No Internet connection mAirplaneMode=false mDataActivity=0 mPhoneSignalIconId=0x7f0200a2 mQSPhoneSignalIconId=0x7f020057 mDataDirectionIconId=0x0 mDataSignalIconId=0x7f0200a2 mDataTypeIconId=0x0 mQSDataTypeIconId=0x0 mWifiIconId=0x0 mQSWifiIconId=0x0 mEthernetIconId=0x7f020096 mBluetoothTetherIconId=0x10805cc
D/StatusBar.NetworkController( 2702): onDataActivity: direction=0
D/StatusBar.NetworkController( 2702): refreshViews connected={ } level=?? combinedSignalIconId=0x7f0200a2/com.android.systemui:drawable/stat_sys_signal_null mobileLabel=No Internet connection wifiLabel= emergencyOnly=false combinedLabel=No Internet connection mAirplaneMode=false mDataActivity=0 mPhoneSignalIconId=0x7f0200a2 mQSPhoneSignalIconId=0x7f020057 mDataDirectionIconId=0x0 mDataSignalIconId=0x7f0200a2 mDataTypeIconId=0x0 mQSDataTypeIconId=0x0 mWifiIconId=0x0 mQSWifiIconId=0x0 mEthernetIconId=0x7f020096 mBluetoothTetherIconId=0x10805cc
D/StatusBar.NetworkController( 2702): onSignalStrengthsChanged signalStrength=SignalStrength: 99 -1 -1 -1 -1 -1 -1 99 2147483647 2147483647 2147483647 2147483647 gsm|lte level=0
D/StatusBar.NetworkController( 2702): updateTelephonySignalStrength: !hasService()
D/StatusBar.NetworkController( 2702): refreshViews connected={ } level=0 combinedSignalIconId=0x7f0200a2/com.android.systemui:drawable/stat_sys_signal_null mobileLabel=No Internet connection wifiLabel= emergencyOnly=false combinedLabel=No Internet connection mAirplaneMode=false mDataActivity=0 mPhoneSignalIconId=0x7f0200a2 mQSPhoneSignalIconId=0x7f020057 mDataDirectionIconId=0x0 mDataSignalIconId=0x7f0200a2 mDataTypeIconId=0x0 mQSDataTypeIconId=0x0 mWifiIconId=0x0 mQSWifiIconId=0x0 mEthernetIconId=0x7f020096 mBluetoothTetherIconId=0x10805cc
I/LatinIME( 2811): Hardware accelerated drawing: true
I/MediaFocusControl( 2631):   Remote Control   registerMediaButtonIntent() for PendingIntent{422320d0: PendingIntentRecord{4228b2a8 android broadcastIntent}}
I/Choreographer( 2702): Skipped 69 frames!  The application may be doing too much work on its main thread.
V/BackupManagerService( 2631): Connected to transport ComponentInfo{android/com.android.internal.backup.LocalTransportService}
V/BackupManagerService( 2631): Registering transport android/com.android.internal.backup.LocalTransportService::android/com.android.internal.backup.LocalTransport = com.android.internal.backup.LocalTransport@42235570
E/BluetoothAdapter( 2826): Bluetooth binder is null
E/BluetoothAdapter( 2826): Bluetooth binder is null
D/dalvikvm( 2826): GC_CONCURRENT freed 198K, 8% free 2978K/3236K, paused 11ms+3ms, total 95ms
D/CallNotifier( 2826): CallNotifier: mSignalInfoToneGenerator created when toneplay
E/BluetoothAdapter( 2826): Bluetooth binder is null
D/dalvikvm( 2631): GC_CONCURRENT freed 335K, 8% free 5001K/5404K, paused 2ms+7ms, total 116ms
D/PhoneStatusBar( 2702): mSettingsPanelGravity = 8388661
W/ResourceType( 2631): Failure getting entry for 0x7f060000 (t=5 e=0) in package 0 (error -75)
D/StatusBar.NetworkController( 2702): refreshViews connected={ } level=0 combinedSignalIconId=0x7f0200a2/com.android.systemui:drawable/stat_sys_signal_null mobileLabel=No Internet connection wifiLabel= emergencyOnly=false combinedLabel=No Internet connection mAirplaneMode=false mDataActivity=0 mPhoneSignalIconId=0x7f0200a2 mQSPhoneSignalIconId=0x7f020057 mDataDirectionIconId=0x0 mDataSignalIconId=0x7f0200a2 mDataTypeIconId=0x0 mQSDataTypeIconId=0x0 mWifiIconId=0x0 mQSWifiIconId=0x0 mEthernetIconId=0x7f020096 mBluetoothTetherIconId=0x10805cc
D/TouchD  ( 2320): Entering CheckVIDinlsusb()
D/TouchD  ( 2320): Command busybox lsusb | grep 0eef output to /dev/null failed.
D/TouchD  ( 2320): Entering CheckIniDevPID
D/dalvikvm( 2631): GC_CONCURRENT freed 442K, 10% free 5132K/5644K, paused 25ms+6ms, total 107ms
D/dalvikvm( 2631): WAIT_FOR_CONCURRENT_GC blocked 69ms
D/dalvikvm( 2631): WAIT_FOR_CONCURRENT_GC blocked 73ms
D/dalvikvm( 2631): WAIT_FOR_CONCURRENT_GC blocked 71ms
V/StatusBar( 2702): userId 0 is in the house
V/KeyguardServiceDelegate( 2631): **** SHOWN CALLED ****
I/Choreographer( 2702): Skipped 33 frames!  The application may be doing too much work on its main thread.
I/FusedLocation( 2631): engine started (com.android.location.fused)
I/ActivityManager( 2631): Start proc com.android.music for broadcast com.android.music/.MediaButtonIntentReceiver: pid=2898 uid=10034 gids={50034, 3003, 1028, 1015}
D/MobileDataStateTracker( 2631): fota: Broadcast received: android.intent.action.ANY_DATA_STATE apnType=fota
D/TelephonyDebugService( 2826): TelephonyDebugService()
D/MobileDataStateTracker( 2631): fota: Received state=DISCONNECTED, old=DISCONNECTED, reason=radioTurnedOff
D/MobileDataStateTracker( 2631): supl: Broadcast received: android.intent.action.ANY_DATA_STATE apnType=supl
D/MobileDataStateTracker( 2631): supl: Received state=DISCONNECTED, old=DISCONNECTED, reason=radioTurnedOff
D/MobileDataStateTracker( 2631): hipri: Broadcast received: android.intent.action.ANY_DATA_STATE apnType=hipri
D/MobileDataStateTracker( 2631): hipri: Received state=DISCONNECTED, old=DISCONNECTED, reason=radioTurnedOff
D/MobileDataStateTracker( 2631): ims: Broadcast received: android.intent.action.ANY_DATA_STATE apnType=ims
D/MobileDataStateTracker( 2631): ims: Received state=DISCONNECTED, old=DISCONNECTED, reason=radioTurnedOff
D/MobileDataStateTracker( 2631): default: Broadcast received: android.intent.action.ANY_DATA_STATE apnType=default
D/MobileDataStateTracker( 2631): default: Received state=DISCONNECTED, old=DISCONNECTED, reason=radioTurnedOff
D/MobileDataStateTracker( 2631): mms: Broadcast received: android.intent.action.ANY_DATA_STATE apnType=mms
D/MobileDataStateTracker( 2631): mms: Received state=DISCONNECTED, old=DISCONNECTED, reason=radioTurnedOff
D/MobileDataStateTracker( 2631): cbs: Broadcast received: android.intent.action.ANY_DATA_STATE apnType=cbs
D/MobileDataStateTracker( 2631): cbs: Received state=DISCONNECTED, old=DISCONNECTED, reason=radioTurnedOff
D/MobileDataStateTracker( 2631): fota: Broadcast received: android.intent.action.ANY_DATA_STATE apnType=fota
D/MobileDataStateTracker( 2631): fota: Received state=DISCONNECTED, old=DISCONNECTED, reason=radioTurnedOff
D/MobileDataStateTracker( 2631): supl: Broadcast received: android.intent.action.ANY_DATA_STATE apnType=supl
D/MobileDataStateTracker( 2631): supl: Received state=DISCONNECTED, old=DISCONNECTED, reason=radioTurnedOff
D/MobileDataStateTracker( 2631): hipri: Broadcast received: android.intent.action.ANY_DATA_STATE apnType=hipri
D/MobileDataStateTracker( 2631): hipri: Received state=DISCONNECTED, old=DISCONNECTED, reason=radioTurnedOff
D/MobileDataStateTracker( 2631): ims: Broadcast received: android.intent.action.ANY_DATA_STATE apnType=ims
D/MobileDataStateTracker( 2631): ims: Received state=DISCONNECTED, old=DISCONNECTED, reason=radioTurnedOff
D/MobileDataStateTracker( 2631): default: Broadcast received: android.intent.action.ANY_DATA_STATE apnType=default
W/InputAttributes( 2811): No editor info for this field. Bug?
D/MobileDataStateTracker( 2631): default: Received state=DISCONNECTED, old=DISCONNECTED, reason=radioTurnedOff
D/MobileDataStateTracker( 2631): mms: Broadcast received: android.intent.action.ANY_DATA_STATE apnType=mms
W/CallNotifier( 2826): Got onMwiChanged() on non-voice-capable device! Ignoring...
D/MobileDataStateTracker( 2631): mms: Received state=DISCONNECTED, old=DISCONNECTED, reason=radioTurnedOff
D/MobileDataStateTracker( 2631): cbs: Broadcast received: android.intent.action.ANY_DATA_STATE apnType=cbs
D/dalvikvm( 2702): GC_CONCURRENT freed 218K, 7% free 4189K/4468K, paused 8ms+17ms, total 170ms
D/MobileDataStateTracker( 2631): cbs: Received state=DISCONNECTED, old=DISCONNECTED, reason=radioTurnedOff
D/MobileDataStateTracker( 2631): fota: Broadcast received: android.intent.action.ANY_DATA_STATE apnType=fota
D/MobileDataStateTracker( 2631): fota: Received state=DISCONNECTED, old=DISCONNECTED, reason=dataDetached
D/MobileDataStateTracker( 2631): supl: Broadcast received: android.intent.action.ANY_DATA_STATE apnType=supl
D/MobileDataStateTracker( 2631): supl: Received state=DISCONNECTED, old=DISCONNECTED, reason=dataDetached
D/MobileDataStateTracker( 2631): hipri: Broadcast received: android.intent.action.ANY_DATA_STATE apnType=hipri
D/StatusBar.NetworkController( 2702): refreshViews connected={ } level=0 combinedSignalIconId=0x7f0200a2/com.android.systemui:drawable/stat_sys_signal_null mobileLabel=No Internet connection wifiLabel= emergencyOnly=false combinedLabel=No Internet connection mAirplaneMode=false mDataActivity=0 mPhoneSignalIconId=0x7f0200a2 mQSPhoneSignalIconId=0x7f020057 mDataDirectionIconId=0x0 mDataSignalIconId=0x7f0200a2 mDataTypeIconId=0x0 mQSDataTypeIconId=0x0 mWifiIconId=0x0 mQSWifiIconId=0x0 mEthernetIconId=0x7f020096 mBluetoothTetherIconId=0x10805cc
D/MobileDataStateTracker( 2631): hipri: Received state=DISCONNECTED, old=DISCONNECTED, reason=dataDetached
D/MobileDataStateTracker( 2631): ims: Broadcast received: android.intent.action.ANY_DATA_STATE apnType=ims
D/MobileDataStateTracker( 2631): ims: Received state=DISCONNECTED, old=DISCONNECTED, reason=dataDetached
D/MobileDataStateTracker( 2631): default: Broadcast received: android.intent.action.ANY_DATA_STATE apnType=default
D/MobileDataStateTracker( 2631): default: Received state=DISCONNECTED, old=DISCONNECTED, reason=dataDetached
D/MobileDataStateTracker( 2631): mms: Broadcast received: android.intent.action.ANY_DATA_STATE apnType=mms
D/MobileDataStateTracker( 2631): mms: Received state=DISCONNECTED, old=DISCONNECTED, reason=dataDetached
I/ResourceUtils( 2811): Found default value: resource=keypress_vibration_durations build=[HARDWARE=freescale MODEL=SABRESD-MX6DQ BRAND=Freescale MANUFACTURER=Freescale] default=-1
D/MobileDataStateTracker( 2631): cbs: Broadcast received: android.intent.action.ANY_DATA_STATE apnType=cbs
D/MobileDataStateTracker( 2631): cbs: Received state=DISCONNECTED, old=DISCONNECTED, reason=dataDetached
D/MobileDataStateTracker( 2631): fota: Broadcast received: android.intent.action.ANY_DATA_STATE apnType=fota
D/StatusBar.NetworkController( 2702): refreshViews connected={ } level=0 combinedSignalIconId=0x7f0200a2/com.android.systemui:drawable/stat_sys_signal_null mobileLabel=No Internet connection wifiLabel= emergencyOnly=false combinedLabel=No Internet connection mAirplaneMode=false mDataActivity=0 mPhoneSignalIconId=0x7f0200a2 mQSPhoneSignalIconId=0x7f020057 mDataDirectionIconId=0x0 mDataSignalIconId=0x7f0200a2 mDataTypeIconId=0x0 mQSDataTypeIconId=0x0 mWifiIconId=0x0 mQSWifiIconId=0x0 mEthernetIconId=0x7f020096 mBluetoothTetherIconId=0x10805cc
D/StatusBar.NetworkController( 2702): onServiceStateChanged voiceState=1 dataState=1
D/StatusBar.NetworkController( 2702): updateTelephonySignalStrength: !hasService()
D/StatusBar.NetworkController( 2702): refreshViews connected={ } level=0 combinedSignalIconId=0x7f0200a2/com.android.systemui:drawable/stat_sys_signal_null mobileLabel=No Internet connection wifiLabel= emergencyOnly=false combinedLabel=No Internet connection mAirplaneMode=false mDataActivity=0 mPhoneSignalIconId=0x7f0200a2 mQSPhoneSignalIconId=0x7f020057 mDataDirectionIconId=0x0 mDataSignalIconId=0x7f0200a2 mDataTypeIconId=0x0 mQSDataTypeIconId=0x0 mWifiIconId=0x0 mQSWifiIconId=0x0 mEthernetIconId=0x7f020096 mBluetoothTetherIconId=0x10805cc
D/MobileDataStateTracker( 2631): fota: Received state=DISCONNECTED, old=DISCONNECTED, reason=roamingOff
I/ResourceUtils( 2811): Found default value: resource=keypress_volumes build=[HARDWARE=freescale MODEL=SABRESD-MX6DQ BRAND=Freescale MANUFACTURER=Freescale] default=-1.0f
I/dalvikvm( 2898): CheckJNI enabled: not enabling JNI app bug workarounds.
D/MobileDataStateTracker( 2631): supl: Broadcast received: android.intent.action.ANY_DATA_STATE apnType=supl
D/MobileDataStateTracker( 2631): supl: Received state=DISCONNECTED, old=DISCONNECTED, reason=roamingOff
D/MobileDataStateTracker( 2631): hipri: Broadcast received: android.intent.action.ANY_DATA_STATE apnType=hipri
D/MobileDataStateTracker( 2631): hipri: Received state=DISCONNECTED, old=DISCONNECTED, reason=roamingOff
D/MobileDataStateTracker( 2631): ims: Broadcast received: android.intent.action.ANY_DATA_STATE apnType=ims
D/MobileDataStateTracker( 2631): ims: Received state=DISCONNECTED, old=DISCONNECTED, reason=roamingOff
D/MobileDataStateTracker( 2631): default: Broadcast received: android.intent.action.ANY_DATA_STATE apnType=default
D/MobileDataStateTracker( 2631): default: Received state=DISCONNECTED, old=DISCONNECTED, reason=roamingOff
D/MobileDataStateTracker( 2631): mms: Broadcast received: android.intent.action.ANY_DATA_STATE apnType=mms
D/MobileDataStateTracker( 2631): mms: Received state=DISCONNECTED, old=DISCONNECTED, reason=roamingOff
D/MobileDataStateTracker( 2631): cbs: Broadcast received: android.intent.action.ANY_DATA_STATE apnType=cbs
D/MobileDataStateTracker( 2631): cbs: Received state=DISCONNECTED, old=DISCONNECTED, reason=roamingOff
D/MobileDataStateTracker( 2631): fota: Broadcast received: android.intent.action.ANY_DATA_STATE apnType=fota
D/MobileDataStateTracker( 2631): fota: Received state=DISCONNECTED, old=DISCONNECTED, reason=roamingOff
D/MobileDataStateTracker( 2631): supl: Broadcast received: android.intent.action.ANY_DATA_STATE apnType=supl
D/MobileDataStateTracker( 2631): supl: Received state=DISCONNECTED, old=DISCONNECTED, reason=roamingOff
D/MobileDataStateTracker( 2631): hipri: Broadcast received: android.intent.action.ANY_DATA_STATE apnType=hipri
D/MobileDataStateTracker( 2631): hipri: Received state=DISCONNECTED, old=DISCONNECTED, reason=roamingOff
D/MobileDataStateTracker( 2631): ims: Broadcast received: android.intent.action.ANY_DATA_STATE apnType=ims
D/MobileDataStateTracker( 2631): ims: Received state=DISCONNECTED, old=DISCONNECTED, reason=roamingOff
D/MobileDataStateTracker( 2631): default: Broadcast received: android.intent.action.ANY_DATA_STATE apnType=default
D/dalvikvm( 2838): GC_CONCURRENT freed 201K, 9% free 2969K/3232K, paused 10ms+43ms, total 163ms
D/MobileDataStateTracker( 2631): default: Received state=DISCONNECTED, old=DISCONNECTED, reason=roamingOff
D/MobileDataStateTracker( 2631): mms: Broadcast received: android.intent.action.ANY_DATA_STATE apnType=mms
D/MobileDataStateTracker( 2631): mms: Received state=DISCONNECTED, old=DISCONNECTED, reason=roamingOff
D/MobileDataStateTracker( 2631): cbs: Broadcast received: android.intent.action.ANY_DATA_STATE apnType=cbs
D/MobileDataStateTracker( 2631): cbs: Received state=DISCONNECTED, old=DISCONNECTED, reason=roamingOff
I/LatinIME:LogUtils( 2811): Dictionary info: dictionary = userunigram.en_US.dict ; version = ? ; date = ?
I/LatinIME:LogUtils( 2811): Dictionary info: dictionary = UserHistoryDictionary.en_US.dic ; version = ? ; date = 1447172680
I/MediaFocusControl( 2631):   Remote Control   registerMediaButtonIntent() for PendingIntent{421c5a90: PendingIntentRecord{4231d8a8 com.android.music broadcastIntent}}
I/LatinIME:LogUtils( 2811): Dictionary info: dictionary = personalization.en_US.dict ; version = ? ; date = 1447172680
D/dalvikvm( 2811): GC_CONCURRENT freed 219K, 9% free 2951K/3220K, paused 8ms+14ms, total 160ms
I/LatinIME:LogUtils( 2811): Dictionary info: dictionary = PersonalizationPredictionDictio ; version = ? ; date = 1447172680
D/dalvikvm( 2702): GC_FOR_ALLOC freed 61K, 7% free 4199K/4468K, paused 53ms, total 56ms
I/LatinIME:LogUtils( 2811): Dictionary info: dictionary = main:en ; version = 42 ; date = 1381226429
I/dalvikvm-heap( 2702): Grow heap (frag case) to 13.532MB for 9830416-byte allocation
D/dalvikvm( 2702): GC_CONCURRENT freed 60K, 3% free 13738K/14072K, paused 4ms+6ms, total 41ms
I/ContactLocale( 2762): AddressBook Labels [en_US]: [, A, B, C, D, E, F, G, H, I, J, K, L, M, N, O, P, Q, R, S, T, U, V, W, X, Y, Z, , , , , , , , , , , , , , , , , , , , , , , , , , , , , , , , , , , , , , , , , , , , , , , , , , , , , , , , , , , , , , , , , , , , , , , , , , , , , , , , , , , , , , , , , , , , , , , , , , , , , , , , , , , , , , , , , , , , , , , , , , , , , , , , , , , , , , , , , , , , , , , , , , , , , , , , , , , , , , , , , , , , , , , , , , , , , , , , , , , , , , #, ]
D/dalvikvm( 2702): GC_FOR_ALLOC freed <1K, 3% free 13738K/14072K, paused 66ms, total 66ms
D/dalvikvm( 2838): GC_CONCURRENT freed 91K, 5% free 3349K/3496K, paused 3ms+31ms, total 81ms
I/dalvikvm-heap( 2702): Grow heap (frag case) to 35.892MB for 23508496-byte allocation
D/dalvikvm( 2631): GC_CONCURRENT freed 551K, 11% free 5082K/5704K, paused 11ms+7ms, total 166ms
D/dalvikvm( 2702): GC_CONCURRENT freed 0K, 1% free 36696K/37032K, paused 5ms+4ms, total 36ms
D/dalvikvm( 2702): WAIT_FOR_CONCURRENT_GC blocked 25ms
D/libEGL  ( 2838): loaded /system/lib/egl/libEGL_VIVANTE.so
D/libEGL  ( 2838): loaded /system/lib/egl/libGLESv1_CM_VIVANTE.so
D/libEGL  ( 2838): loaded /system/lib/egl/libGLESv2_VIVANTE.so
E/BufferQueue( 2254): [com.android.launcher/com.android.launcher2.Launcher] dequeueBuffer: can't dequeue multiple buffers without setting the buffer count
D/OpenGLRenderer( 2838): Enabling debug mode 0
I/ActivityManager( 2631): Displayed com.android.launcher/com.android.launcher2.Launcher: +2s686ms
E/BufferQueue( 2254): [com.android.systemui.ImageWallpaper] dequeueBuffer: can't dequeue multiple buffers without setting the buffer count
D/dalvikvm( 2838): GC_FOR_ALLOC freed 121K, 5% free 3567K/3752K, paused 36ms, total 37ms
D/dalvikvm( 2838): GC_FOR_ALLOC freed 8K, 5% free 3784K/3980K, paused 28ms, total 28ms
D/dalvikvm( 2838): GC_CONCURRENT freed 95K, 4% free 4101K/4264K, paused 4ms+3ms, total 51ms
D/dalvikvm( 2838): GC_CONCURRENT freed 223K, 8% free 4269K/4600K, paused 3ms+3ms, total 42ms
I/Choreographer( 2702): Skipped 120 frames!  The application may be doing too much work on its main thread.
I/SurfaceFlinger( 2254): Boot is finished (26461 ms)
E/BluetoothAdapter( 2631): Bluetooth binder is null
E/BluetoothAdapter( 2631): Bluetooth binder is null
V/WiredAccessoryManager( 2631): init()
W/WiredAccessoryManager( 2631): /sys/class/switch/usb_audio/state not found while attempting to determine initial switch state
V/WiredAccessoryManager( 2631): newName=hdmi_audio newState=16 headsetState=16 prev headsetState=0
V/WiredAccessoryManager( 2631): device hdmi_audio connected
I/RecoverySystem( 2631): No recovery log file
I/ActivityManager( 2631): Start proc com.android.providers.calendar for broadcast com.android.providers.calendar/.CalendarReceiver: pid=2936 uid=10001 gids={50001, 3003, 1028, 1015}
I/BootReceiver( 2631): Copying audit failures to DropBox
I/BootReceiver( 2631): Checking for fsck errors
D/dalvikvm( 2255): GC_EXPLICIT freed 38K, 4% free 2712K/2812K, paused 4ms+3ms, total 84ms
D/dalvikvm( 2255): GC_EXPLICIT freed <1K, 4% free 2712K/2812K, paused 4ms+4ms, total 48ms
D/dalvikvm( 2631): GC_FOR_ALLOC freed 253K, 11% free 5105K/5732K, paused 98ms, total 98ms
I/PowerManagerService( 2631): Boot animation finished.
D/dalvikvm( 2255): GC_EXPLICIT freed <1K, 4% free 2712K/2812K, paused 4ms+5ms, total 55ms
I/CalendarProvider2( 2936): Created com.android.providers.calendar.CalendarAlarmManager@420c75c8(com.android.providers.calendar.CalendarProvider2@420be7e8)
I/ActivityManager( 2631): Delay finish: com.android.providers.media/.MediaScannerReceiver
I/ActivityManager( 2631): Delaying start of: ServiceRecord{4230b378 u0 com.android.providers.calendar/.EmptyService}
D/TouchD  ( 2320): Entering CheckVIDinlsusb()
D/TouchD  ( 2320): Command busybox lsusb | grep 0eef output to /dev/null failed.
D/TouchD  ( 2320): Entering CheckIniDevPID
W/audio_hw_primary( 2257): open output stream devices 1024, format 1, channels 0, sample_rate 0, flag 1
W/audio_hw_primary( 2257): adev_open_output_stream() HDMI multichannel
W/audio_hw_primary( 2257): out_read_hdmi_channel_masks() card 1 got 2 sup channels
W/audio_hw_primary( 2257): out_read_hdmi_rates() card 1 got 32000 sup rates
W/audio_hw_primary( 2257): out_read_hdmi_rates() card 1 got 44100 sup rates
W/audio_hw_primary( 2257): out_read_hdmi_rates() card 1 got 48000 sup rates
W/audio_hw_primary( 2257): opened out stream...1092074848
I/AudioFlinger( 2257): HAL output buffer size 192 frames, normal mix buffer size 192 frames
W/audio_hw_primary( 2257): out get parameters query sup_sampling_rates=, reply sup_sampling_rates=32000|44100|48000
W/audio_hw_primary( 2257): out get parameters query sup_channels=, reply sup_channels=AUDIO_CHANNEL_OUT_STEREO
I/AudioFlinger( 2257): AudioFlinger's thread 0x417db7b0 ready to run
W/audio_hw_primary( 2257): out_set_parameters closing=true, ret -2, out 1092074848
W/audio_hw_primary( 2257): out_set_parameters exiting=1, ret -2, out 1092074848
W/audio_hw_primary( 2257): adev_close_output_stream...1092074848
D/dalvikvm( 2796): GC_CONCURRENT freed 205K, 9% free 2885K/3152K, paused 3ms+4ms, total 23ms
W/audio_hw_primary( 2257): out_set_parameters routing=0, ret 1, out 1074714616
D/dalvikvm( 2796): GC_CONCURRENT freed 279K, 11% free 3001K/3340K, paused 3ms+2ms, total 25ms
D/dalvikvm( 2796): null clazz in OP_INSTANCE_OF, single-stepping
D/dalvikvm( 2796): GC_CONCURRENT freed 383K, 13% free 3029K/3472K, paused 3ms+3ms, total 19ms
V/MediaScanner( 2796): pruneDeadThumbnailFiles... android.database.sqlite.SQLiteCursor@420ba428
V/MediaScanner( 2796): /pruneDeadThumbnailFiles... android.database.sqlite.SQLiteCursor@420ba428
I/ActivityManager( 2631): Resuming delayed broadcast
I/ActivityManager( 2631): Start proc com.android.mms for broadcast com.android.mms/.transaction.MmsSystemEventReceiver: pid=2983 uid=10009 gids={50009, 3003, 1028, 1015}
D/CountryDetector( 2631): The first listener is added
V/MmsConfig( 2983): mnc/mcc: 
V/MmsConfig( 2983): tag: bool value: enabledMMS - true
V/MmsConfig( 2983): tag: int value: maxMessageSize - 307200
V/MmsConfig( 2983): tag: int value: maxImageHeight - 480
V/MmsConfig( 2983): tag: int value: maxImageWidth - 640
V/MmsConfig( 2983): tag: int value: defaultSMSMessagesPerThread - 10000
V/MmsConfig( 2983): tag: int value: defaultMMSMessagesPerThread - 1000
V/MmsConfig( 2983): tag: int value: minMessageCountPerThread - 10
V/MmsConfig( 2983): tag: int value: maxMessageCountPerThread - 5000
V/MmsConfig( 2983): tag: string value: uaProfUrl - http://www.google.com/oha/rdf/ua-profile-kila.xml
V/MmsConfig( 2983): tag: int value: recipientLimit - -1
V/MmsConfig( 2983): tag: bool value: enableMultipartSMS - true
V/MmsConfig( 2983): tag: int value: smsToMmsTextThreshold - -1
V/MmsConfig( 2983): tag: bool value: enableSlideDuration - true
V/MmsConfig( 2983): tag: int value: maxMessageTextSize - -1
I/ActivityManager( 2631): Delay finish: com.android.mms/.transaction.MmsSystemEventReceiver
I/ActivityManager( 2631): Resuming delayed broadcast
I/ActivityManager( 2631): Delay finish: com.android.mms/.transaction.SmsReceiver
I/ActivityManager( 2631): Resuming delayed broadcast
I/ActivityManager( 2631): Start proc com.android.onetimeinitializer for broadcast com.android.onetimeinitializer/.OneTimeInitializerReceiver: pid=3011 uid=10011 gids={50011}
D/Mms:app ( 2983): cancelNotification
V/OneTimeInitializerRece( 3011): OneTimeInitializerReceiver.onReceive
I/ActivityManager( 2631): Delay finish: com.android.onetimeinitializer/.OneTimeInitializerReceiver
I/ActivityManager( 2631): Resuming delayed broadcast
I/ActivityManager( 2631): Start proc com.android.calendar for broadcast com.android.calendar/.alerts.AlertReceiver: pid=3026 uid=10019 gids={50019, 3003}
D/ExtensionsFactory( 3026): No custom extensions.
D/AlertReceiver( 3026): onReceive: a=android.intent.action.BOOT_COMPLETED Intent { act=android.intent.action.BOOT_COMPLETED flg=0x8000010 cmp=com.android.calendar/.alerts.AlertReceiver (has extras) }
D/AlertService( 3026): 0 Action = android.intent.action.BOOT_COMPLETED
I/ActivityManager( 2631): Delay finish: com.android.calendar/.alerts.AlertReceiver
D/AlertService( 3026): Scheduling next alarm with AlarmScheduler. sEventReminderReceived: null
D/AlarmScheduler( 3026): No events found starting within 1 week.
I/CalendarProvider2( 2936): Sending notification intent: Intent { act=android.intent.action.PROVIDER_CHANGED dat=content://com.android.calendar }
W/ContentResolver( 2936): Failed to get type for: content://com.android.calendar (Unknown URL content://com.android.calendar)
I/ActivityManager( 2631): Resuming delayed broadcast
I/ActivityManager( 2631): Start proc com.android.deskclock for broadcast com.android.deskclock/.AlarmInitReceiver: pid=3046 uid=10023 gids={50023, 1028}
V/AlarmClock( 3046): AlarmInitReceiver android.intent.action.BOOT_COMPLETED
V/AlarmClock( 3046): AlarmInitReceiver - Reset timers and clear stopwatch data
I/AlarmClock( 3046): Displaying next alarm time: ''
V/AlarmClock( 3046): AlarmInitReceiver finished
I/ActivityManager( 2631): Start proc com.android.email for broadcast com.android.email/.service.EmailBroadcastReceiver: pid=3063 uid=10026 gids={50026, 3003, 1028, 1015}
D/ActivityThread( 3063): Loading provider com.android.email.provider;com.android.email.notifier: com.android.email.provider.EmailProvider
D/ActivityThread( 3063): Loading provider com.android.email.provider;com.android.email.notifier: com.android.email.provider.EmailProvider
I/ActivityManager( 2631): Delay finish: com.android.email/.service.EmailBroadcastReceiver
D/dalvikvm( 3063): GC_CONCURRENT freed 217K, 9% free 2898K/3184K, paused 4ms+2ms, total 19ms
W/ActivityManager( 2631): Unable to start service Intent { cmp=com.android.email/.service.AttachmentDownloadService } U=0: not found
I/Email   ( 3063): Observing account changes for notifications
W/ActivityManager( 2631): Unable to start service Intent { cmp=com.android.email/.service.AttachmentDownloadService } U=0: not found
W/ActivityManager( 2631): Unable to start service Intent { cmp=com.android.email/.service.AttachmentDownloadService } U=0: not found
I/ActivityManager( 2631): Delaying start of: ServiceRecord{422d6368 u0 com.android.exchange/.service.EmailSyncAdapterService}
I/ActivityManager( 2631): Start proc com.android.exchange for service com.android.exchange/.service.EmailSyncAdapterService: pid=3085 uid=10027 gids={50027, 3003, 1028, 1015}
I/ActivityManager( 2631): Resuming delayed broadcast
I/LauncherIconVisibilityManager( 2811): Boot has been completed
I/LauncherIconVisibilityManager( 2811): Activity has already been disabled: ComponentInfo{com.android.inputmethod.latin/com.android.inputmethod.latin.setup.SetupActivity}
V/SmsReceiverService( 2983): onStart: #1 mResultCode: -1 = Activity.RESULT_OK
D/AlertReceiver( 3026): onReceive: a=android.intent.action.PROVIDER_CHANGED Intent { act=android.intent.action.PROVIDER_CHANGED dat=content://com.android.calendar flg=0x10 cmp=com.android.calendar/.alerts.AlertReceiver }
D/AlertService( 3026): 0 Action = android.intent.action.PROVIDER_CHANGED
I/ActivityManager( 2631): Delay finish: com.android.calendar/.alerts.AlertReceiver
D/TouchD  ( 2320): Entering CheckVIDinlsusb()
D/TouchD  ( 2320): Command busybox lsusb | grep 0eef output to /dev/null failed.
D/TouchD  ( 2320): Entering CheckIniDevPID
D/TouchD  ( 2320): Entering CheckVIDinlsusb()
D/TouchD  ( 2320): Command busybox lsusb | grep 0eef output to /dev/null failed.
D/TouchD  ( 2320): Entering CheckIniDevPID
I/GlobalDismissManager( 3026): no sender configured
D/AlertService( 3026): Beginning updateAlertNotification
D/AlertService( 3026): No fired or scheduled alerts
D/AlertService( 3026): Scheduling next alarm with AlarmScheduler. sEventReminderReceived: null
D/AlarmScheduler( 3026): No events found starting within 1 week.
I/ActivityManager( 2631): Resuming delayed broadcast
I/ActivityManager( 2631): Delay finish: com.android.providers.calendar/.CalendarProviderBroadcastReceiver
I/ActivityManager( 2631): Resuming delayed broadcast
D/TouchD  ( 2320): Entering CheckVIDinlsusb()
D/TouchD  ( 2320): Command busybox lsusb | grep 0eef output to /dev/null failed.
D/TouchD  ( 2320): Entering CheckIniDevPID
D/TouchD  ( 2320): Entering CheckVIDinlsusb()
D/TouchD  ( 2320): Command busybox lsusb | grep 0eef output to /dev/null failed.
D/TouchD  ( 2320): Entering CheckIniDevPID
I/ActivityManager( 2631): Waited long enough for: ServiceRecord{4231cb70 u0 com.android.music/.MediaPlaybackService}
D/TouchD  ( 2320): Entering CheckVIDinlsusb()
D/TouchD  ( 2320): Command busybox lsusb | grep 0eef output to /dev/null failed.
D/TouchD  ( 2320): Entering CheckIniDevPID
I/ActivityManager( 2631): Waited long enough for: ServiceRecord{4234b820 u0 com.android.calendar/.alerts.InitAlarmsService}
D/TouchD  ( 2320): Entering CheckVIDinlsusb()
D/TouchD  ( 2320): Command busybox lsusb | grep 0eef output to /dev/null failed.
D/TouchD  ( 2320): Entering CheckIniDevPID
