--------- beginning of /dev/log/main
D/MagDaemon( 2265): init_sensors
I/installd( 2258): installd firing up
I/DEBUG   ( 2253): debuggerd: Sep 10 2015 13:16:36
I/Netd    ( 2252): Netd 1.0 starting
W/InterfaceController( 2252): Warning (dlopen failed: library "/system/lib/libnetcmdiface.so" not found) while opening the net interface command library
D/MagDaemon( 2265): couldn't find 'FreescaleAccelerometer' input device
D/MagDaemon( 2265): inital sensor error
E/DirectVolume( 2251): Vold managed volumes must have auto mount point; ignoring /mnt/media_rw/udisk
E/DirectVolume( 2251): Vold managed volumes must have auto mount point; ignoring /mnt/media_rw/sata
--------- beginning of /dev/log/system
I/Vold    ( 2251): Vold 2.1 (the revenge) firing up
D/Vold    ( 2251): load fstab = /fstab.freescale
D/Vold    ( 2251): Volume udisk state changing -1 (Initializing) -> 0 (No-Media)
D/Vold    ( 2251): Volume sata state changing -1 (Initializing) -> 0 (No-Media)
W/linker  ( 2260): libhuawei-ril.so has text relocations. This is wasting memory and is a security risk. Please fix.
E/TouchD  ( 2261): Remove all old debug log failed.
D/TouchD  ( 2261): 
D/TouchD  ( 2261): 			Tue Nov 10 17:07:59 2015
D/TouchD  ( 2261): 			
D/TouchD  ( 2261): File: read - /data/eGTouchA.ini
D/TouchD  ( 2261): Device[0] PID [null] was set to add to module.
D/TouchD  ( 2261): Device[1] PID [null] was set to add to module.
D/TouchD  ( 2261): Daemon Version: [2.5.3710]
D/TouchD  ( 2261): Run process as a background daemon
D/TouchD  ( 2320): ===============   Entering GetEnvironment   ===============
D/TouchD  ( 2320): Android Version: 4.4
D/TouchD  ( 2320): Entering GetKernelVersion
D/TouchD  ( 2320): Kernel_Version = 3.0.35
D/TouchD  ( 2320): Entering GetCPUinfo
D/TouchD  ( 2320): Command uname -m output to /dev/null failed.
D/TouchD  ( 2320): Get CPU Info failed
D/TouchD  ( 2320): Entering ListEETIUsbDevice
D/TouchD  ( 2320): ---------------  Done with GetEnvironment   ---------------
D/TouchD  ( 2320): Current PID = 2320
D/TouchD  ( 2320): Loop in endless scan
D/TouchD  ( 2320): Entering EndlessScanLoop
D/TouchD  ( 2320): Entering CheckVIDinlsusb()
D/TouchD  ( 2320): Command busybox lsusb | grep 0eef output to /dev/null failed.
D/TouchD  ( 2320): Entering CheckIniDevPID
I/SurfaceFlinger( 2254): SurfaceFlinger is starting
I/SurfaceFlinger( 2254): SurfaceFlinger's main thread ready to run. Initializing graphics H/W...
I/mediaserver( 2257): ServiceManager: 0x40dc5538
I/AudioFlinger( 2257): Using default 3000 mSec as standby time.
I/CameraService( 2257): CameraService started (pid=2257)
D/libEGL  ( 2254): loaded /system/lib/egl/libEGL_VIVANTE.so
I/CameraService( 2257): Loaded "Freescale CameraHal Module" camera module
I/FslCameraHAL( 2257): Face Back Camera is 0, orient is 0
I/FslCameraHAL( 2257): Face Front Camera is 0, orient is 0
I/AudioPolicyManagerBase( 2257): loadAudioPolicyConfig() loaded /system/etc/audio_policy.conf
W/audio_hw_primary( 2257): card 0, id sgtl5000audio ,driver sgtl5000-audio, name sgtl5000-audio
W/audio_hw_primary( 2257): out rate 44100
W/audio_hw_primary( 2257): in rate 44100, channels 2 format 0
W/audio_hw_primary( 2257): card 1, id imxhdmisoc ,driver imx-hdmi-soc, name imx-hdmi-soc
W/audio_hw_primary( 2257): out rate 44100
W/audio_hw_primary( 2257): in rate 0, channels 0 format 0
I/AudioFlinger( 2257): loadHwModule() Loaded primary audio interface from Freescale i.MX Audio HW HAL (audio) handle 1
W/audio_hw_primary( 2257): open output stream devices 2, format 1, channels 3, sample_rate 44100, flag 2
W/audio_hw_primary( 2257): opened out stream...1074714616
I/AudioFlinger( 2257): HAL output buffer size 192 frames, normal mix buffer size 768 frames
I/AudioMixer( 2257): found effect "Multichannel Downmix To Stereo" from The Android Open Source Project
E/MonoPipe( 2257): Failed to fetch local time frequency when constructing a MonoPipe (res = -32).  getNextWriteTimestamp calls will be non-functional
D/libEGL  ( 2254): loaded /system/lib/egl/libGLESv1_CM_VIVANTE.so
D/libEGL  ( 2254): loaded /system/lib/egl/libGLESv2_VIVANTE.so
W/imx6.gralloc( 2254): 32bpp setting of Framebuffer catched!
W/imx6.gralloc( 2254): using (fd=15)
W/imx6.gralloc( 2254): id           = DISP4 BG - DI1
W/imx6.gralloc( 2254): xres         = 1920 px
W/imx6.gralloc( 2254): yres         = 1080 px
W/imx6.gralloc( 2254): xres_virtual = 1920 px
W/imx6.gralloc( 2254): yres_virtual = 3456 px
W/imx6.gralloc( 2254): bpp          = 32
W/imx6.gralloc( 2254): r            =  0:8
W/imx6.gralloc( 2254): g            =  8:8
W/imx6.gralloc( 2254): b            = 16:8
W/imx6.gralloc( 2254): width        = 480 mm (101.599998 dpi)
W/imx6.gralloc( 2254): height       = 270 mm (101.599998 dpi)
W/imx6.gralloc( 2254): refresh rate = 60.00 Hz
I/v_hwc   ( 2254): Default primary display
I/v_hwc   ( 2254): xres         = 1920 px
I/v_hwc   ( 2254): yres         = 1080 px
I/v_hwc   ( 2254): xdpi         = 101.6 dpi
I/v_hwc   ( 2254): ydpi         = 101.6 dpi
I/v_hwc   ( 2254): refresh rate = 60.0 Hz
I/v_hwc   ( 2254): External display
I/v_hwc   ( 2254): xres         = 1920 px
I/v_hwc   ( 2254): yres         = 1080 px
I/v_hwc   ( 2254): xdpi         = 0.0 dpi
I/v_hwc   ( 2254): ydpi         = 0.0 dpi
I/v_hwc   ( 2254): refresh rate = 60.0 Hz
I/v_hwc   ( 2254): Virtual display @2 initialized.
I/v_hwc   ( 2254): Vivante HWComposer v2.4
I/v_hwc   ( 2254): Device:               0x40dbe3d8
I/v_hwc   ( 2254): Separated 2D:         YES
I/v_hwc   ( 2254): 2D PE20:              YES
I/v_hwc   ( 2254): Multi-source blit:    NO
I/v_hwc   ( 2254): Multi-source blit Ex: NO
I/v_hwc   ( 2254): OPF/YUV blit/Tiling : NO
I/v_hwc   ( 2254): Filter stretch      : YES
I/FslHwcomposer( 2254): using viv hwc!
I/FslHwcomposer( 2254): fb0 is hdmi
I/FslHwcomposer( 2254):  device
I/FslHwcomposer( 2254): fb0 device plugin
I/FslHwcomposer( 2254): fb1 is overlay device
I/FslHwcomposer( 2254): fb2 is lcd
I/FslHwcomposer( 2254):  device
I/FslHwcomposer( 2254): fb3 is overlay device
W/FslHwcomposer( 2254): open /sys/class/graphics/fb4 failed
W/FslHwcomposer( 2254): open /sys/class/graphics/fb5 failed
I/FslHwcomposer( 2254): hwcomposer: open framebuffer fb0
I/FslHwcomposer( 2254): hwcomposer: open framebuffer fb2
W/imx6.gralloc( 2254): 32bpp setting of Framebuffer catched!
W/imx6.gralloc( 2254): using (fd=24)
W/imx6.gralloc( 2254): id           = DISP3 BG
W/imx6.gralloc( 2254): xres         = 1920 px
W/imx6.gralloc( 2254): yres         = 1080 px
W/imx6.gralloc( 2254): xres_virtual = 1920 px
W/imx6.gralloc( 2254): yres_virtual = 3456 px
W/imx6.gralloc( 2254): bpp          = 32
W/imx6.gralloc( 2254): r            =  0:8
W/imx6.gralloc( 2254): g            =  8:8
W/imx6.gralloc( 2254): b            = 16:8
W/imx6.gralloc( 2254): width        = 305 mm (159.895081 dpi)
W/imx6.gralloc( 2254): height       = 171 mm (160.421051 dpi)
W/imx6.gralloc( 2254): refresh rate = 60.00 Hz
I/FslHwcomposer( 2254): hwc_device_open,411
I/SurfaceFlinger( 2254): Using composer version 1.3
W/SurfaceFlinger( 2254): no suitable EGLConfig found, trying a simpler query
I/SurfaceFlinger( 2254): EGL informations:
I/SurfaceFlinger( 2254): vendor    : Android
I/SurfaceFlinger( 2254): version   : 1.4 Android META-EGL
I/SurfaceFlinger( 2254): extensions: EGL_KHR_get_all_proc_addresses EGL_ANDROID_presentation_time EGL_KHR_image EGL_KHR_image_base EGL_KHR_image_pixmap EGL_KHR_lock_surface EGL_KHR_gl_texture_2D_image EGL_KHR_gl_texture_cubemap_image EGL_KHR_gl_renderbuffer_image EGL_KHR_reusable_sync EGL_KHR_fence_sync EGL_ANDROID_image_native_buffer EGL_ANDROID_recordable 
I/SurfaceFlinger( 2254): Client API: OpenGL_ES
I/SurfaceFlinger( 2254): EGLSurface: 8-8-8-8, config=0x4bdccc60
I/SurfaceFlinger( 2254): OpenGL ES informations:
I/SurfaceFlinger( 2254): vendor    : Vivante Corporation
I/SurfaceFlinger( 2254): renderer  : Vivante GC2000
I/SurfaceFlinger( 2254): version   : OpenGL ES 2.0
I/SurfaceFlinger( 2254): extensions: GL_EXT_debug_marker GL_OES_compressed_ETC1_RGB8_texture GL_OES_compressed_paletted_texture GL_OES_EGL_image GL_OES_depth24 GL_OES_fbo_render_mipmap GL_OES_fragment_precision_high GL_OES_rgb8_rgba8 GL_OES_stencil1 GL_OES_stencil4 GL_OES_texture_npot GL_OES_vertex_half_float GL_OES_depth_texture GL_OES_packed_depth_stencil GL_OES_standard_derivatives GL_OES_get_program_binary GL_EXT_texture_format_BGRA8888 GL_IMG_read_format GL_EXT_blend_minmax GL_EXT_read_format_bgra GL_EXT_multi_draw_arrays GL_APPLE_texture_format_BGRA8888 GL_APPLE_texture_max_level GL_ARM_rgba8 GL_EXT_frag_depth GL_VIV_shader_binary GL_VIV_direct_texture GL_OES_mapbuffer GL_OES_EGL_image_external GL_EXT_discard_framebuffer GL_EXT_multisampled_render_to_texture GL_VIV_clamp_to_border GL_OES_vertex_type_10_10_10_2 GL_EXT_texture_type_2_10_10_10_REV GL_EXT_texture_filter_anisotropic GL_OES_element_index_uint
I/SurfaceFlinger( 2254): GL_MAX_TEXTURE_SIZE = 8192
I/SurfaceFlinger( 2254): GL_MAX_VIEWPORT_DIMS = 8192
E/SurfaceFlinger( 2254): HWComposer: framebufferTarget is null
E/SurfaceFlinger( 2254): HWComposer: framebufferTarget is null
E/SurfaceFlinger( 2254): HWComposer: framebufferTarget is null
E/SurfaceFlinger( 2254): HWComposer: framebufferTarget is null
E/SurfaceFlinger( 2254): HWComposer: framebufferTarget is null
E/SurfaceFlinger( 2254): HWComposer: framebufferTarget is null
E/SurfaceFlinger( 2254): HWComposer: framebufferTarget is null
E/SurfaceFlinger( 2254): HWComposer: framebufferTarget is null
D/SurfaceFlinger( 2254): marking display 1 as acquired/unblanked
D/SurfaceFlinger( 2254): Screen acquired, type=0 flinger=0x40dbb450
D/libEGL  ( 2481): loaded /system/lib/egl/libEGL_VIVANTE.so
D/libEGL  ( 2481): loaded /system/lib/egl/libGLESv1_CM_VIVANTE.so
D/libEGL  ( 2481): loaded /system/lib/egl/libGLESv2_VIVANTE.so
D/AndroidRuntime( 2255): 
D/AndroidRuntime( 2255): >>>>>> AndroidRuntime START com.android.internal.os.ZygoteInit <<<<<<
D/AndroidRuntime( 2255): CheckJNI is ON
I/AndroidRuntime( 2255): JNI options: '-Xjniopts:warnonly'
E/BufferQueue( 2254): [BootAnimation] dequeueBuffer: can't dequeue multiple buffers without setting the buffer count
I/v_hwc   ( 2254): Display(0x4009b008) detected: format=306 1920x1080
I/v_hwc   ( 2254): Display buffer(0x400bb250) detected: physical=0x6e400000
I/v_hwc   ( 2254): Display buffer(0x4006e540) detected: physical=0x6ec70000
I/v_hwc   ( 2254): Display buffer(0x4006e448) detected: physical=0x6f4e0000
V/NatController( 2252): runCmd(/system/bin/iptables -F natctrl_FORWARD) res=0
V/NatController( 2252): runCmd(/system/bin/iptables -A natctrl_FORWARD -j DROP) res=0
V/NatController( 2252): runCmd(/system/bin/iptables -t nat -F natctrl_nat_POSTROUTING) res=0
V/NatController( 2252): runCmd(/system/bin/ip rule flush) res=0
V/NatController( 2252): runCmd(/system/bin/ip -6 rule flush) res=0
V/NatController( 2252): runCmd(/system/bin/ip rule add from all lookup default prio 32767) res=0
V/NatController( 2252): runCmd(/system/bin/ip rule add from all lookup main prio 32766) res=0
V/NatController( 2252): runCmd(/system/bin/ip -6 rule add from all lookup default prio 32767) res=0
V/NatController( 2252): runCmd(/system/bin/ip -6 rule add from all lookup main prio 32766) res=0
V/NatController( 2252): runCmd(/system/bin/ip route flush cache) res=0
V/NatController( 2252): runCmd(/system/bin/iptables -F natctrl_tether_counters) res=1
V/NatController( 2252): runCmd(/system/bin/iptables -X natctrl_tether_counters) res=1
V/NatController( 2252): runCmd(/system/bin/iptables -N natctrl_tether_counters) res=0
D/dalvikvm( 2255): Trying to load lib libjavacore.so 0x0
D/dalvikvm( 2255): Added shared lib libjavacore.so 0x0
D/dalvikvm( 2255): Trying to load lib libnativehelper.so 0x0
D/dalvikvm( 2255): Added shared lib libnativehelper.so 0x0
D/dalvikvm( 2255): No JNI_OnLoad found in libnativehelper.so 0x0, skipping init
D/MDnsDS  ( 2252): MDnsSdListener::Hander starting up
D/MDnsDS  ( 2252): MDnsSdListener starting to monitor
D/MDnsDS  ( 2252): Going to poll with pollCount 1
D/TouchD  ( 2320): Entering CheckVIDinlsusb()
D/TouchD  ( 2320): Command busybox lsusb | grep 0eef output to /dev/null failed.
D/TouchD  ( 2320): Entering CheckIniDevPID
D/dalvikvm( 2255): Note: class Landroid/app/ActivityManagerNative; has 179 unimplemented (abstract) methods
E/memtrack( 2255): Couldn't load memtrack module (No such file or directory)
E/android.os.Debug( 2255): failed to load memtrack module: -2
I/ethernet( 2255): Loading ethernet jni class
I/SamplingProfilerIntegration( 2255): Profiling disabled.
I/Zygote  ( 2255): Preloading classes...
D/dalvikvm( 2255): GC_EXPLICIT freed 40K, 8% free 520K/564K, paused 0ms+0ms, total 3ms
D/dalvikvm( 2255): GC_EXPLICIT freed 3K, 4% free 597K/616K, paused 0ms+1ms, total 3ms
D/dalvikvm( 2255): GC_EXPLICIT freed 16K, 3% free 641K/660K, paused 1ms+0ms, total 6ms
D/dalvikvm( 2255): GC_EXPLICIT freed 19K, 4% free 675K/696K, paused 2ms+0ms, total 7ms
D/dalvikvm( 2255): GC_EXPLICIT freed 10K, 2% free 719K/732K, paused 0ms+1ms, total 6ms
D/dalvikvm( 2255): GC_EXPLICIT freed 27K, 4% free 747K/776K, paused 1ms+0ms, total 7ms
D/dalvikvm( 2255): GC_EXPLICIT freed 32K, 5% free 769K/804K, paused 1ms+0ms, total 4ms
D/dalvikvm( 2255): GC_EXPLICIT freed 7K, 2% free 822K/832K, paused 1ms+1ms, total 5ms
D/dalvikvm( 2255): GC_EXPLICIT freed 29K, 4% free 847K/880K, paused 1ms+0ms, total 5ms
D/TextLayoutCache( 2255): Using debug level = 0 - Debug Enabled = 0
D/dalvikvm( 2255): WAIT_FOR_CONCURRENT_GC blocked 1ms
D/dalvikvm( 2255): GC_EXPLICIT freed 14K, 3% free 885K/904K, paused 2ms+2ms, total 8ms
I/dalvikvm( 2255): threadid=1: recursive native library load attempt (/system/lib/libmedia_jni.so)
D/MtpDeviceJNI( 2255): register_android_mtp_MtpDevice
I/dalvikvm( 2255): threadid=1: recursive native library load attempt (/system/lib/libmedia_jni.so)
I/dalvikvm( 2255): threadid=1: recursive native library load attempt (/system/lib/libmedia_jni.so)
I/dalvikvm( 2255): threadid=1: recursive native library load attempt (/system/lib/libmedia_jni.so)
D/dalvikvm( 2255): GC_EXPLICIT freed 19K, 3% free 921K/944K, paused 0ms+1ms, total 5ms
D/dalvikvm( 2255): GC_EXPLICIT freed 21K, 3% free 957K/980K, paused 1ms+0ms, total 6ms
D/dalvikvm( 2255): GC_EXPLICIT freed 14K, 2% free 995K/1012K, paused 1ms+1ms, total 6ms
D/dalvikvm( 2255): GC_EXPLICIT freed 28K, 3% free 1021K/1052K, paused 1ms+0ms, total 7ms
D/dalvikvm( 2255): GC_EXPLICIT freed 16K, 2% free 1076K/1096K, paused 1ms+1ms, total 9ms
E/EmojiFactory_jni( 2255): Failed to load libemoji.so: dlopen failed: library "libemoji.so" not found
D/dalvikvm( 2255): GC_EXPLICIT freed 30K, 3% free 1392K/1424K, paused 1ms+1ms, total 13ms
D/dalvikvm( 2255): GC_EXPLICIT freed 35K, 3% free 1416K/1456K, paused 0ms+1ms, total 8ms
D/dalvikvm( 2255): GC_EXPLICIT freed 30K, 3% free 1440K/1476K, paused 1ms+1ms, total 10ms
D/dalvikvm( 2255): GC_EXPLICIT freed 37K, 3% free 1457K/1500K, paused 1ms+1ms, total 14ms
I/LibraryLoader( 2255): loading: webviewchromium
D/TouchD  ( 2320): Entering CheckVIDinlsusb()
D/TouchD  ( 2320): Command busybox lsusb | grep 0eef output to /dev/null failed.
D/TouchD  ( 2320): Entering CheckIniDevPID
I/LibraryLoader( 2255): loaded: webviewchromium
D/dalvikvm( 2255): GC_EXPLICIT freed 16K, 2% free 1500K/1520K, paused 1ms+1ms, total 13ms
D/dalvikvm( 2255): GC_EXPLICIT freed 24K, 2% free 1528K/1556K, paused 0ms+2ms, total 10ms
D/dalvikvm( 2255): GC_EXPLICIT freed 81K, 6% free 1574K/1660K, paused 1ms+2ms, total 14ms
D/dalvikvm( 2255): GC_EXPLICIT freed 36K, 5% free 1593K/1660K, paused 1ms+1ms, total 13ms
D/dalvikvm( 2255): GC_EXPLICIT freed 31K, 3% free 1618K/1660K, paused 1ms+1ms, total 10ms
D/dalvikvm( 2255): GC_EXPLICIT freed 19K, 2% free 1681K/1704K, paused 1ms+2ms, total 12ms
D/dalvikvm( 2255): GC_EXPLICIT freed 23K, 2% free 1712K/1740K, paused 2ms+1ms, total 12ms
D/dalvikvm( 2255): GC_EXPLICIT freed 29K, 2% free 1738K/1772K, paused 1ms+2ms, total 11ms
D/dalvikvm( 2255): GC_FOR_ALLOC freed 250K, 12% free 1999K/2252K, paused 15ms, total 15ms
D/dalvikvm( 2255): GC_EXPLICIT freed 209K, 10% free 2119K/2336K, paused 2ms+2ms, total 22ms
D/dalvikvm( 2255): GC_EXPLICIT freed 35K, 9% free 2138K/2336K, paused 1ms+1ms, total 15ms
D/dalvikvm( 2255): GC_EXPLICIT freed 25K, 8% free 2171K/2344K, paused 1ms+1ms, total 14ms
W/Zygote  ( 2255): Class not found for preloading: java.lang.UnsafeByteSequence
D/dalvikvm( 2255): GC_EXPLICIT freed 37K, 7% free 2191K/2344K, paused 1ms+2ms, total 19ms
D/dalvikvm( 2255): GC_EXPLICIT freed 40K, 6% free 2208K/2344K, paused 1ms+1ms, total 18ms
D/dalvikvm( 2255): GC_EXPLICIT freed 42K, 6% free 2221K/2344K, paused 1ms+1ms, total 15ms
I/System  ( 2255): Loaded time zone names for "" in 93ms (87ms in ICU)
I/System  ( 2255): Loaded time zone names for "en_US" in 63ms (57ms in ICU)
D/dalvikvm( 2255): GC_EXPLICIT freed 204K, 9% free 2389K/2612K, paused 1ms+2ms, total 20ms
D/dalvikvm( 2255): GC_EXPLICIT freed 14K, 7% free 2453K/2612K, paused 1ms+1ms, total 20ms
D/dalvikvm( 2255): GC_EXPLICIT freed 30K, 6% free 2479K/2612K, paused 1ms+2ms, total 16ms
D/dalvikvm( 2255): GC_EXPLICIT freed 34K, 5% free 2499K/2612K, paused 1ms+1ms, total 20ms
D/dalvikvm( 2255): GC_EXPLICIT freed 32K, 4% free 2521K/2612K, paused 2ms+2ms, total 20ms
D/dalvikvm( 2255): GC_EXPLICIT freed 29K, 3% free 2546K/2612K, paused 1ms+2ms, total 16ms
I/Zygote  ( 2255): ...preloaded 2777 classes in 4398ms.
D/dalvikvm( 2255): GC_EXPLICIT freed 17K, 3% free 2549K/2612K, paused 1ms+1ms, total 17ms
I/Zygote  ( 2255): Preloading resources...
W/Resources( 2255): Preloaded drawable resource #0x1080096 (android:drawable/toast_frame) that varies with configuration!!
W/Resources( 2255): Preloaded drawable resource #0x1080105 (android:drawable/btn_check_on_pressed_holo_light) that varies with configuration!!
W/Resources( 2255): Preloaded drawable resource #0x1080104 (android:drawable/btn_check_on_pressed_holo_dark) that varies with configuration!!
W/Resources( 2255): Preloaded drawable resource #0x1080102 (android:drawable/btn_check_on_holo_light) that varies with configuration!!
W/Resources( 2255): Preloaded drawable resource #0x1080101 (android:drawable/btn_check_on_holo_dark) that varies with configuration!!
W/Resources( 2255): Preloaded drawable resource #0x10800ff (android:drawable/btn_check_on_focused_holo_light) that varies with configuration!!
W/Resources( 2255): Preloaded drawable resource #0x10800fe (android:drawable/btn_check_on_focused_holo_dark) that varies with configuration!!
D/dalvikvm( 2255): GC_EXPLICIT freed 34K, 3% free 2569K/2648K, paused 2ms+2ms, total 22ms
W/Resources( 2255): Preloaded drawable resource #0x10800fd (android:drawable/btn_check_on_disabled_holo_light) that varies with configuration!!
W/Resources( 2255): Preloaded drawable resource #0x10800fc (android:drawable/btn_check_on_disabled_holo_dark) that varies with configuration!!
W/Resources( 2255): Preloaded drawable resource #0x10800fb (android:drawable/btn_check_on_disabled_focused_holo_light) that varies with configuration!!
W/Resources( 2255): Preloaded drawable resource #0x10800fa (android:drawable/btn_check_on_disabled_focused_holo_dark) that varies with configuration!!
W/Resources( 2255): Preloaded drawable resource #0x10800f2 (android:drawable/btn_check_off_pressed_holo_light) that varies with configuration!!
W/Resources( 2255): Preloaded drawable resource #0x10800f1 (android:drawable/btn_check_off_pressed_holo_dark) that varies with configuration!!
W/Resources( 2255): Preloaded drawable resource #0x10800ed (android:drawable/btn_check_off_holo_light) that varies with configuration!!
W/Resources( 2255): Preloaded drawable resource #0x10800ec (android:drawable/btn_check_off_holo_dark) that varies with configuration!!
W/Resources( 2255): Preloaded drawable resource #0x10800ea (android:drawable/btn_check_off_focused_holo_light) that varies with configuration!!
D/dalvikvm( 2255): GC_EXPLICIT freed 59K, 4% free 2562K/2656K, paused 1ms+2ms, total 17ms
W/Resources( 2255): Preloaded drawable resource #0x10800e9 (android:drawable/btn_check_off_focused_holo_dark) that varies with configuration!!
W/Resources( 2255): Preloaded drawable resource #0x10800e8 (android:drawable/btn_check_off_disabled_holo_light) that varies with configuration!!
W/Resources( 2255): Preloaded drawable resource #0x10800e7 (android:drawable/btn_check_off_disabled_holo_dark) that varies with configuration!!
W/Resources( 2255): Preloaded drawable resource #0x10800e6 (android:drawable/btn_check_off_disabled_focused_holo_light) that varies with configuration!!
W/Resources( 2255): Preloaded drawable resource #0x10800e5 (android:drawable/btn_check_off_disabled_focused_holo_dark) that varies with configuration!!
W/Resources( 2255): Preloaded drawable resource #0x1080102 (android:drawable/btn_check_on_holo_light) that varies with configuration!!
W/Resources( 2255): Preloaded drawable resource #0x10800ed (android:drawable/btn_check_off_holo_light) that varies with configuration!!
W/Resources( 2255): Preloaded drawable resource #0x1080105 (android:drawable/btn_check_on_pressed_holo_light) that varies with configuration!!
W/Resources( 2255): Preloaded drawable resource #0x10800f2 (android:drawable/btn_check_off_pressed_holo_light) that varies with configuration!!
W/Resources( 2255): Preloaded drawable resource #0x10800ff (android:drawable/btn_check_on_focused_holo_light) that varies with configuration!!
W/Resources( 2255): Preloaded drawable resource #0x10800ea (android:drawable/btn_check_off_focused_holo_light) that varies with configuration!!
W/Resources( 2255): Preloaded drawable resource #0x10800ed (android:drawable/btn_check_off_holo_light) that varies with configuration!!
W/Resources( 2255): Preloaded drawable resource #0x1080102 (android:drawable/btn_check_on_holo_light) that varies with configuration!!
W/Resources( 2255): Preloaded drawable resource #0x10800fd (android:drawable/btn_check_on_disabled_holo_light) that varies with configuration!!
W/Resources( 2255): Preloaded drawable resource #0x10800e8 (android:drawable/btn_check_off_disabled_holo_light) that varies with configuration!!
W/Resources( 2255): Preloaded drawable resource #0x10800fb (android:drawable/btn_check_on_disabled_focused_holo_light) that varies with configuration!!
W/Resources( 2255): Preloaded drawable resource #0x10800e6 (android:drawable/btn_check_off_disabled_focused_holo_light) that varies with configuration!!
W/Resources( 2255): Preloaded drawable resource #0x10800e8 (android:drawable/btn_check_off_disabled_holo_light) that varies with configuration!!
W/Resources( 2255): Preloaded drawable resource #0x10800fd (android:drawable/btn_check_on_disabled_holo_light) that varies with configuration!!
W/Resources( 2255): Preloaded drawable resource #0x10800dc (android:drawable/btn_check_holo_light) that varies with configuration!!
D/dalvikvm( 2255): GC_EXPLICIT freed 108K, 5% free 2567K/2692K, paused 1ms+2ms, total 23ms
W/Resources( 2255): Preloaded drawable resource #0x1080101 (android:drawable/btn_check_on_holo_dark) that varies with configuration!!
W/Resources( 2255): Preloaded drawable resource #0x10800ec (android:drawable/btn_check_off_holo_dark) that varies with configuration!!
W/Resources( 2255): Preloaded drawable resource #0x1080104 (android:drawable/btn_check_on_pressed_holo_dark) that varies with configuration!!
W/Resources( 2255): Preloaded drawable resource #0x10800f1 (android:drawable/btn_check_off_pressed_holo_dark) that varies with configuration!!
W/Resources( 2255): Preloaded drawable resource #0x10800fe (android:drawable/btn_check_on_focused_holo_dark) that varies with configuration!!
W/Resources( 2255): Preloaded drawable resource #0x10800e9 (android:drawable/btn_check_off_focused_holo_dark) that varies with configuration!!
W/Resources( 2255): Preloaded drawable resource #0x10800ec (android:drawable/btn_check_off_holo_dark) that varies with configuration!!
W/Resources( 2255): Preloaded drawable resource #0x1080101 (android:drawable/btn_check_on_holo_dark) that varies with configuration!!
W/Resources( 2255): Preloaded drawable resource #0x10800fc (android:drawable/btn_check_on_disabled_holo_dark) that varies with configuration!!
W/Resources( 2255): Preloaded drawable resource #0x10800e7 (android:drawable/btn_check_off_disabled_holo_dark) that varies with configuration!!
W/Resources( 2255): Preloaded drawable resource #0x10800fa (android:drawable/btn_check_on_disabled_focused_holo_dark) that varies with configuration!!
W/Resources( 2255): Preloaded drawable resource #0x10800e5 (android:drawable/btn_check_off_disabled_focused_holo_dark) that varies with configuration!!
W/Resources( 2255): Preloaded drawable resource #0x10800e7 (android:drawable/btn_check_off_disabled_holo_dark) that varies with configuration!!
W/Resources( 2255): Preloaded drawable resource #0x10800fc (android:drawable/btn_check_on_disabled_holo_dark) that varies with configuration!!
W/Resources( 2255): Preloaded drawable resource #0x10800db (android:drawable/btn_check_holo_dark) that varies with configuration!!
D/dalvikvm( 2255): GC_EXPLICIT freed 84K, 5% free 2566K/2692K, paused 1ms+2ms, total 17ms
W/Resources( 2255): Preloaded drawable resource #0x1080195 (android:drawable/btn_radio_on_pressed_holo_light) that varies with configuration!!
W/Resources( 2255): Preloaded drawable resource #0x1080194 (android:drawable/btn_radio_on_pressed_holo_dark) that varies with configuration!!
W/Resources( 2255): Preloaded drawable resource #0x1080192 (android:drawable/btn_radio_on_holo_light) that varies with configuration!!
W/Resources( 2255): Preloaded drawable resource #0x1080191 (android:drawable/btn_radio_on_holo_dark) that varies with configuration!!
W/Resources( 2255): Preloaded drawable resource #0x108018f (android:drawable/btn_radio_on_focused_holo_light) that varies with configuration!!
W/Resources( 2255): Preloaded drawable resource #0x108018e (android:drawable/btn_radio_on_focused_holo_dark) that varies with configuration!!
W/Resources( 2255): Preloaded drawable resource #0x108018d (android:drawable/btn_radio_on_disabled_holo_light) that varies with configuration!!
W/Resources( 2255): Preloaded drawable resource #0x108018c (android:drawable/btn_radio_on_disabled_holo_dark) that varies with configuration!!
W/Resources( 2255): Preloaded drawable resource #0x108018b (android:drawable/btn_radio_on_disabled_focused_holo_light) that varies with configuration!!
D/dalvikvm( 2255): GC_EXPLICIT freed 53K, 5% free 2566K/2692K, paused 1ms+2ms, total 25ms
W/Resources( 2255): Preloaded drawable resource #0x108018a (android:drawable/btn_radio_on_disabled_focused_holo_dark) that varies with configuration!!
W/Resources( 2255): Preloaded drawable resource #0x1080187 (android:drawable/btn_radio_off_pressed_holo_light) that varies with configuration!!
W/Resources( 2255): Preloaded drawable resource #0x1080186 (android:drawable/btn_radio_off_pressed_holo_dark) that varies with configuration!!
W/Resources( 2255): Preloaded drawable resource #0x1080184 (android:drawable/btn_radio_off_holo_light) that varies with configuration!!
W/Resources( 2255): Preloaded drawable resource #0x1080183 (android:drawable/btn_radio_off_holo_dark) that varies with configuration!!
W/Resources( 2255): Preloaded drawable resource #0x1080181 (android:drawable/btn_radio_off_focused_holo_light) that varies with configuration!!
W/Resources( 2255): Preloaded drawable resource #0x1080180 (android:drawable/btn_radio_off_focused_holo_dark) that varies with configuration!!
W/Resources( 2255): Preloaded drawable resource #0x108017f (android:drawable/btn_radio_off_disabled_holo_light) that varies with configuration!!
W/Resources( 2255): Preloaded drawable resource #0x108017e (android:drawable/btn_radio_off_disabled_holo_dark) that varies with configuration!!
D/dalvikvm( 2255): GC_EXPLICIT freed 51K, 5% free 2567K/2692K, paused 1ms+2ms, total 17ms
W/Resources( 2255): Preloaded drawable resource #0x108017d (android:drawable/btn_radio_off_disabled_focused_holo_light) that varies with configuration!!
W/Resources( 2255): Preloaded drawable resource #0x108017c (android:drawable/btn_radio_off_disabled_focused_holo_dark) that varies with configuration!!
W/Resources( 2255): Preloaded drawable resource #0x1080128 (android:drawable/btn_default_pressed_holo_light) that varies with configuration!!
W/Resources( 2255): Preloaded drawable resource #0x1080127 (android:drawable/btn_default_pressed_holo_dark) that varies with configuration!!
W/Resources( 2255): Preloaded drawable resource #0x1080124 (android:drawable/btn_default_normal_holo_light) that varies with configuration!!
W/Resources( 2255): Preloaded drawable resource #0x1080123 (android:drawable/btn_default_normal_holo_dark) that varies with configuration!!
W/Resources( 2255): Preloaded drawable resource #0x108011c (android:drawable/btn_default_focused_holo_light) that varies with configuration!!
W/Resources( 2255): Preloaded drawable resource #0x108011b (android:drawable/btn_default_focused_holo_dark) that varies with configuration!!
W/Resources( 2255): Preloaded drawable resource #0x1080119 (android:drawable/btn_default_disabled_holo_light) that varies with configuration!!
W/Resources( 2255): Preloaded drawable resource #0x1080118 (android:drawable/btn_default_disabled_holo_dark) that varies with configuration!!
D/dalvikvm( 2255): GC_EXPLICIT freed 24K, 4% free 2596K/2692K, paused 1ms+2ms, total 19ms
W/Resources( 2255): Preloaded drawable resource #0x1080116 (android:drawable/btn_default_disabled_focused_holo_light) that varies with configuration!!
W/Resources( 2255): Preloaded drawable resource #0x1080115 (android:drawable/btn_default_disabled_focused_holo_dark) that varies with configuration!!
W/Resources( 2255): Preloaded drawable resource #0x1080123 (android:drawable/btn_default_normal_holo_dark) that varies with configuration!!
W/Resources( 2255): Preloaded drawable resource #0x1080118 (android:drawable/btn_default_disabled_holo_dark) that varies with configuration!!
W/Resources( 2255): Preloaded drawable resource #0x1080127 (android:drawable/btn_default_pressed_holo_dark) that varies with configuration!!
W/Resources( 2255): Preloaded drawable resource #0x108011b (android:drawable/btn_default_focused_holo_dark) that varies with configuration!!
W/Resources( 2255): Preloaded drawable resource #0x1080123 (android:drawable/btn_default_normal_holo_dark) that varies with configuration!!
W/Resources( 2255): Preloaded drawable resource #0x1080115 (android:drawable/btn_default_disabled_focused_holo_dark) that varies with configuration!!
W/Resources( 2255): Preloaded drawable resource #0x1080118 (android:drawable/btn_default_disabled_holo_dark) that varies with configuration!!
W/Resources( 2255): Preloaded drawable resource #0x108011d (android:drawable/btn_default_holo_dark) that varies with configuration!!
W/Resources( 2255): Preloaded drawable resource #0x1080124 (android:drawable/btn_default_normal_holo_light) that varies with configuration!!
W/Resources( 2255): Preloaded drawable resource #0x1080119 (android:drawable/btn_default_disabled_holo_light) that varies with configuration!!
W/Resources( 2255): Preloaded drawable resource #0x1080128 (android:drawable/btn_default_pressed_holo_light) that varies with configuration!!
W/Resources( 2255): Preloaded drawable resource #0x108011c (android:drawable/btn_default_focused_holo_light) that varies with configuration!!
W/Resources( 2255): Preloaded drawable resource #0x1080124 (android:drawable/btn_default_normal_holo_light) that varies with configuration!!
W/Resources( 2255): Preloaded drawable resource #0x1080116 (android:drawable/btn_default_disabled_focused_holo_light) that varies with configuration!!
W/Resources( 2255): Preloaded drawable resource #0x1080119 (android:drawable/btn_default_disabled_holo_light) that varies with configuration!!
W/Resources( 2255): Preloaded drawable resource #0x108011e (android:drawable/btn_default_holo_light) that varies with configuration!!
D/dalvikvm( 2255): GC_EXPLICIT freed 55K, 3% free 2627K/2700K, paused 1ms+2ms, total 17ms
W/Resources( 2255): Preloaded drawable resource #0x10801d1 (android:drawable/btn_star_off_normal_holo_light) that varies with configuration!!
W/Resources( 2255): Preloaded drawable resource #0x10801db (android:drawable/btn_star_on_normal_holo_light) that varies with configuration!!
W/Resources( 2255): Preloaded drawable resource #0x10801d7 (android:drawable/btn_star_on_disabled_holo_light) that varies with configuration!!
W/Resources( 2255): Preloaded drawable resource #0x10801cd (android:drawable/btn_star_off_disabled_holo_light) that varies with configuration!!
W/Resources( 2255): Preloaded drawable resource #0x10801dd (android:drawable/btn_star_on_pressed_holo_light) that varies with configuration!!
W/Resources( 2255): Preloaded drawable resource #0x10801d3 (android:drawable/btn_star_off_pressed_holo_light) that varies with configuration!!
W/Resources( 2255): Preloaded drawable resource #0x10801d9 (android:drawable/btn_star_on_focused_holo_light) that varies with configuration!!
W/Resources( 2255): Preloaded drawable resource #0x10801cf (android:drawable/btn_star_off_focused_holo_light) that varies with configuration!!
W/Resources( 2255): Preloaded drawable resource #0x10801d5 (android:drawable/btn_star_on_disabled_focused_holo_light) that varies with configuration!!
D/dalvikvm( 2255): GC_EXPLICIT freed 108K, 5% free 2572K/2708K, paused 1ms+2ms, total 19ms
W/Resources( 2255): Preloaded drawable resource #0x10801cb (android:drawable/btn_star_off_disabled_focused_holo_light) that varies with configuration!!
W/Resources( 2255): Preloaded drawable resource #0x10801d1 (android:drawable/btn_star_off_normal_holo_light) that varies with configuration!!
W/Resources( 2255): Preloaded drawable resource #0x10801db (android:drawable/btn_star_on_normal_holo_light) that varies with configuration!!
W/Resources( 2255): Preloaded drawable resource #0x10801d7 (android:drawable/btn_star_on_disabled_holo_light) that varies with configuration!!
W/Resources( 2255): Preloaded drawable resource #0x10801cd (android:drawable/btn_star_off_disabled_holo_light) that varies with configuration!!
W/Resources( 2255): Preloaded drawable resource #0x10801dd (android:drawable/btn_star_on_pressed_holo_light) that varies with configuration!!
W/Resources( 2255): Preloaded drawable resource #0x10801d3 (android:drawable/btn_star_off_pressed_holo_light) that varies with configuration!!
W/Resources( 2255): Preloaded drawable resource #0x10801d9 (android:drawable/btn_star_on_focused_holo_light) that varies with configuration!!
W/Resources( 2255): Preloaded drawable resource #0x10801cf (android:drawable/btn_star_off_focused_holo_light) that varies with configuration!!
W/Resources( 2255): Preloaded drawable resource #0x10801d5 (android:drawable/btn_star_on_disabled_focused_holo_light) that varies with configuration!!
W/Resources( 2255): Preloaded drawable resource #0x10801d7 (android:drawable/btn_star_on_disabled_holo_light) that varies with configuration!!
W/Resources( 2255): Preloaded drawable resource #0x10801cb (android:drawable/btn_star_off_disabled_focused_holo_light) that varies with configuration!!
W/Resources( 2255): Preloaded drawable resource #0x10801cd (android:drawable/btn_star_off_disabled_holo_light) that varies with configuration!!
W/Resources( 2255): Preloaded drawable resource #0x10801d1 (android:drawable/btn_star_off_normal_holo_light) that varies with configuration!!
W/Resources( 2255): Preloaded drawable resource #0x10801db (android:drawable/btn_star_on_normal_holo_light) that varies with configuration!!
W/Resources( 2255): Preloaded drawable resource #0x10801c8 (android:drawable/btn_star_holo_light) that varies with configuration!!
D/dalvikvm( 2255): GC_EXPLICIT freed 86K, 5% free 2575K/2708K, paused 1ms+2ms, total 17ms
W/Resources( 2255): Preloaded drawable resource #0x10801d0 (android:drawable/btn_star_off_normal_holo_dark) that varies with configuration!!
W/Resources( 2255): Preloaded drawable resource #0x10801da (android:drawable/btn_star_on_normal_holo_dark) that varies with configuration!!
W/Resources( 2255): Preloaded drawable resource #0x10801d6 (android:drawable/btn_star_on_disabled_holo_dark) that varies with configuration!!
W/Resources( 2255): Preloaded drawable resource #0x10801cc (android:drawable/btn_star_off_disabled_holo_dark) that varies with configuration!!
W/Resources( 2255): Preloaded drawable resource #0x10801dc (android:drawable/btn_star_on_pressed_holo_dark) that varies with configuration!!
W/Resources( 2255): Preloaded drawable resource #0x10801d2 (android:drawable/btn_star_off_pressed_holo_dark) that varies with configuration!!
W/Resources( 2255): Preloaded drawable resource #0x10801d8 (android:drawable/btn_star_on_focused_holo_dark) that varies with configuration!!
W/Resources( 2255): Preloaded drawable resource #0x10801ce (android:drawable/btn_star_off_focused_holo_dark) that varies with configuration!!
W/Resources( 2255): Preloaded drawable resource #0x10801d4 (android:drawable/btn_star_on_disabled_focused_holo_dark) that varies with configuration!!
D/dalvikvm( 2255): GC_EXPLICIT freed 53K, 5% free 2574K/2708K, paused 1ms+2ms, total 16ms
W/Resources( 2255): Preloaded drawable resource #0x10801ca (android:drawable/btn_star_off_disabled_focused_holo_dark) that varies with configuration!!
W/Resources( 2255): Preloaded drawable resource #0x10801d0 (android:drawable/btn_star_off_normal_holo_dark) that varies with configuration!!
W/Resources( 2255): Preloaded drawable resource #0x10801da (android:drawable/btn_star_on_normal_holo_dark) that varies with configuration!!
W/Resources( 2255): Preloaded drawable resource #0x10801d6 (android:drawable/btn_star_on_disabled_holo_dark) that varies with configuration!!
W/Resources( 2255): Preloaded drawable resource #0x10801cc (android:drawable/btn_star_off_disabled_holo_dark) that varies with configuration!!
W/Resources( 2255): Preloaded drawable resource #0x10801dc (android:drawable/btn_star_on_pressed_holo_dark) that varies with configuration!!
W/Resources( 2255): Preloaded drawable resource #0x10801d2 (android:drawable/btn_star_off_pressed_holo_dark) that varies with configuration!!
W/Resources( 2255): Preloaded drawable resource #0x10801d8 (android:drawable/btn_star_on_focused_holo_dark) that varies with configuration!!
W/Resources( 2255): Preloaded drawable resource #0x10801ce (android:drawable/btn_star_off_focused_holo_dark) that varies with configuration!!
W/Resources( 2255): Preloaded drawable resource #0x10801d4 (android:drawable/btn_star_on_disabled_focused_holo_dark) that varies with configuration!!
W/Resources( 2255): Preloaded drawable resource #0x10801d6 (android:drawable/btn_star_on_disabled_holo_dark) that varies with configuration!!
W/Resources( 2255): Preloaded drawable resource #0x10801ca (android:drawable/btn_star_off_disabled_focused_holo_dark) that varies with configuration!!
W/Resources( 2255): Preloaded drawable resource #0x10801cc (android:drawable/btn_star_off_disabled_holo_dark) that varies with configuration!!
W/Resources( 2255): Preloaded drawable resource #0x10801d0 (android:drawable/btn_star_off_normal_holo_dark) that varies with configuration!!
W/Resources( 2255): Preloaded drawable resource #0x10801da (android:drawable/btn_star_on_normal_holo_dark) that varies with configuration!!
W/Resources( 2255): Preloaded drawable resource #0x10801c7 (android:drawable/btn_star_holo_dark) that varies with configuration!!
D/dalvikvm( 2255): GC_EXPLICIT freed 86K, 5% free 2576K/2708K, paused 2ms+1ms, total 25ms
W/Resources( 2255): Preloaded drawable resource #0x10801f7 (android:drawable/btn_toggle_on_pressed_holo_light) that varies with configuration!!
W/Resources( 2255): Preloaded drawable resource #0x10801f6 (android:drawable/btn_toggle_on_pressed_holo_dark) that varies with configuration!!
W/Resources( 2255): Preloaded drawable resource #0x10801f5 (android:drawable/btn_toggle_on_normal_holo_light) that varies with configuration!!
W/Resources( 2255): Preloaded drawable resource #0x10801f4 (android:drawable/btn_toggle_on_normal_holo_dark) that varies with configuration!!
W/Resources( 2255): Preloaded drawable resource #0x10801f3 (android:drawable/btn_toggle_on_focused_holo_light) that varies with configuration!!
W/Resources( 2255): Preloaded drawable resource #0x10801f2 (android:drawable/btn_toggle_on_focused_holo_dark) that varies with configuration!!
W/Resources( 2255): Preloaded drawable resource #0x10801f1 (android:drawable/btn_toggle_on_disabled_holo_light) that varies with configuration!!
W/Resources( 2255): Preloaded drawable resource #0x10801f0 (android:drawable/btn_toggle_on_disabled_holo_dark) that varies with configuration!!
W/Resources( 2255): Preloaded drawable resource #0x10801ef (android:drawable/btn_toggle_on_disabled_focused_holo_light) that varies with configuration!!
W/Resources( 2255): Preloaded drawable resource #0x10801ee (android:drawable/btn_toggle_on_disabled_focused_holo_dark) that varies with configuration!!
D/dalvikvm( 2255): GC_EXPLICIT freed 18K, 4% free 2611K/2708K, paused 2ms+2ms, total 17ms
W/Resources( 2255): Preloaded drawable resource #0x10801ec (android:drawable/btn_toggle_off_pressed_holo_light) that varies with configuration!!
W/Resources( 2255): Preloaded drawable resource #0x10801eb (android:drawable/btn_toggle_off_pressed_holo_dark) that varies with configuration!!
W/Resources( 2255): Preloaded drawable resource #0x10801ea (android:drawable/btn_toggle_off_normal_holo_light) that varies with configuration!!
W/Resources( 2255): Preloaded drawable resource #0x10801e9 (android:drawable/btn_toggle_off_normal_holo_dark) that varies with configuration!!
W/Resources( 2255): Preloaded drawable resource #0x10801e8 (android:drawable/btn_toggle_off_focused_holo_light) that varies with configuration!!
W/Resources( 2255): Preloaded drawable resource #0x10801e7 (android:drawable/btn_toggle_off_focused_holo_dark) that varies with configuration!!
W/Resources( 2255): Preloaded drawable resource #0x10801e6 (android:drawable/btn_toggle_off_disabled_holo_light) that varies with configuration!!
W/Resources( 2255): Preloaded drawable resource #0x10801e5 (android:drawable/btn_toggle_off_disabled_holo_dark) that varies with configuration!!
W/Resources( 2255): Preloaded drawable resource #0x10801e4 (android:drawable/btn_toggle_off_disabled_focused_holo_light) that varies with configuration!!
W/Resources( 2255): Preloaded drawable resource #0x10801e3 (android:drawable/btn_toggle_off_disabled_focused_holo_dark) that varies with configuration!!
D/dalvikvm( 2255): GC_EXPLICIT freed 51K, 4% free 2613K/2708K, paused 1ms+2ms, total 19ms
W/Resources( 2255): Preloaded drawable resource #0x10801f5 (android:drawable/btn_toggle_on_normal_holo_light) that varies with configuration!!
W/Resources( 2255): Preloaded drawable resource #0x10801f1 (android:drawable/btn_toggle_on_disabled_holo_light) that varies with configuration!!
W/Resources( 2255): Preloaded drawable resource #0x10801f7 (android:drawable/btn_toggle_on_pressed_holo_light) that varies with configuration!!
W/Resources( 2255): Preloaded drawable resource #0x10801f3 (android:drawable/btn_toggle_on_focused_holo_light) that varies with configuration!!
W/Resources( 2255): Preloaded drawable resource #0x10801f5 (android:drawable/btn_toggle_on_normal_holo_light) that varies with configuration!!
W/Resources( 2255): Preloaded drawable resource #0x10801ef (android:drawable/btn_toggle_on_disabled_focused_holo_light) that varies with configuration!!
W/Resources( 2255): Preloaded drawable resource #0x10801f1 (android:drawable/btn_toggle_on_disabled_holo_light) that varies with configuration!!
W/Resources( 2255): Preloaded drawable resource #0x10801ea (android:drawable/btn_toggle_off_normal_holo_light) that varies with configuration!!
W/Resources( 2255): Preloaded drawable resource #0x10801e6 (android:drawable/btn_toggle_off_disabled_holo_light) that varies with configuration!!
W/Resources( 2255): Preloaded drawable resource #0x10801ec (android:drawable/btn_toggle_off_pressed_holo_light) that varies with configuration!!
W/Resources( 2255): Preloaded drawable resource #0x10801e8 (android:drawable/btn_toggle_off_focused_holo_light) that varies with configuration!!
W/Resources( 2255): Preloaded drawable resource #0x10801ea (android:drawable/btn_toggle_off_normal_holo_light) that varies with configuration!!
W/Resources( 2255): Preloaded drawable resource #0x10801e4 (android:drawable/btn_toggle_off_disabled_focused_holo_light) that varies with configuration!!
W/Resources( 2255): Preloaded drawable resource #0x10801e6 (android:drawable/btn_toggle_off_disabled_holo_light) that varies with configuration!!
W/Resources( 2255): Preloaded drawable resource #0x10801e1 (android:drawable/btn_toggle_holo_light) that varies with configuration!!
D/dalvikvm( 2255): GC_EXPLICIT freed 59K, 3% free 2628K/2708K, paused 1ms+3ms, total 24ms
W/Resources( 2255): Preloaded drawable resource #0x10801f4 (android:drawable/btn_toggle_on_normal_holo_dark) that varies with configuration!!
W/Resources( 2255): Preloaded drawable resource #0x10801f0 (android:drawable/btn_toggle_on_disabled_holo_dark) that varies with configuration!!
W/Resources( 2255): Preloaded drawable resource #0x10801f6 (android:drawable/btn_toggle_on_pressed_holo_dark) that varies with configuration!!
W/Resources( 2255): Preloaded drawable resource #0x10801f2 (android:drawable/btn_toggle_on_focused_holo_dark) that varies with configuration!!
W/Resources( 2255): Preloaded drawable resource #0x10801f4 (android:drawable/btn_toggle_on_normal_holo_dark) that varies with configuration!!
W/Resources( 2255): Preloaded drawable resource #0x10801ee (android:drawable/btn_toggle_on_disabled_focused_holo_dark) that varies with configuration!!
W/Resources( 2255): Preloaded drawable resource #0x10801f0 (android:drawable/btn_toggle_on_disabled_holo_dark) that varies with configuration!!
W/Resources( 2255): Preloaded drawable resource #0x10801e9 (android:drawable/btn_toggle_off_normal_holo_dark) that varies with configuration!!
W/Resources( 2255): Preloaded drawable resource #0x10801e5 (android:drawable/btn_toggle_off_disabled_holo_dark) that varies with configuration!!
W/Resources( 2255): Preloaded drawable resource #0x10801eb (android:drawable/btn_toggle_off_pressed_holo_dark) that varies with configuration!!
W/Resources( 2255): Preloaded drawable resource #0x10801e7 (android:drawable/btn_toggle_off_focused_holo_dark) that varies with configuration!!
W/Resources( 2255): Preloaded drawable resource #0x10801e9 (android:drawable/btn_toggle_off_normal_holo_dark) that varies with configuration!!
W/Resources( 2255): Preloaded drawable resource #0x10801e3 (android:drawable/btn_toggle_off_disabled_focused_holo_dark) that varies with configuration!!
W/Resources( 2255): Preloaded drawable resource #0x10801e5 (android:drawable/btn_toggle_off_disabled_holo_dark) that varies with configuration!!
W/Resources( 2255): Preloaded drawable resource #0x10801e0 (android:drawable/btn_toggle_holo_dark) that varies with configuration!!
D/dalvikvm( 2255): GC_EXPLICIT freed 75K, 4% free 2628K/2720K, paused 1ms+2ms, total 17ms
W/Resources( 2255): Preloaded drawable resource #0x108064c (android:drawable/textfield_multiline_default_holo_light) that varies with configuration!!
W/Resources( 2255): Preloaded drawable resource #0x1080650 (android:drawable/textfield_multiline_disabled_holo_light) that varies with configuration!!
W/Resources( 2255): Preloaded drawable resource #0x108064a (android:drawable/textfield_multiline_activated_holo_light) that varies with configuration!!
W/Resources( 2255): Preloaded drawable resource #0x1080652 (android:drawable/textfield_multiline_focused_holo_light) that varies with configuration!!
W/Resources( 2255): Preloaded drawable resource #0x108064c (android:drawable/textfield_multiline_default_holo_light) that varies with configuration!!
W/Resources( 2255): Preloaded drawable resource #0x108064e (android:drawable/textfield_multiline_disabled_focused_holo_light) that varies with configuration!!
W/Resources( 2255): Preloaded drawable resource #0x1080650 (android:drawable/textfield_multiline_disabled_holo_light) that varies with configuration!!
W/Resources( 2255): Preloaded drawable resource #0x108063f (android:drawable/textfield_default_holo_light) that varies with configuration!!
W/Resources( 2255): Preloaded drawable resource #0x1080644 (android:drawable/textfield_disabled_holo_light) that varies with configuration!!
W/Resources( 2255): Preloaded drawable resource #0x1080637 (android:drawable/textfield_activated_holo_light) that varies with configuration!!
W/Resources( 2255): Preloaded drawable resource #0x1080647 (android:drawable/textfield_focused_holo_light) that varies with configuration!!
W/Resources( 2255): Preloaded drawable resource #0x108063f (android:drawable/textfield_default_holo_light) that varies with configuration!!
W/Resources( 2255): Preloaded drawable resource #0x1080642 (android:drawable/textfield_disabled_focused_holo_light) that varies with configuration!!
W/Resources( 2255): Preloaded drawable resource #0x1080644 (android:drawable/textfield_disabled_holo_light) that varies with configuration!!
W/Resources( 2255): Preloaded drawable resource #0x1080258 (android:drawable/edit_text_holo_light) that varies with configuration!!
D/dalvikvm( 2255): GC_EXPLICIT freed 75K, 4% free 2629K/2720K, paused 2ms+1ms, total 21ms
W/Resources( 2255): Preloaded drawable resource #0x108064b (android:drawable/textfield_multiline_default_holo_dark) that varies with configuration!!
W/Resources( 2255): Preloaded drawable resource #0x108064f (android:drawable/textfield_multiline_disabled_holo_dark) that varies with configuration!!
W/Resources( 2255): Preloaded drawable resource #0x1080649 (android:drawable/textfield_multiline_activated_holo_dark) that varies with configuration!!
W/Resources( 2255): Preloaded drawable resource #0x1080651 (android:drawable/textfield_multiline_focused_holo_dark) that varies with configuration!!
