D/NetUtils( 2631): dhcp_do_request failed : eth0 (new)
E/EthernetStateTracker( 2631): DhcpHandler: DHCP request failed: Timed out waiting for DHCP to finish
D/EthernetStateTracker( 2631): DhcpHandler: DHCP request started
D/TouchD  ( 2320): Entering CheckVIDinlsusb()
D/TouchD  ( 2320): Command busybox lsusb | grep 0eef output to /dev/null failed.
D/TouchD  ( 2320): Entering CheckIniDevPID
D/TouchD  ( 2320): Entering CheckVIDinlsusb()
D/TouchD  ( 2320): Command busybox lsusb | grep 0eef output to /dev/null failed.
D/TouchD  ( 2320): Entering CheckIniDevPID
D/TouchD  ( 2320): Entering CheckVIDinlsusb()
D/TouchD  ( 2320): Command busybox lsusb | grep 0eef output to /dev/null failed.
D/TouchD  ( 2320): Entering CheckIniDevPID
D/TouchD  ( 2320): Entering CheckVIDinlsusb()
D/TouchD  ( 2320): Command busybox lsusb | grep 0eef output to /dev/null failed.
D/TouchD  ( 2320): Entering CheckIniDevPID
D/InitAlarmsService( 3026): Clearing and rescheduling alarms.
D/TouchD  ( 2320): Entering CheckVIDinlsusb()
D/TouchD  ( 2320): Command busybox lsusb | grep 0eef output to /dev/null failed.
D/TouchD  ( 2320): Entering CheckIniDevPID
D/TouchD  ( 2320): Entering CheckVIDinlsusb()
D/TouchD  ( 2320): Command busybox lsusb | grep 0eef output to /dev/null failed.
D/TouchD  ( 2320): Entering CheckIniDevPID
D/TouchD  ( 2320): Entering CheckVIDinlsusb()
D/TouchD  ( 2320): Command busybox lsusb | grep 0eef output to /dev/null failed.
D/TouchD  ( 2320): Entering CheckIniDevPID
D/TouchD  ( 2320): Entering CheckVIDinlsusb()
D/TouchD  ( 2320): Command busybox lsusb | grep 0eef output to /dev/null failed.
D/TouchD  ( 2320): Entering CheckIniDevPID
D/TouchD  ( 2320): Entering CheckVIDinlsusb()
D/TouchD  ( 2320): Command busybox lsusb | grep 0eef output to /dev/null failed.
D/TouchD  ( 2320): Entering CheckIniDevPID
D/TouchD  ( 2320): Entering CheckVIDinlsusb()
D/TouchD  ( 2320): Command busybox lsusb | grep 0eef output to /dev/null failed.
D/TouchD  ( 2320): Entering CheckIniDevPID
D/NetUtils( 2631): dhcp_do_request failed : eth0 (new)
E/EthernetStateTracker( 2631): DhcpHandler: DHCP request failed: Timed out waiting for DHCP to finish
D/TouchD  ( 2320): Entering CheckVIDinlsusb()
D/TouchD  ( 2320): Command busybox lsusb | grep 0eef output to /dev/null failed.
D/TouchD  ( 2320): Entering CheckIniDevPID
D/TouchD  ( 2320): Entering CheckVIDinlsusb()
D/TouchD  ( 2320): Command busybox lsusb | grep 0eef output to /dev/null failed.
D/TouchD  ( 2320): Entering CheckIniDevPID
W/SocketClient( 2252): write error (Broken pipe)
D/ConnectivityService( 2631): Sampling interval elapsed, updating statistics ..
D/ConnectivityService( 2631): Done.
D/ConnectivityService( 2631): Setting timer for 720seconds
D/dalvikvm( 2631): GC_CONCURRENT freed 429K, 10% free 5200K/5752K, paused 3ms+4ms, total 42ms
D/TouchD  ( 2320): Entering CheckVIDinlsusb()
D/TouchD  ( 2320): Command busybox lsusb | grep 0eef output to /dev/null failed.
D/TouchD  ( 2320): Entering CheckIniDevPID
I/MediaFocusControl( 2631):  AudioFocus  abandonAudioFocus() from android.media.AudioManager@420b4d78com.android.music.MediaPlaybackService$3@420b3bf8
I/ActivityManager( 2631): Start proc com.android.musicfx for broadcast com.android.musicfx/.ControlPanelReceiver: pid=3175 uid=10010 gids={50010, 3003, 3002}
V/MusicFXControlPanelReceiver( 3175): onReceive
V/MusicFXControlPanelReceiver( 3175): Action: android.media.action.CLOSE_AUDIO_EFFECT_CONTROL_SESSION
V/MusicFXControlPanelReceiver( 3175): Package name: com.android.music
V/MusicFXControlPanelReceiver( 3175): Audio session: 7
V/MusicFXControlPanelEffect( 3175): closeSession(android.app.ReceiverRestrictedContext@420b0070, com.android.music, 7)
D/TouchD  ( 2320): Entering CheckVIDinlsusb()
D/TouchD  ( 2320): Command busybox lsusb | grep 0eef output to /dev/null failed.
D/TouchD  ( 2320): Entering CheckIniDevPID
D/TouchD  ( 2320): Entering CheckVIDinlsusb()
D/TouchD  ( 2320): Command busybox lsusb | grep 0eef output to /dev/null failed.
D/TouchD  ( 2320): Entering CheckIniDevPID
D/TouchD  ( 2320): Entering CheckVIDinlsusb()
D/TouchD  ( 2320): Command busybox lsusb | grep 0eef output to /dev/null failed.
D/TouchD  ( 2320): Entering CheckIniDevPID
D/TouchD  ( 2320): Entering CheckVIDinlsusb()
D/TouchD  ( 2320): Command busybox lsusb | grep 0eef output to /dev/null failed.
D/TouchD  ( 2320): Entering CheckIniDevPID
D/TouchD  ( 2320): Entering CheckVIDinlsusb()
D/TouchD  ( 2320): Command busybox lsusb | grep 0eef output to /dev/null failed.
D/TouchD  ( 2320): Entering CheckIniDevPID
D/TouchD  ( 2320): Entering CheckVIDinlsusb()
D/TouchD  ( 2320): Command busybox lsusb | grep 0eef output to /dev/null failed.
D/TouchD  ( 2320): Entering CheckIniDevPID
D/TouchD  ( 2320): Entering CheckVIDinlsusb()
D/TouchD  ( 2320): Command busybox lsusb | grep 0eef output to /dev/null failed.
D/TouchD  ( 2320): Entering CheckIniDevPID
D/TouchD  ( 2320): Entering CheckVIDinlsusb()
D/TouchD  ( 2320): Command busybox lsusb | grep 0eef output to /dev/null failed.
D/TouchD  ( 2320): Entering CheckIniDevPID
D/TouchD  ( 2320): Entering CheckVIDinlsusb()
D/TouchD  ( 2320): Command busybox lsusb | grep 0eef output to /dev/null failed.
D/TouchD  ( 2320): Entering CheckIniDevPID
D/TouchD  ( 2320): Entering CheckVIDinlsusb()
D/TouchD  ( 2320): Command busybox lsusb | grep 0eef output to /dev/null failed.
D/TouchD  ( 2320): Entering CheckIniDevPID
D/TouchD  ( 2320): Entering CheckVIDinlsusb()
D/TouchD  ( 2320): Command busybox lsusb | grep 0eef output to /dev/null failed.
D/TouchD  ( 2320): Entering CheckIniDevPID
D/TouchD  ( 2320): Entering CheckVIDinlsusb()
D/TouchD  ( 2320): Command busybox lsusb | grep 0eef output to /dev/null failed.
D/TouchD  ( 2320): Entering CheckIniDevPID
D/TouchD  ( 2320): Entering CheckVIDinlsusb()
D/TouchD  ( 2320): Command busybox lsusb | grep 0eef output to /dev/null failed.
D/TouchD  ( 2320): Entering CheckIniDevPID
D/TouchD  ( 2320): Entering CheckVIDinlsusb()
D/TouchD  ( 2320): Command busybox lsusb | grep 0eef output to /dev/null failed.
D/TouchD  ( 2320): Entering CheckIniDevPID
D/TouchD  ( 2320): Entering CheckVIDinlsusb()
D/TouchD  ( 2320): Command busybox lsusb | grep 0eef output to /dev/null failed.
D/TouchD  ( 2320): Entering CheckIniDevPID
D/TouchD  ( 2320): Entering CheckVIDinlsusb()
D/TouchD  ( 2320): Command busybox lsusb | grep 0eef output to /dev/null failed.
D/TouchD  ( 2320): Entering CheckIniDevPID
D/TouchD  ( 2320): Entering CheckVIDinlsusb()
D/TouchD  ( 2320): Command busybox lsusb | grep 0eef output to /dev/null failed.
D/TouchD  ( 2320): Entering CheckIniDevPID
D/TouchD  ( 2320): Entering CheckVIDinlsusb()
D/TouchD  ( 2320): Command busybox lsusb | grep 0eef output to /dev/null failed.
D/TouchD  ( 2320): Entering CheckIniDevPID
D/TouchD  ( 2320): Entering CheckVIDinlsusb()
D/TouchD  ( 2320): Command busybox lsusb | grep 0eef output to /dev/null failed.
D/TouchD  ( 2320): Entering CheckIniDevPID
D/TouchD  ( 2320): Entering CheckVIDinlsusb()
D/TouchD  ( 2320): Command busybox lsusb | grep 0eef output to /dev/null failed.
D/TouchD  ( 2320): Entering CheckIniDevPID
D/TouchD  ( 2320): Entering CheckVIDinlsusb()
D/TouchD  ( 2320): Command busybox lsusb | grep 0eef output to /dev/null failed.
D/TouchD  ( 2320): Entering CheckIniDevPID
D/TouchD  ( 2320): Entering CheckVIDinlsusb()
D/TouchD  ( 2320): Command busybox lsusb | grep 0eef output to /dev/null failed.
D/TouchD  ( 2320): Entering CheckIniDevPID
D/TouchD  ( 2320): Entering CheckVIDinlsusb()
D/TouchD  ( 2320): Command busybox lsusb | grep 0eef output to /dev/null failed.
D/TouchD  ( 2320): Entering CheckIniDevPID
D/TouchD  ( 2320): Entering CheckVIDinlsusb()
D/TouchD  ( 2320): Command busybox lsusb | grep 0eef output to /dev/null failed.
D/TouchD  ( 2320): Entering CheckIniDevPID
D/TouchD  ( 2320): Entering CheckVIDinlsusb()
D/TouchD  ( 2320): Command busybox lsusb | grep 0eef output to /dev/null failed.
D/TouchD  ( 2320): Entering CheckIniDevPID
D/TouchD  ( 2320): Entering CheckVIDinlsusb()
D/TouchD  ( 2320): Command busybox lsusb | grep 0eef output to /dev/null failed.
D/TouchD  ( 2320): Entering CheckIniDevPID
D/TouchD  ( 2320): Entering CheckVIDinlsusb()
D/TouchD  ( 2320): Command busybox lsusb | grep 0eef output to /dev/null failed.
D/TouchD  ( 2320): Entering CheckIniDevPID
D/TouchD  ( 2320): Entering CheckVIDinlsusb()
D/TouchD  ( 2320): Command busybox lsusb | grep 0eef output to /dev/null failed.
D/TouchD  ( 2320): Entering CheckIniDevPID
D/TouchD  ( 2320): Entering CheckVIDinlsusb()
D/TouchD  ( 2320): Command busybox lsusb | grep 0eef output to /dev/null failed.
D/TouchD  ( 2320): Entering CheckIniDevPID
D/TouchD  ( 2320): Entering CheckVIDinlsusb()
D/TouchD  ( 2320): Command busybox lsusb | grep 0eef output to /dev/null failed.
D/TouchD  ( 2320): Entering CheckIniDevPID
D/TouchD  ( 2320): Entering CheckVIDinlsusb()
D/TouchD  ( 2320): Command busybox lsusb | grep 0eef output to /dev/null failed.
D/TouchD  ( 2320): Entering CheckIniDevPID
D/TouchD  ( 2320): Entering CheckVIDinlsusb()
D/TouchD  ( 2320): Command busybox lsusb | grep 0eef output to /dev/null failed.
D/TouchD  ( 2320): Entering CheckIniDevPID
D/TouchD  ( 2320): Entering CheckVIDinlsusb()
D/TouchD  ( 2320): Command busybox lsusb | grep 0eef output to /dev/null failed.
D/TouchD  ( 2320): Entering CheckIniDevPID
D/TouchD  ( 2320): Entering CheckVIDinlsusb()
D/TouchD  ( 2320): Command busybox lsusb | grep 0eef output to /dev/null failed.
D/TouchD  ( 2320): Entering CheckIniDevPID
W/ContextImpl( 2631): Calling a method in the system process without a qualified user: android.app.ContextImpl.sendBroadcast:1145 com.android.server.usb.UsbSettingsManager.deviceAttached:621 com.android.server.usb.UsbHostManager.usbDeviceAdded:156 com.android.server.usb.UsbHostManager.monitorUsbHostBus:-2 com.android.server.usb.UsbHostManager.access$000:38 
D/Vold    ( 2251): Volume udisk state changing 0 (No-Media) -> 2 (Pending)
D/Vold    ( 2251): Volume udisk state changing 2 (Pending) -> 1 (Idle-Unmounted)
D/MountService( 2631): volume state changed for /storage/udisk (removed -> unmounted)
D/MountService( 2631): sendStorageIntent Intent { act=android.intent.action.MEDIA_UNMOUNTED dat=file:///storage/udisk (has extras) } to UserHandle{-1}
I/Vold    ( 2251): /dev/block/vold/8:1 being considered for volume udisk
D/Vold    ( 2251): Volume udisk state changing 1 (Idle-Unmounted) -> 3 (Checking)
D/MountService( 2631): volume state changed for /storage/udisk (unmounted -> checking)
D/MountService( 2631): sendStorageIntent Intent { act=android.intent.action.MEDIA_CHECKING dat=file:///storage/udisk (has extras) } to UserHandle{-1}
I/fsck_msdos( 2251): ** /dev/block/vold/8:1
I/ActivityManager( 2631): Start proc com.android.externalstorage for broadcast com.android.externalstorage/.MountReceiver: pid=3322 uid=10006 gids={50006, 1028, 1015, 1023}
I/fsck_msdos( 2251): ** Phase 1 - Read and Compare FATs
I/fsck_msdos( 2251): Attempting to allocate 3784 KB for FAT
D/ExternalStorage( 3322): After updating volumes, found 1 active roots
D/ExternalStorage( 3322): After updating volumes, found 1 active roots
D/MediaScannerReceiver( 2796): action: android.intent.action.MEDIA_UNMOUNTED path: /mnt/media_rw/udisk
I/fsck_msdos( 2251): Attempting to allocate 3784 KB for FAT
I/fsck_msdos( 2251): ** Phase 2 - Check Cluster Chains
I/fsck_msdos( 2251): ** Phase 3 - Checking Directories
I/fsck_msdos( 2251): ** Phase 4 - Checking for Lost Files
I/fsck_msdos( 2251): 43 files, 3593284 free (898321 clusters)
I/Vold    ( 2251): Filesystem check completed OK
W/Vold    ( 2251): The SD card is world-writable because the 'persist.sampling_profiler' system property is set to '1'.
D/Vold    ( 2251): blkid identified as /dev/block/vold/8:1: LABEL="LOONGSON" UUID="E6B5-80CF" TYPE="vfat" 
D/Vold    ( 2251): Volume udisk state changing 3 (Checking) -> 4 (Mounted)
D/MountService( 2631): volume state changed for /storage/udisk (checking -> mounted)
D/MountService( 2631): sendStorageIntent Intent { act=android.intent.action.MEDIA_MOUNTED dat=file:///storage/udisk (has extras) } to UserHandle{-1}
D/ExternalStorage( 3322): After updating volumes, found 2 active roots
E/VoldConnector( 2631): NDC Command {3 volume mount /storage/udisk} took too long (1050ms)
D/MediaScannerReceiver( 2796): action: android.intent.action.MEDIA_MOUNTED path: /mnt/media_rw/udisk
D/dalvikvm( 2796): GC_CONCURRENT freed 381K, 13% free 3032K/3476K, paused 2ms+2ms, total 17ms
V/MediaScanner( 2796): pruneDeadThumbnailFiles... android.database.sqlite.SQLiteCursor@42141e68
V/MediaScanner( 2796): /pruneDeadThumbnailFiles... android.database.sqlite.SQLiteCursor@42141e68
D/TouchD  ( 2320): Entering CheckVIDinlsusb()
D/TouchD  ( 2320): Command busybox lsusb | grep 0eef output to /dev/null failed.
D/TouchD  ( 2320): Entering CheckIniDevPID
D/TouchD  ( 2320): Entering CheckVIDinlsusb()
D/TouchD  ( 2320): Command busybox lsusb | grep 0eef output to /dev/null failed.
D/TouchD  ( 2320): Entering CheckIniDevPID
D/DirectVolume( 2251): Volume udisk /mnt/media_rw/udisk partition 8:1 removed
D/Vold    ( 2251): Volume udisk state changing 4 (Mounted) -> 5 (Unmounting)
D/MountService( 2631): volume state changed for /storage/udisk (mounted -> unmounted)
D/MountService( 2631): sendStorageIntent Intent { act=android.intent.action.MEDIA_UNMOUNTED dat=file:///storage/udisk (has extras) } to UserHandle{-1}
D/MountService( 2631): volume state changed for /storage/udisk (unmounted -> bad_removal)
D/MountService( 2631): sendStorageIntent Intent { act=android.intent.action.MEDIA_BAD_REMOVAL dat=file:///storage/udisk (has extras) } to UserHandle{-1}
D/ExternalStorage( 3322): After updating volumes, found 1 active roots
D/MediaScannerReceiver( 2796): action: android.intent.action.MEDIA_UNMOUNTED path: /mnt/media_rw/udisk
D/MediaProvider( 2796): deleting all entries for storage StorageVolume:
D/MediaProvider( 2796):     mStorageId=131073 mPath=/storage/udisk mDescriptionId=17040680 
D/MediaProvider( 2796):     mPrimary=false mRemovable=true mEmulated=false mMtpReserveSpace=0 
D/MediaProvider( 2796):     mAllowMassStorage=false mMaxFileSize=0 mOwner=null mUuid=E6B5-80CF 
D/MediaProvider( 2796):     mUserLabel=LOONGSON mState=bad_removal 
D/MountService( 2631): sendStorageIntent Intent { act=android.intent.action.MEDIA_EJECT dat=file:///storage/udisk (has extras) } to UserHandle{-1}
D/TouchD  ( 2320): Entering CheckVIDinlsusb()
D/TouchD  ( 2320): Command busybox lsusb | grep 0eef output to /dev/null failed.
D/TouchD  ( 2320): Entering CheckIniDevPID
I/Vold    ( 2251): /storage/udisk sucessfully unmounted
I/Vold    ( 2251): /mnt/media_rw/udisk sucessfully unmounted
I/Vold    ( 2251): /mnt/media_rw/udisk unmounted successfully
D/Vold    ( 2251): Volume udisk state changing 5 (Unmounting) -> 1 (Idle-Unmounted)
D/DirectVolume( 2251): Crisis averted
D/DirectVolume( 2251): Volume udisk /mnt/media_rw/udisk disk 8:0 removed
D/Vold    ( 2251): Volume udisk state changing 1 (Idle-Unmounted) -> 0 (No-Media)
D/TouchD  ( 2320): Entering CheckVIDinlsusb()
D/TouchD  ( 2320): Command busybox lsusb | grep 0eef output to /dev/null failed.
D/TouchD  ( 2320): Entering CheckIniDevPID
D/TouchD  ( 2320): Entering CheckVIDinlsusb()
D/TouchD  ( 2320): Command busybox lsusb | grep 0eef output to /dev/null failed.
D/TouchD  ( 2320): Entering CheckIniDevPID
D/TouchD  ( 2320): Entering CheckVIDinlsusb()
D/TouchD  ( 2320): Command busybox lsusb | grep 0eef output to /dev/null failed.
D/TouchD  ( 2320): Entering CheckIniDevPID
D/TouchD  ( 2320): Entering CheckVIDinlsusb()
D/TouchD  ( 2320): Command busybox lsusb | grep 0eef output to /dev/null failed.
D/TouchD  ( 2320): Entering CheckIniDevPID
W/ContextImpl( 2631): Calling a method in the system process without a qualified user: android.app.ContextImpl.sendBroadcast:1145 com.android.server.usb.UsbSettingsManager.deviceAttached:621 com.android.server.usb.UsbHostManager.usbDeviceAdded:156 com.android.server.usb.UsbHostManager.monitorUsbHostBus:-2 com.android.server.usb.UsbHostManager.access$000:38 
D/Vold    ( 2251): Volume udisk state changing 0 (No-Media) -> 2 (Pending)
D/Vold    ( 2251): Volume udisk state changing 2 (Pending) -> 1 (Idle-Unmounted)
I/Vold    ( 2251): /dev/block/vold/8:1 being considered for volume udisk
D/Vold    ( 2251): Volume udisk state changing 1 (Idle-Unmounted) -> 3 (Checking)
D/MountService( 2631): volume state changed for /storage/udisk (bad_removal -> checking)
D/MountService( 2631): sendStorageIntent Intent { act=android.intent.action.MEDIA_CHECKING dat=file:///storage/udisk (has extras) } to UserHandle{-1}
I/fsck_msdos( 2251): ** /dev/block/vold/8:1
I/fsck_msdos( 2251): ** Phase 1 - Read and Compare FATs
I/fsck_msdos( 2251): Attempting to allocate 3784 KB for FAT
I/fsck_msdos( 2251): Attempting to allocate 3784 KB for FAT
I/fsck_msdos( 2251): ** Phase 2 - Check Cluster Chains
I/fsck_msdos( 2251): ** Phase 3 - Checking Directories
I/fsck_msdos( 2251): ** Phase 4 - Checking for Lost Files
I/fsck_msdos( 2251): 43 files, 3593284 free (898321 clusters)
I/Vold    ( 2251): Filesystem check completed OK
W/Vold    ( 2251): The SD card is world-writable because the 'persist.sampling_profiler' system property is set to '1'.
D/Vold    ( 2251): blkid identified as /dev/block/vold/8:1: LABEL="LOONGSON" UUID="E6B5-80CF" TYPE="vfat" 
D/Vold    ( 2251): Volume udisk state changing 3 (Checking) -> 4 (Mounted)
D/MountService( 2631): volume state changed for /storage/udisk (checking -> mounted)
D/MountService( 2631): sendStorageIntent Intent { act=android.intent.action.MEDIA_MOUNTED dat=file:///storage/udisk (has extras) } to UserHandle{-1}
E/VoldConnector( 2631): NDC Command {4 volume mount /storage/udisk} took too long (1003ms)
D/ExternalStorage( 3322): After updating volumes, found 2 active roots
D/MediaScannerReceiver( 2796): action: android.intent.action.MEDIA_MOUNTED path: /mnt/media_rw/udisk
D/dalvikvm( 2796): GC_CONCURRENT freed 476K, 16% free 2973K/3512K, paused 1ms+2ms, total 17ms
V/MediaScanner( 2796): pruneDeadThumbnailFiles... android.database.sqlite.SQLiteCursor@42122638
V/MediaScanner( 2796): /pruneDeadThumbnailFiles... android.database.sqlite.SQLiteCursor@42122638
D/TouchD  ( 2320): Entering CheckVIDinlsusb()
D/TouchD  ( 2320): Command busybox lsusb | grep 0eef output to /dev/null failed.
D/TouchD  ( 2320): Entering CheckIniDevPID
D/TouchD  ( 2320): Entering CheckVIDinlsusb()
D/TouchD  ( 2320): Command busybox lsusb | grep 0eef output to /dev/null failed.
D/TouchD  ( 2320): Entering CheckIniDevPID
D/TouchD  ( 2320): Entering CheckVIDinlsusb()
D/TouchD  ( 2320): Command busybox lsusb | grep 0eef output to /dev/null failed.
D/TouchD  ( 2320): Entering CheckIniDevPID
D/TouchD  ( 2320): Entering CheckVIDinlsusb()
D/TouchD  ( 2320): Command busybox lsusb | grep 0eef output to /dev/null failed.
D/TouchD  ( 2320): Entering CheckIniDevPID
D/DirectVolume( 2251): Volume udisk /mnt/media_rw/udisk partition 8:1 removed
D/Vold    ( 2251): Volume udisk state changing 4 (Mounted) -> 5 (Unmounting)
D/MountService( 2631): volume state changed for /storage/udisk (mounted -> unmounted)
D/MountService( 2631): sendStorageIntent Intent { act=android.intent.action.MEDIA_UNMOUNTED dat=file:///storage/udisk (has extras) } to UserHandle{-1}
D/ExternalStorage( 3322): After updating volumes, found 1 active roots
D/MountService( 2631): volume state changed for /storage/udisk (unmounted -> bad_removal)
D/MountService( 2631): sendStorageIntent Intent { act=android.intent.action.MEDIA_BAD_REMOVAL dat=file:///storage/udisk (has extras) } to UserHandle{-1}
D/MountService( 2631): sendStorageIntent Intent { act=android.intent.action.MEDIA_EJECT dat=file:///storage/udisk (has extras) } to UserHandle{-1}
D/MediaProvider( 2796): deleting all entries for storage StorageVolume:
D/MediaProvider( 2796):     mStorageId=131073 mPath=/storage/udisk mDescriptionId=17040680 
D/MediaProvider( 2796):     mPrimary=false mRemovable=true mEmulated=false mMtpReserveSpace=0 
D/MediaProvider( 2796):     mAllowMassStorage=false mMaxFileSize=0 mOwner=null mUuid=E6B5-80CF 
D/MediaProvider( 2796):     mUserLabel=LOONGSON mState=bad_removal 
D/MediaScannerReceiver( 2796): action: android.intent.action.MEDIA_UNMOUNTED path: /mnt/media_rw/udisk
D/TouchD  ( 2320): Entering CheckVIDinlsusb()
D/TouchD  ( 2320): Command busybox lsusb | grep 0eef output to /dev/null failed.
D/TouchD  ( 2320): Entering CheckIniDevPID
I/Vold    ( 2251): /storage/udisk sucessfully unmounted
I/Vold    ( 2251): /mnt/media_rw/udisk sucessfully unmounted
I/Vold    ( 2251): /mnt/media_rw/udisk unmounted successfully
D/Vold    ( 2251): Volume udisk state changing 5 (Unmounting) -> 1 (Idle-Unmounted)
D/DirectVolume( 2251): Crisis averted
D/DirectVolume( 2251): Volume udisk /mnt/media_rw/udisk disk 8:0 removed
D/Vold    ( 2251): Volume udisk state changing 1 (Idle-Unmounted) -> 0 (No-Media)
D/TouchD  ( 2320): Entering CheckVIDinlsusb()
D/TouchD  ( 2320): Command busybox lsusb | grep 0eef output to /dev/null failed.
D/TouchD  ( 2320): Entering CheckIniDevPID
D/TouchD  ( 2320): Entering CheckVIDinlsusb()
D/TouchD  ( 2320): Command busybox lsusb | grep 0eef output to /dev/null failed.
D/TouchD  ( 2320): Entering CheckIniDevPID
D/TouchD  ( 2320): Entering CheckVIDinlsusb()
D/TouchD  ( 2320): Command busybox lsusb | grep 0eef output to /dev/null failed.
D/TouchD  ( 2320): Entering CheckIniDevPID
D/TouchD  ( 2320): Entering CheckVIDinlsusb()
D/TouchD  ( 2320): Command busybox lsusb | grep 0eef output to /dev/null failed.
D/TouchD  ( 2320): Entering CheckIniDevPID
D/TouchD  ( 2320): Entering CheckVIDinlsusb()
D/TouchD  ( 2320): Command busybox lsusb | grep 0eef output to /dev/null failed.
D/TouchD  ( 2320): Entering CheckIniDevPID
D/TouchD  ( 2320): Entering CheckVIDinlsusb()
D/TouchD  ( 2320): Command busybox lsusb | grep 0eef output to /dev/null failed.
D/TouchD  ( 2320): Entering CheckIniDevPID
D/TouchD  ( 2320): Entering CheckVIDinlsusb()
D/TouchD  ( 2320): Command busybox lsusb | grep 0eef output to /dev/null failed.
D/TouchD  ( 2320): Entering CheckIniDevPID
D/TouchD  ( 2320): Entering CheckVIDinlsusb()
D/TouchD  ( 2320): Command busybox lsusb | grep 0eef output to /dev/null failed.
D/TouchD  ( 2320): Entering CheckIniDevPID
D/TouchD  ( 2320): Entering CheckVIDinlsusb()
D/TouchD  ( 2320): Command busybox lsusb | grep 0eef output to /dev/null failed.
D/TouchD  ( 2320): Entering CheckIniDevPID
D/TouchD  ( 2320): Entering CheckVIDinlsusb()
D/TouchD  ( 2320): Command busybox lsusb | grep 0eef output to /dev/null failed.
D/TouchD  ( 2320): Entering CheckIniDevPID
D/TouchD  ( 2320): Entering CheckVIDinlsusb()
D/TouchD  ( 2320): Command busybox lsusb | grep 0eef output to /dev/null failed.
D/TouchD  ( 2320): Entering CheckIniDevPID
D/TouchD  ( 2320): Command busybox lsusb | grep 0eef output to /dev/null failed.
D/TouchD  ( 2320): Entering CheckIniDevPID
D/TouchD  ( 2320): Entering CheckVIDinlsusb()
D/TouchD  ( 2320): Entering CheckVIDinlsusb()
D/TouchD  ( 2320): Command busybox lsusb | grep 0eef output to /dev/null failed.
D/TouchD  ( 2320): Entering CheckIniDevPID
D/TouchD  ( 2320): Entering CheckVIDinlsusb()
D/TouchD  ( 2320): Command busybox lsusb | grep 0eef output to /dev/null failed.
D/TouchD  ( 2320): Entering CheckIniDevPID
D/TouchD  ( 2320): Entering CheckVIDinlsusb()
D/TouchD  ( 2320): Command busybox lsusb | grep 0eef output to /dev/null failed.
D/TouchD  ( 2320): Entering CheckIniDevPID
D/TouchD  ( 2320): Entering CheckVIDinlsusb()
D/TouchD  ( 2320): Command busybox lsusb | grep 0eef output to /dev/null failed.
D/TouchD  ( 2320): Entering CheckIniDevPID
D/TouchD  ( 2320): Entering CheckVIDinlsusb()
D/TouchD  ( 2320): Command busybox lsusb | grep 0eef output to /dev/null failed.
D/TouchD  ( 2320): Entering CheckIniDevPID
D/TouchD  ( 2320): Entering CheckVIDinlsusb()
D/TouchD  ( 2320): Command busybox lsusb | grep 0eef output to /dev/null failed.
D/TouchD  ( 2320): Entering CheckIniDevPID
D/TouchD  ( 2320): Entering CheckVIDinlsusb()
D/TouchD  ( 2320): Command busybox lsusb | grep 0eef output to /dev/null failed.
D/TouchD  ( 2320): Entering CheckIniDevPID
D/TouchD  ( 2320): Entering CheckVIDinlsusb()
D/TouchD  ( 2320): Command busybox lsusb | grep 0eef output to /dev/null failed.
D/TouchD  ( 2320): Entering CheckIniDevPID
D/TouchD  ( 2320): Entering CheckVIDinlsusb()
D/TouchD  ( 2320): Command busybox lsusb | grep 0eef output to /dev/null failed.
D/TouchD  ( 2320): Entering CheckIniDevPID
D/TouchD  ( 2320): Entering CheckVIDinlsusb()
D/TouchD  ( 2320): Command busybox lsusb | grep 0eef output to /dev/null failed.
D/TouchD  ( 2320): Entering CheckIniDevPID
D/TouchD  ( 2320): Entering CheckVIDinlsusb()
D/TouchD  ( 2320): Command busybox lsusb | grep 0eef output to /dev/null failed.
D/TouchD  ( 2320): Entering CheckIniDevPID
D/TouchD  ( 2320): Entering CheckVIDinlsusb()
D/TouchD  ( 2320): Command busybox lsusb | grep 0eef output to /dev/null failed.
D/TouchD  ( 2320): Entering CheckIniDevPID
D/TouchD  ( 2320): Entering CheckVIDinlsusb()
D/TouchD  ( 2320): Command busybox lsusb | grep 0eef output to /dev/null failed.
D/TouchD  ( 2320): Entering CheckIniDevPID
D/TouchD  ( 2320): Entering CheckVIDinlsusb()
D/TouchD  ( 2320): Command busybox lsusb | grep 0eef output to /dev/null failed.
D/TouchD  ( 2320): Entering CheckIniDevPID
W/ContextImpl( 2631): Calling a method in the system process without a qualified user: android.app.ContextImpl.sendBroadcast:1145 com.android.server.usb.UsbSettingsManager.deviceAttached:621 com.android.server.usb.UsbHostManager.usbDeviceAdded:156 com.android.server.usb.UsbHostManager.monitorUsbHostBus:-2 com.android.server.usb.UsbHostManager.access$000:38 
D/Vold    ( 2251): Volume udisk state changing 0 (No-Media) -> 1 (Idle-Unmounted)
I/Vold    ( 2251): /dev/block/vold/8:0 being considered for volume udisk
D/Vold    ( 2251): Volume udisk state changing 1 (Idle-Unmounted) -> 3 (Checking)
D/MountService( 2631): volume state changed for /storage/udisk (bad_removal -> checking)
D/MountService( 2631): sendStorageIntent Intent { act=android.intent.action.MEDIA_CHECKING dat=file:///storage/udisk (has extras) } to UserHandle{-1}
I/fsck_msdos( 2251): ** /dev/block/vold/8:0
I/fsck_msdos( 2251): ** Phase 1 - Read and Compare FATs
I/fsck_msdos( 2251): Attempting to allocate 980 KB for FAT
I/fsck_msdos( 2251): Attempting to allocate 980 KB for FAT
I/fsck_msdos( 2251): ** Phase 2 - Check Cluster Chains
I/fsck_msdos( 2251): ** Phase 3 - Checking Directories
I/fsck_msdos( 2251): ** Phase 4 - Checking for Lost Files
I/fsck_msdos( 2251): 3 files, 997048 free (249262 clusters)
I/Vold    ( 2251): Filesystem check completed OK
W/Vold    ( 2251): The SD card is world-writable because the 'persist.sampling_profiler' system property is set to '1'.
D/Vold    ( 2251): blkid identified as /dev/block/vold/8:0: UUID="5275-9071" TYPE="vfat" 
D/Vold    ( 2251): Volume udisk state changing 3 (Checking) -> 4 (Mounted)
D/MountService( 2631): volume state changed for /storage/udisk (checking -> mounted)
D/MountService( 2631): sendStorageIntent Intent { act=android.intent.action.MEDIA_MOUNTED dat=file:///storage/udisk (has extras) } to UserHandle{-1}
E/VoldConnector( 2631): NDC Command {5 volume mount /storage/udisk} took too long (647ms)
D/ExternalStorage( 3322): After updating volumes, found 2 active roots
D/MediaScannerReceiver( 2796): action: android.intent.action.MEDIA_MOUNTED path: /mnt/media_rw/udisk
D/dalvikvm( 2796): GC_CONCURRENT freed 427K, 16% free 2956K/3512K, paused 2ms+4ms, total 37ms
V/MediaScanner( 2796): pruneDeadThumbnailFiles... android.database.sqlite.SQLiteCursor@420fca70
V/MediaScanner( 2796): /pruneDeadThumbnailFiles... android.database.sqlite.SQLiteCursor@420fca70
D/TouchD  ( 2320): Entering CheckVIDinlsusb()
D/TouchD  ( 2320): Command busybox lsusb | grep 0eef output to /dev/null failed.
D/TouchD  ( 2320): Entering CheckIniDevPID
D/TouchD  ( 2320): Entering CheckVIDinlsusb()
D/TouchD  ( 2320): Command busybox lsusb | grep 0eef output to /dev/null failed.
D/TouchD  ( 2320): Entering CheckIniDevPID
D/DirectVolume( 2251): Volume udisk /mnt/media_rw/udisk disk 8:0 removed
D/Vold    ( 2251): Volume udisk state changing 4 (Mounted) -> 0 (No-Media)
D/MountService( 2631): volume state changed for /storage/udisk (mounted -> unmounted)
D/MountService( 2631): sendStorageIntent Intent { act=unmounted dat=file:///storage/udisk (has extras) } to UserHandle{-1}
D/MountService( 2631): volume state changed for /storage/udisk (unmounted -> removed)
D/MountService( 2631): sendStorageIntent Intent { act=android.intent.action.MEDIA_REMOVED dat=file:///storage/udisk (has extras) } to UserHandle{-1}
D/dalvikvm( 2631): GC_CONCURRENT freed 477K, 10% free 5241K/5788K, paused 2ms+3ms, total 57ms
D/TouchD  ( 2320): Entering CheckVIDinlsusb()
D/TouchD  ( 2320): Command busybox lsusb | grep 0eef output to /dev/null failed.
D/TouchD  ( 2320): Entering CheckIniDevPID
D/TouchD  ( 2320): Entering CheckVIDinlsusb()
D/TouchD  ( 2320): Command busybox lsusb | grep 0eef output to /dev/null failed.
D/TouchD  ( 2320): Entering CheckIniDevPID
